Archive member included because of file (symbol)

.\CortexM0\ARM_GCC_484\Debug\ANCS Demo.a(cyfitter_cfg.o)
                              .\CortexM0\ARM_GCC_484\Debug\Cm0Start.o (cyfitter_cfg)
.\CortexM0\ARM_GCC_484\Debug\ANCS Demo.a(BLE.o)
                              .\CortexM0\ARM_GCC_484\Debug\main.o (cyBle_discoveryData)
.\CortexM0\ARM_GCC_484\Debug\ANCS Demo.a(BLE_gatt.o)
                              .\CortexM0\ARM_GCC_484\Debug\main.o (cyBle_state)
.\CortexM0\ARM_GCC_484\Debug\ANCS Demo.a(BLE_eventHandler.o)
                              .\CortexM0\ARM_GCC_484\Debug\main.o (cyBle_connHandle)
.\CortexM0\ARM_GCC_484\Debug\ANCS Demo.a(WakeupPin.o)
                              .\CortexM0\ARM_GCC_484\Debug\main.o (WakeupPin_ClearInterrupt)
.\CortexM0\ARM_GCC_484\Debug\ANCS Demo.a(WakeupPinInterrupt.o)
                              .\CortexM0\ARM_GCC_484\Debug\main.o (WakeupPinInterrupt_Start)
.\CortexM0\ARM_GCC_484\Debug\ANCS Demo.a(UART.o)
                              .\CortexM0\ARM_GCC_484\Debug\main.o (UART_Start)
.\CortexM0\ARM_GCC_484\Debug\ANCS Demo.a(UART_SPI_UART.o)
                              .\CortexM0\ARM_GCC_484\Debug\main.o (UART_SpiUartWriteTxData)
.\CortexM0\ARM_GCC_484\Debug\ANCS Demo.a(UART_UART.o)
                              .\CortexM0\ARM_GCC_484\Debug\ANCS Demo.a(UART.o) (UART_UartInit)
.\CortexM0\ARM_GCC_484\Debug\ANCS Demo.a(CyBootAsmGnu.o)
                              .\CortexM0\ARM_GCC_484\Debug\ANCS Demo.a(cyfitter_cfg.o) (CyDelayCycles)
.\CortexM0\ARM_GCC_484\Debug\ANCS Demo.a(CyLib.o)
                              .\CortexM0\ARM_GCC_484\Debug\ANCS Demo.a(cyfitter_cfg.o) (CyDelayUs)
.\CortexM0\ARM_GCC_484\Debug\ANCS Demo.a(cyPm.o)
                              .\CortexM0\ARM_GCC_484\Debug\main.o (CySysPmSleep)
C:\Program Files (x86)\Cypress\PSoC Creator\3.1\PSoC Creator\psoc\content\cycomponentlibrary\CyComponentLibrary.cylib\BLE_v1_20\Library\gccCyBLEStack_BLE_SOC_PERIPHERAL.a(CyBle.o)
                              .\CortexM0\ARM_GCC_484\Debug\main.o (CyBle_EnterLPM)
C:\Program Files (x86)\Cypress\PSoC Creator\3.1\PSoC Creator\psoc\content\cycomponentlibrary\CyComponentLibrary.cylib\BLE_v1_20\Library\gccCyBLEStack_BLE_SOC_PERIPHERAL.a(CyBleStackMgrIP_Interface.o)
                              C:\Program Files (x86)\Cypress\PSoC Creator\3.1\PSoC Creator\psoc\content\cycomponentlibrary\CyComponentLibrary.cylib\BLE_v1_20\Library\gccCyBLEStack_BLE_SOC_PERIPHERAL.a(CyBle.o) (CyBleStackMgr_BleGetConfigData)
C:\Program Files (x86)\Cypress\PSoC Creator\3.1\PSoC Creator\psoc\content\cycomponentlibrary\CyComponentLibrary.cylib\BLE_v1_20\Library\gccCyBLEStack_BLE_SOC_PERIPHERAL.a(BT_os.o)
                              C:\Program Files (x86)\Cypress\PSoC Creator\3.1\PSoC Creator\psoc\content\cycomponentlibrary\CyComponentLibrary.cylib\BLE_v1_20\Library\gccCyBLEStack_BLE_SOC_PERIPHERAL.a(CyBleStackMgrIP_Interface.o) (bt_stack_init_os)
C:\Program Files (x86)\Cypress\PSoC Creator\3.1\PSoC Creator\psoc\content\cycomponentlibrary\CyComponentLibrary.cylib\BLE_v1_20\Library\gccCyBLEStack_BLE_SOC_PERIPHERAL.a(CyBleStackMgr_StackTaskHandler.o)
                              C:\Program Files (x86)\Cypress\PSoC Creator\3.1\PSoC Creator\psoc\content\cycomponentlibrary\CyComponentLibrary.cylib\BLE_v1_20\Library\gccCyBLEStack_BLE_SOC_PERIPHERAL.a(CyBleStackMgrIP_Interface.o) (CyBle_CreateBleStackTask)
C:\Program Files (x86)\Cypress\PSoC Creator\3.1\PSoC Creator\psoc\content\cycomponentlibrary\CyComponentLibrary.cylib\BLE_v1_20\Library\gccCyBLEStack_BLE_SOC_PERIPHERAL.a(transport_sf.o)
                              C:\Program Files (x86)\Cypress\PSoC Creator\3.1\PSoC Creator\psoc\content\cycomponentlibrary\CyComponentLibrary.cylib\BLE_v1_20\Library\gccCyBLEStack_BLE_SOC_PERIPHERAL.a(CyBleStackMgr_StackTaskHandler.o) (hci_soft_transport_notify_data_received)
C:\Program Files (x86)\Cypress\PSoC Creator\3.1\PSoC Creator\psoc\content\cycomponentlibrary\CyComponentLibrary.cylib\BLE_v1_20\Library\gccCyBLEStack_BLE_SOC_PERIPHERAL.a(CyBleStackMgr_PSoCHal.o)
                              C:\Program Files (x86)\Cypress\PSoC Creator\3.1\PSoC Creator\psoc\content\cycomponentlibrary\CyComponentLibrary.cylib\BLE_v1_20\Library\gccCyBLEStack_BLE_SOC_PERIPHERAL.a(CyBleStackMgrIP_Interface.o) (CyBleStackMgr_HalInit)
C:\Program Files (x86)\Cypress\PSoC Creator\3.1\PSoC Creator\psoc\content\cycomponentlibrary\CyComponentLibrary.cylib\BLE_v1_20\Library\gccCyBLEStack_BLE_SOC_PERIPHERAL.a(CyBleStackMgr_BleSSDriver.o)
                              C:\Program Files (x86)\Cypress\PSoC Creator\3.1\PSoC Creator\psoc\content\cycomponentlibrary\CyComponentLibrary.cylib\BLE_v1_20\Library\gccCyBLEStack_BLE_SOC_PERIPHERAL.a(CyBleStackMgrIP_Interface.o) (CyBleStackMgr_BleSSInit)
C:\Program Files (x86)\Cypress\PSoC Creator\3.1\PSoC Creator\psoc\content\cycomponentlibrary\CyComponentLibrary.cylib\BLE_v1_20\Library\gccCyBLEStack_BLE_SOC_PERIPHERAL.a(config_bin.o)
[...]
Memory Configuration

Name             Origin             Length             Attributes
rom              0x00000000         0x00020000         xr
ram              0x20000000         0x00004000         xrw
*default*        0x00000000         0xffffffff

Linker script and memory map

LOAD c:/program files (x86)/cypress/psoc creator/3.1/psoc creator/import/gnu_cs/arm/4.8.4/bin/../lib/gcc/arm-none-eabi/4.8.4/armv6-m/crti.o
LOAD c:/program files (x86)/cypress/psoc creator/3.1/psoc creator/import/gnu_cs/arm/4.8.4/bin/../lib/gcc/arm-none-eabi/4.8.4/armv6-m/crtbegin.o
LOAD c:/program files (x86)/cypress/psoc creator/3.1/psoc creator/import/gnu_cs/arm/4.8.4/bin/../lib/gcc/arm-none-eabi/4.8.4/../../../../arm-none-eabi/lib/armv6-m/crt0.o
START GROUP
LOAD .\CortexM0\ARM_GCC_484\Debug\main.o
LOAD .\CortexM0\ARM_GCC_484\Debug\ANCS.o
LOAD .\CortexM0\ARM_GCC_484\Debug\common.o
LOAD .\CortexM0\ARM_GCC_484\Debug\cymetadata.o
LOAD .\CortexM0\ARM_GCC_484\Debug\Cm0Start.o
LOAD .\CortexM0\ARM_GCC_484\Debug\ANCS Demo.a
LOAD C:\Program Files (x86)\Cypress\PSoC Creator\3.1\PSoC Creator\psoc\content\cycomponentlibrary\CyComponentLibrary.cylib\BLE_v1_20\Library\gccCyBLEStack_BLE_SOC_PERIPHERAL.a
LOAD C:\Program Files (x86)\Cypress\PSoC Creator\3.1\PSoC Creator\psoc\content\cycomponentlibrary\CyComponentLibrary.cylib\CortexM0\ARM_GCC_484\Debug\CyComponentLibrary.a
END GROUP
START GROUP
LOAD c:/program files (x86)/cypress/psoc creator/3.1/psoc creator/import/gnu_cs/arm/4.8.4/bin/../lib/gcc/arm-none-eabi/4.8.4/armv6-m\libgcc.a
LOAD c:/program files (x86)/cypress/psoc creator/3.1/psoc creator/import/gnu_cs/arm/4.8.4/bin/../lib/gcc/arm-none-eabi/4.8.4/../../../../arm-none-eabi/lib/armv6-m\libg_s.a
LOAD c:/program files (x86)/cypress/psoc creator/3.1/psoc creator/import/gnu_cs/arm/4.8.4/bin/../lib/gcc/arm-none-eabi/4.8.4/../../../../arm-none-eabi/lib/armv6-m\libc_s.a
END GROUP
START GROUP
LOAD c:/program files (x86)/cypress/psoc creator/3.1/psoc creator/import/gnu_cs/arm/4.8.4/bin/../lib/gcc/arm-none-eabi/4.8.4/armv6-m\libgcc.a
LOAD c:/program files (x86)/cypress/psoc creator/3.1/psoc creator/import/gnu_cs/arm/4.8.4/bin/../lib/gcc/arm-none-eabi/4.8.4/../../../../arm-none-eabi/lib/armv6-m\libc_s.a
END GROUP
LOAD c:/program files (x86)/cypress/psoc creator/3.1/psoc creator/import/gnu_cs/arm/4.8.4/bin/../lib/gcc/arm-none-eabi/4.8.4/armv6-m/crtend.o
LOAD c:/program files (x86)/cypress/psoc creator/3.1/psoc creator/import/gnu_cs/arm/4.8.4/bin/../lib/gcc/arm-none-eabi/4.8.4/armv6-m/crtn.o
START GROUP
LOAD c:/program files (x86)/cypress/psoc creator/3.1/psoc creator/import/gnu_cs/arm/4.8.4/bin/../lib/gcc/arm-none-eabi/4.8.4/armv6-m\libgcc.a
LOAD c:/program files (x86)/cypress/psoc creator/3.1/psoc creator/import/gnu_cs/arm/4.8.4/bin/../lib/gcc/arm-none-eabi/4.8.4/../../../../arm-none-eabi/lib/armv6-m\libc.a
LOAD c:/program files (x86)/cypress/psoc creator/3.1/psoc creator/import/gnu_cs/arm/4.8.4/bin/../lib/gcc/arm-none-eabi/4.8.4/../../../../arm-none-eabi/lib/armv6-m\libnosys.a
END GROUP
                0x00000000                CY_APPL_ORIGIN = 0x0
                0x00000080                CY_FLASH_ROW_SIZE = 0x80
                0x00000001                CY_APPL_NUM = 0x1
                0x00000040                CY_METADATA_SIZE = 0x40
                0x20002578                PROVIDE (__cy_heap_start, _end)
                0x00000001                PROVIDE (__cy_region_num, ((__cy_regions_end - __cy_regions) / 0x10))
                0x20004000                PROVIDE (__cy_stack, (ORIGIN (ram) + 0x4000))
                0x20003800                PROVIDE (__cy_heap_end, (__cy_stack - 0x800))

.cybootloader   0x00000000        0x0
 *(.cybootloader)
                0x00000000                appl1_start = CY_APPL_ORIGIN?CY_APPL_ORIGIN:ALIGN (CY_FLASH_ROW_SIZE)
                0x0000ff80                appl2_start = (appl1_start + ALIGN ((((0x20000 - appl1_start) - (0x2 * CY_FLASH_ROW_SIZE)) / 0x2), CY_FLASH_ROW_SIZE))
                0x00000000                appl_start = (CY_APPL_NUM == 0x1)?appl1_start:appl2_start

.text           0x00000000     0x3b4c
 CREATE_OBJECT_SYMBOLS
                0x00000000                PROVIDE (__cy_interrupt_vector, RomVectors)
 *(.romvectors)
 .romvectors    0x00000000       0x10 .\CortexM0\ARM_GCC_484\Debug\Cm0Start.o
                0x00000000                RomVectors
                0x00000001                ASSERT ((. != __cy_interrupt_vector), No interrupt vector)
                0x00000001                ASSERT (CY_APPL_ORIGIN?(SIZEOF (.cybootloader) <= CY_APPL_ORIGIN):0x1, Wrong image location)
                0x00000010                PROVIDE (__cy_reset, Reset)
 *(.text.Reset)
 .text.Reset    0x00000010        0x8 .\CortexM0\ARM_GCC_484\Debug\Cm0Start.o
                0x00000010                Reset
                0x00000001                ASSERT ((. != __cy_reset), No reset code)
 *(.psocinit)
 .psocinit      0x00000018      0x2d0 .\CortexM0\ARM_GCC_484\Debug\ANCS Demo.a(cyfitter_cfg.o)
                0x00000194                cyfitter_cfg
                0x000002e8                . = MAX (., 0x100)
 *(.text .text.* .gnu.linkonce.t.*)
 .text          0x000002e8       0x60 c:/program files (x86)/cypress/psoc creator/3.1/psoc creator/import/gnu_cs/arm/4.8.4/bin/../lib/gcc/arm-none-eabi/4.8.4/armv6-m/crtbegin.o
 .text.StackEventHandler
                0x00000348      0x328 .\CortexM0\ARM_GCC_484\Debug\main.o
                0x00000348                StackEventHandler
 .text.BondingImplementation
                0x00000670      0x118 .\CortexM0\ARM_GCC_484\Debug\main.o
 .text.LowPowerImplementation
                0x00000788       0xa4 .\CortexM0\ARM_GCC_484\Debug\main.o
 .text.main     0x0000082c       0xb8 .\CortexM0\ARM_GCC_484\Debug\main.o
                0x0000082c                main
 .text.Ancs_CmdGetNotificationAttributeTitle
                0x000008e4       0xb4 .\CortexM0\ARM_GCC_484\Debug\ANCS.o
 .text.Ancs_CmdPerformNotificationAction
                0x00000998       0x94 .\CortexM0\ARM_GCC_484\Debug\ANCS.o
 .text.Ancs_UpdateOutputInformation
                0x00000a2c      0x110 .\CortexM0\ARM_GCC_484\Debug\ANCS.o
 .text.Ancs_Reset
                0x00000b3c       0xac .\CortexM0\ARM_GCC_484\Debug\ANCS.o
                0x00000b3c                Ancs_Reset
 .text.Ancs_EventHandler
                0x00000be8      0x4f0 .\CortexM0\ARM_GCC_484\Debug\ANCS.o
                0x00000be8                Ancs_EventHandler
 .text.Ancs_HandleNotifications
                0x000010d8       0xf8 .\CortexM0\ARM_GCC_484\Debug\ANCS.o
                0x000010d8                Ancs_HandleNotifications
 .text.Ancs_HandleData
                0x000011d0       0xd8 .\CortexM0\ARM_GCC_484\Debug\ANCS.o
                0x000011d0                Ancs_HandleData
 .text.Ancs_StateMachine
                0x000012a8       0x88 .\CortexM0\ARM_GCC_484\Debug\ANCS.o
                0x000012a8                Ancs_StateMachine
 .text.HexToDecimal
                0x00001330      0x114 .\CortexM0\ARM_GCC_484\Debug\common.o
                0x00001330                HexToDecimal
 .text.IntDefaultHandler
                0x00001444        0x8 .\CortexM0\ARM_GCC_484\Debug\Cm0Start.o
                0x00001444                IntDefaultHandler
 .text.Start_c  0x0000144c       0x98 .\CortexM0\ARM_GCC_484\Debug\Cm0Start.o
                0x0000144c                Start_c
 .text.initialize_psoc
                0x000014e4       0x70 .\CortexM0\ARM_GCC_484\Debug\Cm0Start.o
                0x000014e4                initialize_psoc
 .text.CYMEMZERO
                0x00001554       0x20 .\CortexM0\ARM_GCC_484\Debug\ANCS Demo.a(cyfitter_cfg.o)
 .text.cfg_write_bytes32
                0x00001574       0x80 .\CortexM0\ARM_GCC_484\Debug\ANCS Demo.a(cyfitter_cfg.o)
 .text.AnalogSetDefault
                0x000015f4       0x28 .\CortexM0\ARM_GCC_484\Debug\ANCS Demo.a(cyfitter_cfg.o)
 .text.CyBle_Init
                0x0000161c       0x34 .\CortexM0\ARM_GCC_484\Debug\ANCS Demo.a(BLE.o)
                0x0000161c                CyBle_Init
 .text.CyBle_ServiceInit
                0x00001650       0x28 .\CortexM0\ARM_GCC_484\Debug\ANCS Demo.a(BLE.o)
                0x00001650                CyBle_ServiceInit
 .text.CyBle_Start
                0x00001678       0x80 .\CortexM0\ARM_GCC_484\Debug\ANCS Demo.a(BLE.o)
                0x00001678                CyBle_Start
 .text.CyBle_StoreBondingData
                0x000016f8       0x70 .\CortexM0\ARM_GCC_484\Debug\ANCS Demo.a(BLE.o)
                0x000016f8                CyBle_StoreBondingData
 .text.CyBle_GappStartAdvertisement
                0x00001768       0xc4 .\CortexM0\ARM_GCC_484\Debug\ANCS Demo.a(BLE.o)
                0x00001768                CyBle_GappStartAdvertisement
 .text.CyBle_GappStopAdvertisement
                0x0000182c       0x20 .\CortexM0\ARM_GCC_484\Debug\ANCS Demo.a(BLE.o)
                0x0000182c                CyBle_GappStopAdvertisement
 .text.CyBle_ChangeAdDeviceAddress
                0x0000184c       0x60 .\CortexM0\ARM_GCC_484\Debug\ANCS Demo.a(BLE.o)
                0x0000184c                CyBle_ChangeAdDeviceAddress
 .text.CyBle_Get16ByPtr
                0x000018ac       0x24 .\CortexM0\ARM_GCC_484\Debug\ANCS Demo.a(BLE.o)
                0x000018ac                CyBle_Get16ByPtr
 .text.CyBle_GattcStartDiscovery
                0x000018d0       0xd0 .\CortexM0\ARM_GCC_484\Debug\ANCS Demo.a(BLE_gatt.o)
                0x000018d0                CyBle_GattcStartDiscovery
 .text.CyBle_GattcDiscoverCharacteristicsEventHandler
                0x000019a0       0x50 .\CortexM0\ARM_GCC_484\Debug\ANCS Demo.a(BLE_gatt.o)
                0x000019a0                CyBle_GattcDiscoverCharacteristicsEventHandler
 .text.CyBle_GattcDiscoverCharDescriptorsEventHandler
                0x000019f0       0x48 .\CortexM0\ARM_GCC_484\Debug\ANCS Demo.a(BLE_gatt.o)
                0x000019f0                CyBle_GattcDiscoverCharDescriptorsEventHandler
 .text.CyBle_GattcIndicationEventHandler
                0x00001a38       0x48 .\CortexM0\ARM_GCC_484\Debug\ANCS Demo.a(BLE_gatt.o)
                0x00001a38                CyBle_GattcIndicationEventHandler
 .text.CyBle_GattcWriteResponseEventHandler
                0x00001a80       0x10 .\CortexM0\ARM_GCC_484\Debug\ANCS Demo.a(BLE_eventHandler.o)
 .text.CyBle_NotificationEventHandler
                0x00001a90       0x10 .\CortexM0\ARM_GCC_484\Debug\ANCS Demo.a(BLE_eventHandler.o)
 .text.CyBle_IndicationEventHandler
                0x00001aa0       0x10 .\CortexM0\ARM_GCC_484\Debug\ANCS Demo.a(BLE_eventHandler.o)
 .text.CyBle_ReadResponseEventHandler
                0x00001ab0       0x10 .\CortexM0\ARM_GCC_484\Debug\ANCS Demo.a(BLE_eventHandler.o)
 .text.CyBle_GattDisconnectEventHandler
                0x00001ac0       0x34 .\CortexM0\ARM_GCC_484\Debug\ANCS Demo.a(BLE_eventHandler.o)
 .text.CyBle_TimeOutEventHandler
                0x00001af4       0xa0 .\CortexM0\ARM_GCC_484\Debug\ANCS Demo.a(BLE_eventHandler.o)
 .text.CyBle_GattConnectReqHandler
                0x00001b94        0x8 .\CortexM0\ARM_GCC_484\Debug\ANCS Demo.a(BLE_eventHandler.o)
 .text.CyBle_IsDeviceAddressValid
                0x00001b9c       0x60 .\CortexM0\ARM_GCC_484\Debug\ANCS Demo.a(BLE_eventHandler.o)
 .text.CyBle_L2Cap_ConnParamUpdateRspEventHandler
                0x00001bfc       0x14 .\CortexM0\ARM_GCC_484\Debug\ANCS Demo.a(BLE_eventHandler.o)
 .text.CyBle_GapConnUpdateCompleteEventHandler
                0x00001c10       0x10 .\CortexM0\ARM_GCC_484\Debug\ANCS Demo.a(BLE_eventHandler.o)
 .text.CyBle_EventHandler
                0x00001c20      0x3a4 .\CortexM0\ARM_GCC_484\Debug\ANCS Demo.a(BLE_eventHandler.o)
                0x00001c20                CyBle_EventHandler
 .text.CyBle_ReadByGroupEventHandler
                0x00001fc4      0x1fc .\CortexM0\ARM_GCC_484\Debug\ANCS Demo.a(BLE_eventHandler.o)
                0x00001fc4                CyBle_ReadByGroupEventHandler
 .text.CyBle_NextInclDiscovery
                0x000021c0       0x80 .\CortexM0\ARM_GCC_484\Debug\ANCS Demo.a(BLE_eventHandler.o)
                0x000021c0                CyBle_NextInclDiscovery
 .text.CyBle_GapcDiscoverCharacteristicsEventHandler
                0x00002240       0xf8 .\CortexM0\ARM_GCC_484\Debug\ANCS Demo.a(BLE_eventHandler.o)
 .text.CyBle_ReadByTypeEventHandler
                0x00002338      0x468 .\CortexM0\ARM_GCC_484\Debug\ANCS Demo.a(BLE_eventHandler.o)
                0x00002338                CyBle_ReadByTypeEventHandler
 .text.CyBle_NextCharDiscovery
                0x000027a0       0x8c .\CortexM0\ARM_GCC_484\Debug\ANCS Demo.a(BLE_eventHandler.o)
                0x000027a0                CyBle_NextCharDiscovery
 .text.CyBle_GetCharRange
                0x0000282c       0x64 .\CortexM0\ARM_GCC_484\Debug\ANCS Demo.a(BLE_eventHandler.o)
 .text.CyBle_FindInfoEventHandler
                0x00002890      0x190 .\CortexM0\ARM_GCC_484\Debug\ANCS Demo.a(BLE_eventHandler.o)
                0x00002890                CyBle_FindInfoEventHandler
 .text.CyBle_NextCharDscrDiscovery
                0x00002a20       0x94 .\CortexM0\ARM_GCC_484\Debug\ANCS Demo.a(BLE_eventHandler.o)
                0x00002a20                CyBle_NextCharDscrDiscovery
 .text.CyBle_ErrorResponseEventHandler
                0x00002ab4      0x2c8 .\CortexM0\ARM_GCC_484\Debug\ANCS Demo.a(BLE_eventHandler.o)
                0x00002ab4                CyBle_ErrorResponseEventHandler
 .text.WakeupPin_ClearInterrupt
                0x00002d7c       0x30 .\CortexM0\ARM_GCC_484\Debug\ANCS Demo.a(WakeupPin.o)
                0x00002d7c                WakeupPin_ClearInterrupt
 .text.WakeupPinInterrupt_Start
                0x00002dac       0x24 .\CortexM0\ARM_GCC_484\Debug\ANCS Demo.a(WakeupPinInterrupt.o)
                0x00002dac                WakeupPinInterrupt_Start
 .text.WakeupPinInterrupt_Interrupt
                0x00002dd0        0x8 .\CortexM0\ARM_GCC_484\Debug\ANCS Demo.a(WakeupPinInterrupt.o)
                0x00002dd0                WakeupPinInterrupt_Interrupt
 .text.WakeupPinInterrupt_SetVector
                0x00002dd8       0x18 .\CortexM0\ARM_GCC_484\Debug\ANCS Demo.a(WakeupPinInterrupt.o)
                0x00002dd8                WakeupPinInterrupt_SetVector
 .text.WakeupPinInterrupt_SetPriority
                0x00002df0       0x50 .\CortexM0\ARM_GCC_484\Debug\ANCS Demo.a(WakeupPinInterrupt.o)
                0x00002df0                WakeupPinInterrupt_SetPriority
 .text.WakeupPinInterrupt_Enable
                0x00002e40       0x14 .\CortexM0\ARM_GCC_484\Debug\ANCS Demo.a(WakeupPinInterrupt.o)
                0x00002e40                WakeupPinInterrupt_Enable
 .text.WakeupPinInterrupt_Disable
                0x00002e54       0x14 .\CortexM0\ARM_GCC_484\Debug\ANCS Demo.a(WakeupPinInterrupt.o)
                0x00002e54                WakeupPinInterrupt_Disable
 .text.UART_Init
                0x00002e68        0xc .\CortexM0\ARM_GCC_484\Debug\ANCS Demo.a(UART.o)
                0x00002e68                UART_Init
 .text.UART_Enable
                0x00002e74       0x20 .\CortexM0\ARM_GCC_484\Debug\ANCS Demo.a(UART.o)
                0x00002e74                UART_Enable
 .text.UART_Start
                0x00002e94       0x24 .\CortexM0\ARM_GCC_484\Debug\ANCS Demo.a(UART.o)
                0x00002e94                UART_Start
 .text.UART_ScbEnableIntr
                0x00002eb8        0x8 .\CortexM0\ARM_GCC_484\Debug\ANCS Demo.a(UART.o)
 .text.UART_SpiUartReadRxData
                0x00002ec0       0x20 .\CortexM0\ARM_GCC_484\Debug\ANCS Demo.a(UART_SPI_UART.o)
                0x00002ec0                UART_SpiUartReadRxData
 .text.UART_SpiUartGetRxBufferSize
                0x00002ee0       0x20 .\CortexM0\ARM_GCC_484\Debug\ANCS Demo.a(UART_SPI_UART.o)
                0x00002ee0                UART_SpiUartGetRxBufferSize
 .text.UART_SpiUartWriteTxData
                0x00002f00       0x2c .\CortexM0\ARM_GCC_484\Debug\ANCS Demo.a(UART_SPI_UART.o)
                0x00002f00                UART_SpiUartWriteTxData
 .text.UART_SpiUartGetTxBufferSize
                0x00002f2c       0x20 .\CortexM0\ARM_GCC_484\Debug\ANCS Demo.a(UART_SPI_UART.o)
                0x00002f2c                UART_SpiUartGetTxBufferSize
 .text.UART_UartInit
                0x00002f4c       0xb0 .\CortexM0\ARM_GCC_484\Debug\ANCS Demo.a(UART_UART.o)
                0x00002f4c                UART_UartInit
 .text.UART_UartGetChar
                0x00002ffc       0x44 .\CortexM0\ARM_GCC_484\Debug\ANCS Demo.a(UART_UART.o)
                0x00002ffc                UART_UartGetChar
 .text.UART_UartPutString
                0x00003040       0x34 .\CortexM0\ARM_GCC_484\Debug\ANCS Demo.a(UART_UART.o)
                0x00003040                UART_UartPutString
 *fill*         0x00003074        0x4 
 .text          0x00003078       0x20 .\CortexM0\ARM_GCC_484\Debug\ANCS Demo.a(CyBootAsmGnu.o)
                0x00003078                CyDelayCycles
                0x0000308a                CyEnterCriticalSection
                0x00003092                CyExitCriticalSection
 .text.CySysClkWcoSetHighPowerMode
                0x00003098       0x3c .\CortexM0\ARM_GCC_484\Debug\ANCS Demo.a(CyLib.o)
 .text.CySysClkWcoSetLowPowerMode
                0x000030d4       0x48 .\CortexM0\ARM_GCC_484\Debug\ANCS Demo.a(CyLib.o)
 .text.CySysClkWriteSysclkDiv
                0x0000311c       0x44 .\CortexM0\ARM_GCC_484\Debug\ANCS Demo.a(CyLib.o)
                0x0000311c                CySysClkWriteSysclkDiv
 .text.CySysClkEcoStart
                0x00003160       0x74 .\CortexM0\ARM_GCC_484\Debug\ANCS Demo.a(CyLib.o)
                0x00003160                CySysClkEcoStart
 .text.CySysClkEcoReadStatus
                0x000031d4       0x18 .\CortexM0\ARM_GCC_484\Debug\ANCS Demo.a(CyLib.o)
                0x000031d4                CySysClkEcoReadStatus
 .text.CySysClkWcoStart
                0x000031ec       0x20 .\CortexM0\ARM_GCC_484\Debug\ANCS Demo.a(CyLib.o)
                0x000031ec                CySysClkWcoStart
 .text.CySysClkWcoSetPowerMode
                0x0000320c       0x40 .\CortexM0\ARM_GCC_484\Debug\ANCS Demo.a(CyLib.o)
                0x0000320c                CySysClkWcoSetPowerMode
 .text.CyHalt   0x0000324c       0x14 .\CortexM0\ARM_GCC_484\Debug\ANCS Demo.a(CyLib.o)
                0x0000324c                CyHalt
 .text.CyDelay  0x00003260       0x48 .\CortexM0\ARM_GCC_484\Debug\ANCS Demo.a(CyLib.o)
                0x00003260                CyDelay
 .text.CyDelayUs
                0x000032a8       0x28 .\CortexM0\ARM_GCC_484\Debug\ANCS Demo.a(CyLib.o)
                0x000032a8                CyDelayUs
 .text.CySysPmSleep
                0x000032d0       0x34 .\CortexM0\ARM_GCC_484\Debug\ANCS Demo.a(cyPm.o)
                0x000032d0                CySysPmSleep
 .text.CySysPmDeepSleep
                0x00003304       0x6c .\CortexM0\ARM_GCC_484\Debug\ANCS Demo.a(cyPm.o)
                0x00003304                CySysPmDeepSleep
 .text.CySysPmHibernate
                0x00003370       0x6c .\CortexM0\ARM_GCC_484\Debug\ANCS Demo.a(cyPm.o)
                0x00003370                CySysPmHibernate
 .text.CyBLE_Nvram_Write
                0x000033dc      0x19c .\CortexM0\ARM_GCC_484\Debug\ANCS Demo.a(BLE_HAL_PVT.o)
                0x000033dc                CyBLE_Nvram_Write
 .text.CyBLE_Bless_LlRegWrite
                0x00003578       0x1c .\CortexM0\ARM_GCC_484\Debug\ANCS Demo.a(BLE_HAL_PVT.o)
                0x00003578                CyBLE_Bless_LlRegWrite
 .text.CyBLE_Bless_RfRegWrite
                0x00003594       0x1c .\CortexM0\ARM_GCC_484\Debug\ANCS Demo.a(BLE_HAL_PVT.o)
                0x00003594                CyBLE_Bless_RfRegWrite
 .text.CyBleHal_DelayUs
                0x000035b0       0x1c .\CortexM0\ARM_GCC_484\Debug\ANCS Demo.a(BLE_HAL_PVT.o)
                0x000035b0                CyBleHal_DelayUs
 .text.CyBleHal_EnableGlobalInterrupts
                0x000035cc        0xc .\CortexM0\ARM_GCC_484\Debug\ANCS Demo.a(BLE_HAL_PVT.o)
                0x000035cc                CyBleHal_EnableGlobalInterrupts
 .text.CyBleHal_DisableGlobalInterrupts
                0x000035d8        0xc .\CortexM0\ARM_GCC_484\Debug\ANCS Demo.a(BLE_HAL_PVT.o)
                0x000035d8                CyBleHal_DisableGlobalInterrupts
 .text.CyBle_HalInit
                0x000035e4       0x20 .\CortexM0\ARM_GCC_484\Debug\ANCS Demo.a(BLE_HAL_PVT.o)
                0x000035e4                CyBle_HalInit
 .text.CYBLE_BlessStart
                0x00003604       0x14 .\CortexM0\ARM_GCC_484\Debug\ANCS Demo.a(BLE_HAL_PVT.o)
                0x00003604                CYBLE_BlessStart
 .text.BLE_bless_isr_StartEx
                0x00003618       0x24 .\CortexM0\ARM_GCC_484\Debug\ANCS Demo.a(BLE_bless_isr.o)
                0x00003618                BLE_bless_isr_StartEx
 .text.BLE_bless_isr_SetVector
                0x0000363c       0x18 .\CortexM0\ARM_GCC_484\Debug\ANCS Demo.a(BLE_bless_isr.o)
                0x0000363c                BLE_bless_isr_SetVector
 .text.BLE_bless_isr_SetPriority
                0x00003654       0x50 .\CortexM0\ARM_GCC_484\Debug\ANCS Demo.a(BLE_bless_isr.o)
                0x00003654                BLE_bless_isr_SetPriority
 .text.BLE_bless_isr_Enable
                0x000036a4       0x14 .\CortexM0\ARM_GCC_484\Debug\ANCS Demo.a(BLE_bless_isr.o)
                0x000036a4                BLE_bless_isr_Enable
 .text.BLE_bless_isr_Disable
                0x000036b8       0x14 .\CortexM0\ARM_GCC_484\Debug\ANCS Demo.a(BLE_bless_isr.o)
                0x000036b8                BLE_bless_isr_Disable
 .text.CySysFlashWriteRow
                0x000036cc      0x178 .\CortexM0\ARM_GCC_484\Debug\ANCS Demo.a(CyFlash.o)
                0x000036cc                CySysFlashWriteRow
 .text.CySysFlashClockBackup
                0x00003844       0x60 .\CortexM0\ARM_GCC_484\Debug\ANCS Demo.a(CyFlash.o)
 .text.CySysFlashClockConfig
                0x000038a4       0x50 .\CortexM0\ARM_GCC_484\Debug\ANCS Demo.a(CyFlash.o)
 .text.CySysFlashClockRestore
                0x000038f4       0x60 .\CortexM0\ARM_GCC_484\Debug\ANCS Demo.a(CyFlash.o)
 .text.CyBLE_Bless_Interrupt
                0x00003954        0xc .\CortexM0\ARM_GCC_484\Debug\ANCS Demo.a(BLE_HAL_INT.o)
                0x00003954                CyBLE_Bless_Interrupt
 .text          0x00003960       0x9c c:/program files (x86)/cypress/psoc creator/3.1/psoc creator/import/gnu_cs/arm/4.8.4/bin/../lib/gcc/arm-none-eabi/4.8.4/armv6-m\libgcc.a(_udivsi3.o)
                0x00003960                __aeabi_uidiv
                0x00003960                __udivsi3
                0x000039e8                __aeabi_uidivmod
 .text          0x000039fc       0xc0 c:/program files (x86)/cypress/psoc creator/3.1/psoc creator/import/gnu_cs/arm/4.8.4/bin/../lib/gcc/arm-none-eabi/4.8.4/armv6-m\libgcc.a(_divsi3.o)
                0x000039fc                __divsi3
                0x000039fc                __aeabi_idiv
                0x00003aa8                __aeabi_idivmod
 .text          0x00003abc        0x4 c:/program files (x86)/cypress/psoc creator/3.1/psoc creator/import/gnu_cs/arm/4.8.4/bin/../lib/gcc/arm-none-eabi/4.8.4/armv6-m\libgcc.a(_dvmd_tls.o)
                0x00003abc                __aeabi_idiv0
                0x00003abc                __aeabi_ldiv0
 .text.__libc_init_array
                0x00003ac0       0x4c c:/program files (x86)/cypress/psoc creator/3.1/psoc creator/import/gnu_cs/arm/4.8.4/bin/../lib/gcc/arm-none-eabi/4.8.4/../../../../arm-none-eabi/lib/armv6-m\libg_s.a(lib_a-init.o)
                0x00003ac0                __libc_init_array
 .text.memcmp   0x00003b0c       0x1e c:/program files (x86)/cypress/psoc creator/3.1/psoc creator/import/gnu_cs/arm/4.8.4/bin/../lib/gcc/arm-none-eabi/4.8.4/../../../../arm-none-eabi/lib/armv6-m\libg_s.a(lib_a-memcmp.o)
                0x00003b0c                memcmp
 .text.memcpy   0x00003b2a       0x12 c:/program files (x86)/cypress/psoc creator/3.1/psoc creator/import/gnu_cs/arm/4.8.4/bin/../lib/gcc/arm-none-eabi/4.8.4/../../../../arm-none-eabi/lib/armv6-m\libg_s.a(lib_a-memcpy-stub.o)
                0x00003b2a                memcpy
 .text.memset   0x00003b3c       0x10 c:/program files (x86)/cypress/psoc creator/3.1/psoc creator/import/gnu_cs/arm/4.8.4/bin/../lib/gcc/arm-none-eabi/4.8.4/../../../../arm-none-eabi/lib/armv6-m\libg_s.a(lib_a-memset.o)
                0x00003b3c                memset
 *(.plt)
 *(.gnu.warning)
 *(.glue_7t)
 .glue_7t       0x00000000        0x0 linker stubs
 *(.glue_7)
 .glue_7        0x00000000        0x0 linker stubs
 *(.vfp11_veneer)
 .vfp11_veneer  0x00000000        0x0 linker stubs
 *(.bootloader)
 *(.ARM.extab* .gnu.linkonce.armextab.*)
 *(.gcc_except_table)

.v4_bx          0x00003b4c        0x0
 .v4_bx         0x00000000        0x0 linker stubs

.iplt           0x00003b4c        0x0
 .iplt          0x00000000        0x0 c:/program files (x86)/cypress/psoc creator/3.1/psoc creator/import/gnu_cs/arm/4.8.4/bin/../lib/gcc/arm-none-eabi/4.8.4/armv6-m/crtbegin.o

i.CyBle_EnterLPM
                0x00003b4c        0x8
 i.CyBle_EnterLPM
                0x00003b4c        0x8 C:\Program Files (x86)\Cypress\PSoC Creator\3.1\PSoC Creator\psoc\content\cycomponentlibrary\CyComponentLibrary.cylib\BLE_v1_20\Library\gccCyBLEStack_BLE_SOC_PERIPHERAL.a(CyBle.o)
                0x00003b4c                CyBle_EnterLPM

i.CyBle_ExitLPM
                0x00003b54        0x8
 i.CyBle_ExitLPM
                0x00003b54        0x8 C:\Program Files (x86)\Cypress\PSoC Creator\3.1\PSoC Creator\psoc\content\cycomponentlibrary\CyComponentLibrary.cylib\BLE_v1_20\Library\gccCyBLEStack_BLE_SOC_PERIPHERAL.a(CyBle.o)
                0x00003b54                CyBle_ExitLPM

i.CyBle_ProcessEvents
                0x00003b5c        0x8
 i.CyBle_ProcessEvents
                0x00003b5c        0x8 C:\Program Files (x86)\Cypress\PSoC Creator\3.1\PSoC Creator\psoc\content\cycomponentlibrary\CyComponentLibrary.cylib\BLE_v1_20\Library\gccCyBLEStack_BLE_SOC_PERIPHERAL.a(CyBle.o)
                0x00003b5c                CyBle_ProcessEvents

i.CyBle_SetDeviceAddress
                0x00003b64       0x24
 i.CyBle_SetDeviceAddress
                0x00003b64       0x24 C:\Program Files (x86)\Cypress\PSoC Creator\3.1\PSoC Creator\psoc\content\cycomponentlibrary\CyComponentLibrary.cylib\BLE_v1_20\Library\gccCyBLEStack_BLE_SOC_PERIPHERAL.a(CyBle.o)
                0x00003b64                CyBle_SetDeviceAddress

i.CyBle_StackInit
                0x00003b88       0x84
 i.CyBle_StackInit
                0x00003b88       0x84 C:\Program Files (x86)\Cypress\PSoC Creator\3.1\PSoC Creator\psoc\content\cycomponentlibrary\CyComponentLibrary.cylib\BLE_v1_20\Library\gccCyBLEStack_BLE_SOC_PERIPHERAL.a(CyBle.o)
                0x00003b88                CyBle_StackInit

i.CyBleStackMgr_BleGetConfigData
                0x00003c0c        0x4
 i.CyBleStackMgr_BleGetConfigData
                0x00003c0c        0x4 C:\Program Files (x86)\Cypress\PSoC Creator\3.1\PSoC Creator\psoc\content\cycomponentlibrary\CyComponentLibrary.cylib\BLE_v1_20\Library\gccCyBLEStack_BLE_SOC_PERIPHERAL.a(CyBleStackMgrIP_Interface.o)
                0x00003c0c                CyBleStackMgr_BleGetConfigData

i.CyBleStackMgr_BleSetConfigData
                0x00003c10        0x4
 i.CyBleStackMgr_BleSetConfigData
                0x00003c10        0x4 C:\Program Files (x86)\Cypress\PSoC Creator\3.1\PSoC Creator\psoc\content\cycomponentlibrary\CyComponentLibrary.cylib\BLE_v1_20\Library\gccCyBLEStack_BLE_SOC_PERIPHERAL.a(CyBleStackMgrIP_Interface.o)
                0x00003c10                CyBleStackMgr_BleSetConfigData

i.CyBleStackMgr_Init
                0x00003c14      0x104
 i.CyBleStackMgr_Init
                0x00003c14      0x104 C:\Program Files (x86)\Cypress\PSoC Creator\3.1\PSoC Creator\psoc\content\cycomponentlibrary\CyComponentLibrary.cylib\BLE_v1_20\Library\gccCyBLEStack_BLE_SOC_PERIPHERAL.a(CyBleStackMgrIP_Interface.o)
                0x00003c14                CyBleStackMgr_Init

i.CyBleStackMgr_ProcessBleEvents
                0x00003d18       0x14
 i.CyBleStackMgr_ProcessBleEvents
                0x00003d18       0x14 C:\Program Files (x86)\Cypress\PSoC Creator\3.1\PSoC Creator\psoc\content\cycomponentlibrary\CyComponentLibrary.cylib\BLE_v1_20\Library\gccCyBLEStack_BLE_SOC_PERIPHERAL.a(CyBleStackMgrIP_Interface.o)
                0x00003d18                CyBleStackMgr_ProcessBleEvents

i.ble_stack_idle_task_callback
                0x00003d2c        0x2
 i.ble_stack_idle_task_callback
                0x00003d2c        0x2 C:\Program Files (x86)\Cypress\PSoC Creator\3.1\PSoC Creator\psoc\content\cycomponentlibrary\CyComponentLibrary.cylib\BLE_v1_20\Library\gccCyBLEStack_BLE_SOC_PERIPHERAL.a(CyBleStackMgrIP_Interface.o)
                0x00003d2c                ble_stack_idle_task_callback

i.BT_OSFreeBuf  0x00003d30       0x18
 i.BT_OSFreeBuf
                0x00003d30       0x18 C:\Program Files (x86)\Cypress\PSoC Creator\3.1\PSoC Creator\psoc\content\cycomponentlibrary\CyComponentLibrary.cylib\BLE_v1_20\Library\gccCyBLEStack_BLE_SOC_PERIPHERAL.a(BT_os.o)
                0x00003d30                BT_OSFreeBuf

i.BT_OSGetBuF   0x00003d48       0x1c
 i.BT_OSGetBuF  0x00003d48       0x1c C:\Program Files (x86)\Cypress\PSoC Creator\3.1\PSoC Creator\psoc\content\cycomponentlibrary\CyComponentLibrary.cylib\BLE_v1_20\Library\gccCyBLEStack_BLE_SOC_PERIPHERAL.a(BT_os.o)
                0x00003d48                BT_OSGetBuF

i.BT_OSMemCreate
                0x00003d64       0x1c
 i.BT_OSMemCreate
                0x00003d64       0x1c C:\Program Files (x86)\Cypress\PSoC Creator\3.1\PSoC Creator\psoc\content\cycomponentlibrary\CyComponentLibrary.cylib\BLE_v1_20\Library\gccCyBLEStack_BLE_SOC_PERIPHERAL.a(BT_os.o)
                0x00003d64                BT_OSMemCreate

i.BT_alloc_mem_ext
                0x00003d80       0x34
 i.BT_alloc_mem_ext
                0x00003d80       0x34 C:\Program Files (x86)\Cypress\PSoC Creator\3.1\PSoC Creator\psoc\content\cycomponentlibrary\CyComponentLibrary.cylib\BLE_v1_20\Library\gccCyBLEStack_BLE_SOC_PERIPHERAL.a(BT_os.o)
                0x00003d80                BT_alloc_mem_ext

i.BT_free_mem   0x00003db4        0xc
 i.BT_free_mem  0x00003db4        0xc C:\Program Files (x86)\Cypress\PSoC Creator\3.1\PSoC Creator\psoc\content\cycomponentlibrary\CyComponentLibrary.cylib\BLE_v1_20\Library\gccCyBLEStack_BLE_SOC_PERIPHERAL.a(BT_os.o)
                0x00003db4                BT_free_mem

i.bt_stack_init_os
                0x00003dc0       0x34
 i.bt_stack_init_os
                0x00003dc0       0x34 C:\Program Files (x86)\Cypress\PSoC Creator\3.1\PSoC Creator\psoc\content\cycomponentlibrary\CyComponentLibrary.cylib\BLE_v1_20\Library\gccCyBLEStack_BLE_SOC_PERIPHERAL.a(BT_os.o)
                0x00003dc0                bt_stack_init_os

i.CyBle_CheckBleStackTaskStatus
                0x00003df4        0x4
 i.CyBle_CheckBleStackTaskStatus
                0x00003df4        0x4 C:\Program Files (x86)\Cypress\PSoC Creator\3.1\PSoC Creator\psoc\content\cycomponentlibrary\CyComponentLibrary.cylib\BLE_v1_20\Library\gccCyBLEStack_BLE_SOC_PERIPHERAL.a(CyBleStackMgr_StackTaskHandler.o)
                0x00003df4                CyBle_CheckBleStackTaskStatus

i.CyBle_CreateBleStackTask
                0x00003df8       0x2c
 i.CyBle_CreateBleStackTask
                0x00003df8       0x2c C:\Program Files (x86)\Cypress\PSoC Creator\3.1\PSoC Creator\psoc\content\cycomponentlibrary\CyComponentLibrary.cylib\BLE_v1_20\Library\gccCyBLEStack_BLE_SOC_PERIPHERAL.a(CyBleStackMgr_StackTaskHandler.o)
                0x00003df8                CyBle_CreateBleStackTask

i.CyBle_SignalBleStackTask
                0x00003e24       0x50
 i.CyBle_SignalBleStackTask
                0x00003e24       0x50 C:\Program Files (x86)\Cypress\PSoC Creator\3.1\PSoC Creator\psoc\content\cycomponentlibrary\CyComponentLibrary.cylib\BLE_v1_20\Library\gccCyBLEStack_BLE_SOC_PERIPHERAL.a(CyBleStackMgr_StackTaskHandler.o)
                0x00003e24                CyBle_SignalBleStackTask

i.CyBle_StackTaskHandler
                0x00003e74       0x5c
 i.CyBle_StackTaskHandler
                0x00003e74       0x5c C:\Program Files (x86)\Cypress\PSoC Creator\3.1\PSoC Creator\psoc\content\cycomponentlibrary\CyComponentLibrary.cylib\BLE_v1_20\Library\gccCyBLEStack_BLE_SOC_PERIPHERAL.a(CyBleStackMgr_StackTaskHandler.o)
                0x00003e74                CyBle_StackTaskHandler

i.__ARM_common_switch8
                0x00003ed0       0x1a
 i.__ARM_common_switch8
                0x00003ed0       0x1a C:\Program Files (x86)\Cypress\PSoC Creator\3.1\PSoC Creator\psoc\content\cycomponentlibrary\CyComponentLibrary.cylib\BLE_v1_20\Library\gccCyBLEStack_BLE_SOC_PERIPHERAL.a(CyBleStackMgr_StackTaskHandler.o)
                0x00003ed0                __ARM_common_switch8

i.hci_soft_transport_notify_data_received
                0x00003eec        0xc
 i.hci_soft_transport_notify_data_received
                0x00003eec        0xc C:\Program Files (x86)\Cypress\PSoC Creator\3.1\PSoC Creator\psoc\content\cycomponentlibrary\CyComponentLibrary.cylib\BLE_v1_20\Library\gccCyBLEStack_BLE_SOC_PERIPHERAL.a(transport_sf.o)
                0x00003eec                hci_soft_transport_notify_data_received

i.hci_soft_transport_rx_data
                0x00003ef8       0x40
 i.hci_soft_transport_rx_data
                0x00003ef8       0x40 C:\Program Files (x86)\Cypress\PSoC Creator\3.1\PSoC Creator\psoc\content\cycomponentlibrary\CyComponentLibrary.cylib\BLE_v1_20\Library\gccCyBLEStack_BLE_SOC_PERIPHERAL.a(transport_sf.o)
                0x00003ef8                hci_soft_transport_rx_data

i.hci_transport_bt_init
                0x00003f38        0x2
 i.hci_transport_bt_init
                0x00003f38        0x2 C:\Program Files (x86)\Cypress\PSoC Creator\3.1\PSoC Creator\psoc\content\cycomponentlibrary\CyComponentLibrary.cylib\BLE_v1_20\Library\gccCyBLEStack_BLE_SOC_PERIPHERAL.a(transport_sf.o)
                0x00003f38                hci_transport_bt_init

i.hci_transport_init
                0x00003f3c       0x10
 i.hci_transport_init
                0x00003f3c       0x10 C:\Program Files (x86)\Cypress\PSoC Creator\3.1\PSoC Creator\psoc\content\cycomponentlibrary\CyComponentLibrary.cylib\BLE_v1_20\Library\gccCyBLEStack_BLE_SOC_PERIPHERAL.a(transport_sf.o)
                0x00003f3c                hci_transport_init

i.hci_transport_write_data
                0x00003f4c       0xd4
 i.hci_transport_write_data
                0x00003f4c       0xd4 C:\Program Files (x86)\Cypress\PSoC Creator\3.1\PSoC Creator\psoc\content\cycomponentlibrary\CyComponentLibrary.cylib\BLE_v1_20\Library\gccCyBLEStack_BLE_SOC_PERIPHERAL.a(transport_sf.o)
                0x00003f4c                hci_transport_write_data

i.pf_hci_soft_transport_write
                0x00004020       0x44
 i.pf_hci_soft_transport_write
                0x00004020       0x44 C:\Program Files (x86)\Cypress\PSoC Creator\3.1\PSoC Creator\psoc\content\cycomponentlibrary\CyComponentLibrary.cylib\BLE_v1_20\Library\gccCyBLEStack_BLE_SOC_PERIPHERAL.a(transport_sf.o)
                0x00004020                pf_hci_soft_transport_write

i.pf_soft_hci_transport_init
                0x00004064        0xc
 i.pf_soft_hci_transport_init
                0x00004064        0xc C:\Program Files (x86)\Cypress\PSoC Creator\3.1\PSoC Creator\psoc\content\cycomponentlibrary\CyComponentLibrary.cylib\BLE_v1_20\Library\gccCyBLEStack_BLE_SOC_PERIPHERAL.a(transport_sf.o)
                0x00004064                pf_soft_hci_transport_init

i.CyBleStackMgr_GetTime
                0x00004070       0x14
 i.CyBleStackMgr_GetTime
                0x00004070       0x14 C:\Program Files (x86)\Cypress\PSoC Creator\3.1\PSoC Creator\psoc\content\cycomponentlibrary\CyComponentLibrary.cylib\BLE_v1_20\Library\gccCyBLEStack_BLE_SOC_PERIPHERAL.a(CyBleStackMgr_PSoCHal.o)
                0x00004070                CyBleStackMgr_GetTime

i.CyBleStackMgr_HalInit
                0x00004084       0x24
 i.CyBleStackMgr_HalInit
                0x00004084       0x24 C:\Program Files (x86)\Cypress\PSoC Creator\3.1\PSoC Creator\psoc\content\cycomponentlibrary\CyComponentLibrary.cylib\BLE_v1_20\Library\gccCyBLEStack_BLE_SOC_PERIPHERAL.a(CyBleStackMgr_PSoCHal.o)
                0x00004084                CyBleStackMgr_HalInit

i.CyBleStackMgr_HalIntrEnable
                0x000040a8        0x8
 i.CyBleStackMgr_HalIntrEnable
                0x000040a8        0x8 C:\Program Files (x86)\Cypress\PSoC Creator\3.1\PSoC Creator\psoc\content\cycomponentlibrary\CyComponentLibrary.cylib\BLE_v1_20\Library\gccCyBLEStack_BLE_SOC_PERIPHERAL.a(CyBleStackMgr_PSoCHal.o)
                0x000040a8                CyBleStackMgr_HalIntrEnable

i.CyBleStackMgr_HandleLinkLayerTick
                0x000040b0       0x5c
 i.CyBleStackMgr_HandleLinkLayerTick
                0x000040b0       0x5c C:\Program Files (x86)\Cypress\PSoC Creator\3.1\PSoC Creator\psoc\content\cycomponentlibrary\CyComponentLibrary.cylib\BLE_v1_20\Library\gccCyBLEStack_BLE_SOC_PERIPHERAL.a(CyBleStackMgr_PSoCHal.o)
                0x000040b0                CyBleStackMgr_HandleLinkLayerTick

i.CyBleStackMgr_HciPortInit
                0x0000410c        0xc
 i.CyBleStackMgr_HciPortInit
                0x0000410c        0xc C:\Program Files (x86)\Cypress\PSoC Creator\3.1\PSoC Creator\psoc\content\cycomponentlibrary\CyComponentLibrary.cylib\BLE_v1_20\Library\gccCyBLEStack_BLE_SOC_PERIPHERAL.a(CyBleStackMgr_PSoCHal.o)
                0x0000410c                CyBleStackMgr_HciPortInit

i.CyBleStackMgr_HciPortReset
                0x00004118        0x2
 i.CyBleStackMgr_HciPortReset
                0x00004118        0x2 C:\Program Files (x86)\Cypress\PSoC Creator\3.1\PSoC Creator\psoc\content\cycomponentlibrary\CyComponentLibrary.cylib\BLE_v1_20\Library\gccCyBLEStack_BLE_SOC_PERIPHERAL.a(CyBleStackMgr_PSoCHal.o)
                0x00004118                CyBleStackMgr_HciPortReset

i.CyBleStackMgr_HciPortWrite
                0x0000411a        0x8
 i.CyBleStackMgr_HciPortWrite
                0x0000411a        0x8 C:\Program Files (x86)\Cypress\PSoC Creator\3.1\PSoC Creator\psoc\content\cycomponentlibrary\CyComponentLibrary.cylib\BLE_v1_20\Library\gccCyBLEStack_BLE_SOC_PERIPHERAL.a(CyBleStackMgr_PSoCHal.o)
                0x0000411a                CyBleStackMgr_HciPortWrite

i.CyBleStackMgr_ResetLinkLayerTimerEntity
                0x00004124       0x14
 i.CyBleStackMgr_ResetLinkLayerTimerEntity
                0x00004124       0x14 C:\Program Files (x86)\Cypress\PSoC Creator\3.1\PSoC Creator\psoc\content\cycomponentlibrary\CyComponentLibrary.cylib\BLE_v1_20\Library\gccCyBLEStack_BLE_SOC_PERIPHERAL.a(CyBleStackMgr_PSoCHal.o)
                0x00004124                CyBleStackMgr_ResetLinkLayerTimerEntity

i.CyBleStackMgr_TimerStart
                0x00004138       0x2c
 i.CyBleStackMgr_TimerStart
                0x00004138       0x2c C:\Program Files (x86)\Cypress\PSoC Creator\3.1\PSoC Creator\psoc\content\cycomponentlibrary\CyComponentLibrary.cylib\BLE_v1_20\Library\gccCyBLEStack_BLE_SOC_PERIPHERAL.a(CyBleStackMgr_PSoCHal.o)
                0x00004138                CyBleStackMgr_TimerStart

i.CyBleStackMgr_TimerStop
                0x00004164       0x18
 i.CyBleStackMgr_TimerStop
                0x00004164       0x18 C:\Program Files (x86)\Cypress\PSoC Creator\3.1\PSoC Creator\psoc\content\cycomponentlibrary\CyComponentLibrary.cylib\BLE_v1_20\Library\gccCyBLEStack_BLE_SOC_PERIPHERAL.a(CyBleStackMgr_PSoCHal.o)
                0x00004164                CyBleStackMgr_TimerStop

i.CyBleStackMgr_isTimerRunning
                0x0000417c       0x10
 i.CyBleStackMgr_isTimerRunning
                0x0000417c       0x10 C:\Program Files (x86)\Cypress\PSoC Creator\3.1\PSoC Creator\psoc\content\cycomponentlibrary\CyComponentLibrary.cylib\BLE_v1_20\Library\gccCyBLEStack_BLE_SOC_PERIPHERAL.a(CyBleStackMgr_PSoCHal.o)
                0x0000417c                CyBleStackMgr_isTimerRunning

i.CyBleAtlantisRadioInit
                0x0000418c      0x1ac
 i.CyBleAtlantisRadioInit
                0x0000418c      0x1ac C:\Program Files (x86)\Cypress\PSoC Creator\3.1\PSoC Creator\psoc\content\cycomponentlibrary\CyComponentLibrary.cylib\BLE_v1_20\Library\gccCyBLEStack_BLE_SOC_PERIPHERAL.a(CyBleStackMgr_BleSSDriver.o)

i.CyBleStackMgr_BleSSFifoRead
                0x00004338       0x38
 i.CyBleStackMgr_BleSSFifoRead
                0x00004338       0x38 C:\Program Files (x86)\Cypress\PSoC Creator\3.1\PSoC Creator\psoc\content\cycomponentlibrary\CyComponentLibrary.cylib\BLE_v1_20\Library\gccCyBLEStack_BLE_SOC_PERIPHERAL.a(CyBleStackMgr_BleSSDriver.o)
                0x00004338                CyBleStackMgr_BleSSFifoRead

i.CyBleStackMgr_BleSSFifoWrite
                0x00004370       0x30
 i.CyBleStackMgr_BleSSFifoWrite
                0x00004370       0x30 C:\Program Files (x86)\Cypress\PSoC Creator\3.1\PSoC Creator\psoc\content\cycomponentlibrary\CyComponentLibrary.cylib\BLE_v1_20\Library\gccCyBLEStack_BLE_SOC_PERIPHERAL.a(CyBleStackMgr_BleSSDriver.o)
                0x00004370                CyBleStackMgr_BleSSFifoWrite

i.CyBleStackMgr_BleSSInit
                0x000043a0       0x50
 i.CyBleStackMgr_BleSSInit
                0x000043a0       0x50 C:\Program Files (x86)\Cypress\PSoC Creator\3.1\PSoC Creator\psoc\content\cycomponentlibrary\CyComponentLibrary.cylib\BLE_v1_20\Library\gccCyBLEStack_BLE_SOC_PERIPHERAL.a(CyBleStackMgr_BleSSDriver.o)
                0x000043a0                CyBleStackMgr_BleSSInit

i.CyBleStackMgr_BleSSMemRead
                0x000043f0       0x26
 i.CyBleStackMgr_BleSSMemRead
                0x000043f0       0x26 C:\Program Files (x86)\Cypress\PSoC Creator\3.1\PSoC Creator\psoc\content\cycomponentlibrary\CyComponentLibrary.cylib\BLE_v1_20\Library\gccCyBLEStack_BLE_SOC_PERIPHERAL.a(CyBleStackMgr_BleSSDriver.o)
                0x000043f0                CyBleStackMgr_BleSSMemRead

i.CyBleStackMgr_BleSSMemWrite
                0x00004418       0x34
 i.CyBleStackMgr_BleSSMemWrite
                0x00004418       0x34 C:\Program Files (x86)\Cypress\PSoC Creator\3.1\PSoC Creator\psoc\content\cycomponentlibrary\CyComponentLibrary.cylib\BLE_v1_20\Library\gccCyBLEStack_BLE_SOC_PERIPHERAL.a(CyBleStackMgr_BleSSDriver.o)
                0x00004418                CyBleStackMgr_BleSSMemWrite

i.CyBleStackMgr_BleSSRegRead
                0x0000444c        0xc
 i.CyBleStackMgr_BleSSRegRead
                0x0000444c        0xc C:\Program Files (x86)\Cypress\PSoC Creator\3.1\PSoC Creator\psoc\content\cycomponentlibrary\CyComponentLibrary.cylib\BLE_v1_20\Library\gccCyBLEStack_BLE_SOC_PERIPHERAL.a(CyBleStackMgr_BleSSDriver.o)
                0x0000444c                CyBleStackMgr_BleSSRegRead

i.CyBleStackMgr_BleSSRegWrite
                0x00004458        0xc
 i.CyBleStackMgr_BleSSRegWrite
                0x00004458        0xc C:\Program Files (x86)\Cypress\PSoC Creator\3.1\PSoC Creator\psoc\content\cycomponentlibrary\CyComponentLibrary.cylib\BLE_v1_20\Library\gccCyBLEStack_BLE_SOC_PERIPHERAL.a(CyBleStackMgr_BleSSDriver.o)
                0x00004458                CyBleStackMgr_BleSSRegWrite

i.CyBleStackMgr_BleSSReset
                0x00004464       0x38
 i.CyBleStackMgr_BleSSReset
                0x00004464       0x38 C:\Program Files (x86)\Cypress\PSoC Creator\3.1\PSoC Creator\psoc\content\cycomponentlibrary\CyComponentLibrary.cylib\BLE_v1_20\Library\gccCyBLEStack_BLE_SOC_PERIPHERAL.a(CyBleStackMgr_BleSSDriver.o)
                0x00004464                CyBleStackMgr_BleSSReset

i.CyBleStackMgr_BleSSShutdown
                0x0000449c       0x24
 i.CyBleStackMgr_BleSSShutdown
                0x0000449c       0x24 C:\Program Files (x86)\Cypress\PSoC Creator\3.1\PSoC Creator\psoc\content\cycomponentlibrary\CyComponentLibrary.cylib\BLE_v1_20\Library\gccCyBLEStack_BLE_SOC_PERIPHERAL.a(CyBleStackMgr_BleSSDriver.o)
                0x0000449c                CyBleStackMgr_BleSSShutdown

i.CyBleStackMgr_GenericIface
                0x000044c0       0x3c
 i.CyBleStackMgr_GenericIface
                0x000044c0       0x3c C:\Program Files (x86)\Cypress\PSoC Creator\3.1\PSoC Creator\psoc\content\cycomponentlibrary\CyComponentLibrary.cylib\BLE_v1_20\Library\gccCyBLEStack_BLE_SOC_PERIPHERAL.a(CyBleStackMgr_BleSSDriver.o)
                0x000044c0                CyBleStackMgr_GenericIface

i.CyBleStackMgr_HandleBleSSIntr
                0x000044fc       0x90
 i.CyBleStackMgr_HandleBleSSIntr
                0x000044fc       0x90 C:\Program Files (x86)\Cypress\PSoC Creator\3.1\PSoC Creator\psoc\content\cycomponentlibrary\CyComponentLibrary.cylib\BLE_v1_20\Library\gccCyBLEStack_BLE_SOC_PERIPHERAL.a(CyBleStackMgr_BleSSDriver.o)
                0x000044fc                CyBleStackMgr_HandleBleSSIntr

i.CyBleStackMgr_SetClockParam
                0x0000458c       0xb4
 i.CyBleStackMgr_SetClockParam
                0x0000458c       0xb4 C:\Program Files (x86)\Cypress\PSoC Creator\3.1\PSoC Creator\psoc\content\cycomponentlibrary\CyComponentLibrary.cylib\BLE_v1_20\Library\gccCyBLEStack_BLE_SOC_PERIPHERAL.a(CyBleStackMgr_BleSSDriver.o)

i.CyBleStackMgr_isXtalCpuClkSource
                0x00004640       0x18
 i.CyBleStackMgr_isXtalCpuClkSource
                0x00004640       0x18 C:\Program Files (x86)\Cypress\PSoC Creator\3.1\PSoC Creator\psoc\content\cycomponentlibrary\CyComponentLibrary.cylib\BLE_v1_20\Library\gccCyBLEStack_BLE_SOC_PERIPHERAL.a(CyBleStackMgr_BleSSDriver.o)
                0x00004640                CyBleStackMgr_isXtalCpuClkSource

i.CyBle_EnterDsmMode
                0x00004658       0x3c
 i.CyBle_EnterDsmMode
                0x00004658       0x3c C:\Program Files (x86)\Cypress\PSoC Creator\3.1\PSoC Creator\psoc\content\cycomponentlibrary\CyComponentLibrary.cylib\BLE_v1_20\Library\gccCyBLEStack_BLE_SOC_PERIPHERAL.a(CyBleStackMgr_BleSSDriver.o)
                0x00004658                CyBle_EnterDsmMode

i.CyBle_ExitDsmMode
                0x00004694       0x2c
 i.CyBle_ExitDsmMode
                0x00004694       0x2c C:\Program Files (x86)\Cypress\PSoC Creator\3.1\PSoC Creator\psoc\content\cycomponentlibrary\CyComponentLibrary.cylib\BLE_v1_20\Library\gccCyBLEStack_BLE_SOC_PERIPHERAL.a(CyBleStackMgr_BleSSDriver.o)
                0x00004694                CyBle_ExitDsmMode

i.CyBle_GetBleSsOperationalMode
                0x000046c0        0xc
 i.CyBle_GetBleSsOperationalMode
                0x000046c0        0xc C:\Program Files (x86)\Cypress\PSoC Creator\3.1\PSoC Creator\psoc\content\cycomponentlibrary\CyComponentLibrary.cylib\BLE_v1_20\Library\gccCyBLEStack_BLE_SOC_PERIPHERAL.a(CyBleStackMgr_BleSSDriver.o)
                0x000046c0                CyBle_GetBleSsOperationalMode

i.CyBle_GetEventCloseState
                0x000046cc       0x10
 i.CyBle_GetEventCloseState
                0x000046cc       0x10 C:\Program Files (x86)\Cypress\PSoC Creator\3.1\PSoC Creator\psoc\content\cycomponentlibrary\CyComponentLibrary.cylib\BLE_v1_20\Library\gccCyBLEStack_BLE_SOC_PERIPHERAL.a(CyBleStackMgr_BleSSDriver.o)
                0x000046cc                CyBle_GetEventCloseState

i.CyBle_GetLpMode
                0x000046dc       0x26
 i.CyBle_GetLpMode
                0x000046dc       0x26 C:\Program Files (x86)\Cypress\PSoC Creator\3.1\PSoC Creator\psoc\content\cycomponentlibrary\CyComponentLibrary.cylib\BLE_v1_20\Library\gccCyBLEStack_BLE_SOC_PERIPHERAL.a(CyBleStackMgr_BleSSDriver.o)
                0x000046dc                CyBle_GetLpMode

i.CyBle_GetTxGainMode
                0x00004704       0x2c
 i.CyBle_GetTxGainMode
                0x00004704       0x2c C:\Program Files (x86)\Cypress\PSoC Creator\3.1\PSoC Creator\psoc\content\cycomponentlibrary\CyComponentLibrary.cylib\BLE_v1_20\Library\gccCyBLEStack_BLE_SOC_PERIPHERAL.a(CyBleStackMgr_BleSSDriver.o)
                0x00004704                CyBle_GetTxGainMode

i.CyBle_SetAutoWakeUp
                0x00004730        0xc
 i.CyBle_SetAutoWakeUp
                0x00004730        0xc C:\Program Files (x86)\Cypress\PSoC Creator\3.1\PSoC Creator\psoc\content\cycomponentlibrary\CyComponentLibrary.cylib\BLE_v1_20\Library\gccCyBLEStack_BLE_SOC_PERIPHERAL.a(CyBleStackMgr_BleSSDriver.o)
                0x00004730                CyBle_SetAutoWakeUp

i.CyBle_SetBleSsOperationalMode
                0x0000473c       0x20
 i.CyBle_SetBleSsOperationalMode
                0x0000473c       0x20 C:\Program Files (x86)\Cypress\PSoC Creator\3.1\PSoC Creator\psoc\content\cycomponentlibrary\CyComponentLibrary.cylib\BLE_v1_20\Library\gccCyBLEStack_BLE_SOC_PERIPHERAL.a(CyBleStackMgr_BleSSDriver.o)
                0x0000473c                CyBle_SetBleSsOperationalMode

i.CyBle_SetEventCloseState
                0x0000475c        0xc
 i.CyBle_SetEventCloseState
                0x0000475c        0xc C:\Program Files (x86)\Cypress\PSoC Creator\3.1\PSoC Creator\psoc\content\cycomponentlibrary\CyComponentLibrary.cylib\BLE_v1_20\Library\gccCyBLEStack_BLE_SOC_PERIPHERAL.a(CyBleStackMgr_BleSSDriver.o)
                0x0000475c                CyBle_SetEventCloseState

i.CyBle_SetRxGainMode
                0x00004768       0x20
 i.CyBle_SetRxGainMode
                0x00004768       0x20 C:\Program Files (x86)\Cypress\PSoC Creator\3.1\PSoC Creator\psoc\content\cycomponentlibrary\CyComponentLibrary.cylib\BLE_v1_20\Library\gccCyBLEStack_BLE_SOC_PERIPHERAL.a(CyBleStackMgr_BleSSDriver.o)
                0x00004768                CyBle_SetRxGainMode

i.CyBle_SetTxGainMode
                0x00004788       0x38
 i.CyBle_SetTxGainMode
                0x00004788       0x38 C:\Program Files (x86)\Cypress\PSoC Creator\3.1\PSoC Creator\psoc\content\cycomponentlibrary\CyComponentLibrary.cylib\BLE_v1_20\Library\gccCyBLEStack_BLE_SOC_PERIPHERAL.a(CyBleStackMgr_BleSSDriver.o)
                0x00004788                CyBle_SetTxGainMode

i.pf_rf_get_abs_rssi
                0x000047c0       0x24
 i.pf_rf_get_abs_rssi
                0x000047c0       0x24 C:\Program Files (x86)\Cypress\PSoC Creator\3.1\PSoC Creator\psoc\content\cycomponentlibrary\CyComponentLibrary.cylib\BLE_v1_20\Library\gccCyBLEStack_BLE_SOC_PERIPHERAL.a(CyBleStackMgr_BleSSDriver.o)
                0x000047c0                pf_rf_get_abs_rssi

i.OS_init       0x000047e4       0x64
 i.OS_init      0x000047e4       0x64 C:\Program Files (x86)\Cypress\PSoC Creator\3.1\PSoC Creator\psoc\content\cycomponentlibrary\CyComponentLibrary.cylib\BLE_v1_20\Library\gccCyBLEStack_BLE_SOC_PERIPHERAL.a(mint_os.o)
                0x000047e4                OS_init

i.mintos_malloc
                0x00004848       0x34
 i.mintos_malloc
                0x00004848       0x34 C:\Program Files (x86)\Cypress\PSoC Creator\3.1\PSoC Creator\psoc\content\cycomponentlibrary\CyComponentLibrary.cylib\BLE_v1_20\Library\gccCyBLEStack_BLE_SOC_PERIPHERAL.a(mint_os.o)
                0x00004848                mintos_malloc

i.OS_create_queue
                0x0000487c       0x64
 i.OS_create_queue
                0x0000487c       0x64 C:\Program Files (x86)\Cypress\PSoC Creator\3.1\PSoC Creator\psoc\content\cycomponentlibrary\CyComponentLibrary.cylib\BLE_v1_20\Library\gccCyBLEStack_BLE_SOC_PERIPHERAL.a(mint_os_queue.o)
                0x0000487c                OS_create_queue

i.OS_enqueue_item
                0x000048e0       0x8c
 i.OS_enqueue_item
                0x000048e0       0x8c C:\Program Files (x86)\Cypress\PSoC Creator\3.1\PSoC Creator\psoc\content\cycomponentlibrary\CyComponentLibrary.cylib\BLE_v1_20\Library\gccCyBLEStack_BLE_SOC_PERIPHERAL.a(mint_os_queue.o)
                0x000048e0                OS_enqueue_item

i.OS_queue_get_num_of_items
                0x0000496c       0x28
 i.OS_queue_get_num_of_items
                0x0000496c       0x28 C:\Program Files (x86)\Cypress\PSoC Creator\3.1\PSoC Creator\psoc\content\cycomponentlibrary\CyComponentLibrary.cylib\BLE_v1_20\Library\gccCyBLEStack_BLE_SOC_PERIPHERAL.a(mint_os_queue.o)
                0x0000496c                OS_queue_get_num_of_items

i.OS_queue_mgmt_init
                0x00004994       0x40
 i.OS_queue_mgmt_init
                0x00004994       0x40 C:\Program Files (x86)\Cypress\PSoC Creator\3.1\PSoC Creator\psoc\content\cycomponentlibrary\CyComponentLibrary.cylib\BLE_v1_20\Library\gccCyBLEStack_BLE_SOC_PERIPHERAL.a(mint_os_queue.o)
                0x00004994                OS_queue_mgmt_init

i.OS_remove_item
                0x000049d4       0xa0
 i.OS_remove_item
                0x000049d4       0xa0 C:\Program Files (x86)\Cypress\PSoC Creator\3.1\PSoC Creator\psoc\content\cycomponentlibrary\CyComponentLibrary.cylib\BLE_v1_20\Library\gccCyBLEStack_BLE_SOC_PERIPHERAL.a(mint_os_queue.o)
                0x000049d4                OS_remove_item

i.OS_create_task
                0x00004a74       0x88
 i.OS_create_task
                0x00004a74       0x88 C:\Program Files (x86)\Cypress\PSoC Creator\3.1\PSoC Creator\psoc\content\cycomponentlibrary\CyComponentLibrary.cylib\BLE_v1_20\Library\gccCyBLEStack_BLE_SOC_PERIPHERAL.a(mint_os_task.o)
                0x00004a74                OS_create_task

i.OS_isr_send_signal_to_task
                0x00004afc        0xc
 i.OS_isr_send_signal_to_task
                0x00004afc        0xc C:\Program Files (x86)\Cypress\PSoC Creator\3.1\PSoC Creator\psoc\content\cycomponentlibrary\CyComponentLibrary.cylib\BLE_v1_20\Library\gccCyBLEStack_BLE_SOC_PERIPHERAL.a(mint_os_task.o)
                0x00004afc                OS_isr_send_signal_to_task

i.OS_scheduler  0x00004b08       0x64
 i.OS_scheduler
                0x00004b08       0x64 C:\Program Files (x86)\Cypress\PSoC Creator\3.1\PSoC Creator\psoc\content\cycomponentlibrary\CyComponentLibrary.cylib\BLE_v1_20\Library\gccCyBLEStack_BLE_SOC_PERIPHERAL.a(mint_os_task.o)
                0x00004b08                OS_scheduler

i.OS_send_signal_to_task
                0x00004b6c        0xc
 i.OS_send_signal_to_task
                0x00004b6c        0xc C:\Program Files (x86)\Cypress\PSoC Creator\3.1\PSoC Creator\psoc\content\cycomponentlibrary\CyComponentLibrary.cylib\BLE_v1_20\Library\gccCyBLEStack_BLE_SOC_PERIPHERAL.a(mint_os_task.o)
                0x00004b6c                OS_send_signal_to_task

i.OS_send_signal_to_task_context
                0x00004b78       0x3c
 i.OS_send_signal_to_task_context
                0x00004b78       0x3c C:\Program Files (x86)\Cypress\PSoC Creator\3.1\PSoC Creator\psoc\content\cycomponentlibrary\CyComponentLibrary.cylib\BLE_v1_20\Library\gccCyBLEStack_BLE_SOC_PERIPHERAL.a(mint_os_task.o)

i.OS_task_mgmt_init
                0x00004bb4       0x50
 i.OS_task_mgmt_init
                0x00004bb4       0x50 C:\Program Files (x86)\Cypress\PSoC Creator\3.1\PSoC Creator\psoc\content\cycomponentlibrary\CyComponentLibrary.cylib\BLE_v1_20\Library\gccCyBLEStack_BLE_SOC_PERIPHERAL.a(mint_os_task.o)
                0x00004bb4                OS_task_mgmt_init

i.mint_buf_mgmt_allocate_buffer
                0x00004c04       0x4c
 i.mint_buf_mgmt_allocate_buffer
                0x00004c04       0x4c C:\Program Files (x86)\Cypress\PSoC Creator\3.1\PSoC Creator\psoc\content\cycomponentlibrary\CyComponentLibrary.cylib\BLE_v1_20\Library\gccCyBLEStack_BLE_SOC_PERIPHERAL.a(mint_buf_mgmt.o)
                0x00004c04                mint_buf_mgmt_allocate_buffer

i.mint_buf_mgmt_create_pool
                0x00004c50       0xd8
 i.mint_buf_mgmt_create_pool
                0x00004c50       0xd8 C:\Program Files (x86)\Cypress\PSoC Creator\3.1\PSoC Creator\psoc\content\cycomponentlibrary\CyComponentLibrary.cylib\BLE_v1_20\Library\gccCyBLEStack_BLE_SOC_PERIPHERAL.a(mint_buf_mgmt.o)
                0x00004c50                mint_buf_mgmt_create_pool

i.mint_buf_mgmt_free_buffer
                0x00004d28       0xa4
 i.mint_buf_mgmt_free_buffer
                0x00004d28       0xa4 C:\Program Files (x86)\Cypress\PSoC Creator\3.1\PSoC Creator\psoc\content\cycomponentlibrary\CyComponentLibrary.cylib\BLE_v1_20\Library\gccCyBLEStack_BLE_SOC_PERIPHERAL.a(mint_buf_mgmt.o)
                0x00004d28                mint_buf_mgmt_free_buffer

i.mint_buf_mgmt_get_free_heap
                0x00004dcc       0x1c
 i.mint_buf_mgmt_get_free_heap
                0x00004dcc       0x1c C:\Program Files (x86)\Cypress\PSoC Creator\3.1\PSoC Creator\psoc\content\cycomponentlibrary\CyComponentLibrary.cylib\BLE_v1_20\Library\gccCyBLEStack_BLE_SOC_PERIPHERAL.a(mint_buf_mgmt.o)
                0x00004dcc                mint_buf_mgmt_get_free_heap

i.mint_buf_mgmt_init
                0x00004de8       0x44
 i.mint_buf_mgmt_init
                0x00004de8       0x44 C:\Program Files (x86)\Cypress\PSoC Creator\3.1\PSoC Creator\psoc\content\cycomponentlibrary\CyComponentLibrary.cylib\BLE_v1_20\Library\gccCyBLEStack_BLE_SOC_PERIPHERAL.a(mint_buf_mgmt.o)
                0x00004de8                mint_buf_mgmt_init

i.mint_buf_mgmt_malloc
                0x00004e2c       0x2c
 i.mint_buf_mgmt_malloc
                0x00004e2c       0x2c C:\Program Files (x86)\Cypress\PSoC Creator\3.1\PSoC Creator\psoc\content\cycomponentlibrary\CyComponentLibrary.cylib\BLE_v1_20\Library\gccCyBLEStack_BLE_SOC_PERIPHERAL.a(mint_buf_mgmt.o)
                0x00004e2c                mint_buf_mgmt_malloc

i.mint_buf_mgmt_reset_pool
                0x00004e58       0x70
 i.mint_buf_mgmt_reset_pool
                0x00004e58       0x70 C:\Program Files (x86)\Cypress\PSoC Creator\3.1\PSoC Creator\psoc\content\cycomponentlibrary\CyComponentLibrary.cylib\BLE_v1_20\Library\gccCyBLEStack_BLE_SOC_PERIPHERAL.a(mint_buf_mgmt.o)
                0x00004e58                mint_buf_mgmt_reset_pool

i.mint_buf_mgmt_stack_init
                0x00004ec8       0x24
 i.mint_buf_mgmt_stack_init
                0x00004ec8       0x24 C:\Program Files (x86)\Cypress\PSoC Creator\3.1\PSoC Creator\psoc\content\cycomponentlibrary\CyComponentLibrary.cylib\BLE_v1_20\Library\gccCyBLEStack_BLE_SOC_PERIPHERAL.a(mint_buf_mgmt.o)
                0x00004ec8                mint_buf_mgmt_stack_init

i.mint_buf_mgmt_stack_pop
                0x00004eec       0x36
 i.mint_buf_mgmt_stack_pop
                0x00004eec       0x36 C:\Program Files (x86)\Cypress\PSoC Creator\3.1\PSoC Creator\psoc\content\cycomponentlibrary\CyComponentLibrary.cylib\BLE_v1_20\Library\gccCyBLEStack_BLE_SOC_PERIPHERAL.a(mint_buf_mgmt.o)
                0x00004eec                mint_buf_mgmt_stack_pop

i.mint_buf_mgmt_stack_push
                0x00004f22       0x36
 i.mint_buf_mgmt_stack_push
                0x00004f22       0x36 C:\Program Files (x86)\Cypress\PSoC Creator\3.1\PSoC Creator\psoc\content\cycomponentlibrary\CyComponentLibrary.cylib\BLE_v1_20\Library\gccCyBLEStack_BLE_SOC_PERIPHERAL.a(mint_buf_mgmt.o)
                0x00004f22                mint_buf_mgmt_stack_push

i.mint_buf_mgmt_stack_reset
                0x00004f58       0x1e
 i.mint_buf_mgmt_stack_reset
                0x00004f58       0x1e C:\Program Files (x86)\Cypress\PSoC Creator\3.1\PSoC Creator\psoc\content\cycomponentlibrary\CyComponentLibrary.cylib\BLE_v1_20\Library\gccCyBLEStack_BLE_SOC_PERIPHERAL.a(mint_buf_mgmt.o)
                0x00004f58                mint_buf_mgmt_stack_reset

i.mint_buf_mgmt_stack_search_item
                0x00004f76       0x30
 i.mint_buf_mgmt_stack_search_item
                0x00004f76       0x30 C:\Program Files (x86)\Cypress\PSoC Creator\3.1\PSoC Creator\psoc\content\cycomponentlibrary\CyComponentLibrary.cylib\BLE_v1_20\Library\gccCyBLEStack_BLE_SOC_PERIPHERAL.a(mint_buf_mgmt.o)
                0x00004f76                mint_buf_mgmt_stack_search_item

i.mint_buf_mgmt_pl_init
                0x00004fa8       0x2c
 i.mint_buf_mgmt_pl_init
                0x00004fa8       0x2c C:\Program Files (x86)\Cypress\PSoC Creator\3.1\PSoC Creator\psoc\content\cycomponentlibrary\CyComponentLibrary.cylib\BLE_v1_20\Library\gccCyBLEStack_BLE_SOC_PERIPHERAL.a(mint_buf_mgmt_pl.o)
                0x00004fa8                mint_buf_mgmt_pl_init

i.CyBleControllerIP_GetPingState
                0x00004fd4        0xc
 i.CyBleControllerIP_GetPingState
                0x00004fd4        0xc C:\Program Files (x86)\Cypress\PSoC Creator\3.1\PSoC Creator\psoc\content\cycomponentlibrary\CyComponentLibrary.cylib\BLE_v1_20\Library\gccCyBLEStack_BLE_SOC_PERIPHERAL.a(CyBleControllerIP_Interface.o)
                0x00004fd4                CyBleControllerIP_GetPingState

i.CyBleController_AddDeviceToWhiteList
                0x00004fe0       0x40
 i.CyBleController_AddDeviceToWhiteList
                0x00004fe0       0x40 C:\Program Files (x86)\Cypress\PSoC Creator\3.1\PSoC Creator\psoc\content\cycomponentlibrary\CyComponentLibrary.cylib\BLE_v1_20\Library\gccCyBLEStack_BLE_SOC_PERIPHERAL.a(CyBleControllerIP_Interface.o)
                0x00004fe0                CyBleController_AddDeviceToWhiteList

i.CyBleController_ClearWhiteList
                0x00005020       0x1a
 i.CyBleController_ClearWhiteList
                0x00005020       0x1a C:\Program Files (x86)\Cypress\PSoC Creator\3.1\PSoC Creator\psoc\content\cycomponentlibrary\CyComponentLibrary.cylib\BLE_v1_20\Library\gccCyBLEStack_BLE_SOC_PERIPHERAL.a(CyBleControllerIP_Interface.o)
                0x00005020                CyBleController_ClearWhiteList

i.CyBleController_EnterLowPowerMode
                0x0000503a       0x2c
 i.CyBleController_EnterLowPowerMode
                0x0000503a       0x2c C:\Program Files (x86)\Cypress\PSoC Creator\3.1\PSoC Creator\psoc\content\cycomponentlibrary\CyComponentLibrary.cylib\BLE_v1_20\Library\gccCyBLEStack_BLE_SOC_PERIPHERAL.a(CyBleControllerIP_Interface.o)
                0x0000503a                CyBleController_EnterLowPowerMode

i.CyBleController_ExitLowPowerMode
                0x00005066       0x10
 i.CyBleController_ExitLowPowerMode
                0x00005066       0x10 C:\Program Files (x86)\Cypress\PSoC Creator\3.1\PSoC Creator\psoc\content\cycomponentlibrary\CyComponentLibrary.cylib\BLE_v1_20\Library\gccCyBLEStack_BLE_SOC_PERIPHERAL.a(CyBleControllerIP_Interface.o)
                0x00005066                CyBleController_ExitLowPowerMode

i.CyBleController_Init
                0x00005078       0x3c
 i.CyBleController_Init
                0x00005078       0x3c C:\Program Files (x86)\Cypress\PSoC Creator\3.1\PSoC Creator\psoc\content\cycomponentlibrary\CyComponentLibrary.cylib\BLE_v1_20\Library\gccCyBLEStack_BLE_SOC_PERIPHERAL.a(CyBleControllerIP_Interface.o)
                0x00005078                CyBleController_Init

i.CyBleController_RemoveDeviceFromWhiteList
                0x000050b4       0x38
 i.CyBleController_RemoveDeviceFromWhiteList
                0x000050b4       0x38 C:\Program Files (x86)\Cypress\PSoC Creator\3.1\PSoC Creator\psoc\content\cycomponentlibrary\CyComponentLibrary.cylib\BLE_v1_20\Library\gccCyBLEStack_BLE_SOC_PERIPHERAL.a(CyBleControllerIP_Interface.o)
                0x000050b4                CyBleController_RemoveDeviceFromWhiteList

i.CyBleController_SetDeviceAddress
                0x000050ec       0x2e
 i.CyBleController_SetDeviceAddress
                0x000050ec       0x2e C:\Program Files (x86)\Cypress\PSoC Creator\3.1\PSoC Creator\psoc\content\cycomponentlibrary\CyComponentLibrary.cylib\BLE_v1_20\Library\gccCyBLEStack_BLE_SOC_PERIPHERAL.a(CyBleControllerIP_Interface.o)
                0x000050ec                CyBleController_SetDeviceAddress

i.CyBle_GetBleSsState
                0x0000511a       0x10
 i.CyBle_GetBleSsState
                0x0000511a       0x10 C:\Program Files (x86)\Cypress\PSoC Creator\3.1\PSoC Creator\psoc\content\cycomponentlibrary\CyComponentLibrary.cylib\BLE_v1_20\Library\gccCyBLEStack_BLE_SOC_PERIPHERAL.a(CyBleControllerIP_Interface.o)
                0x0000511a                CyBle_GetBleSsState

i.CyBle_GetTxPowerLevel
                0x0000512a       0x4e
 i.CyBle_GetTxPowerLevel
                0x0000512a       0x4e C:\Program Files (x86)\Cypress\PSoC Creator\3.1\PSoC Creator\psoc\content\cycomponentlibrary\CyComponentLibrary.cylib\BLE_v1_20\Library\gccCyBLEStack_BLE_SOC_PERIPHERAL.a(CyBleControllerIP_Interface.o)
                0x0000512a                CyBle_GetTxPowerLevel

i.CyBle_SetTxPowerLevel
                0x00005178       0x56
 i.CyBle_SetTxPowerLevel
                0x00005178       0x56 C:\Program Files (x86)\Cypress\PSoC Creator\3.1\PSoC Creator\psoc\content\cycomponentlibrary\CyComponentLibrary.cylib\BLE_v1_20\Library\gccCyBLEStack_BLE_SOC_PERIPHERAL.a(CyBleControllerIP_Interface.o)
                0x00005178                CyBle_SetTxPowerLevel

i.CyBle_isFlashWriteAllowed
                0x000051d0       0x34
 i.CyBle_isFlashWriteAllowed
                0x000051d0       0x34 C:\Program Files (x86)\Cypress\PSoC Creator\3.1\PSoC Creator\psoc\content\cycomponentlibrary\CyComponentLibrary.cylib\BLE_v1_20\Library\gccCyBLEStack_BLE_SOC_PERIPHERAL.a(CyBleControllerIP_Interface.o)
                0x000051d0                CyBle_isFlashWriteAllowed

i.ll_check_and_mark_packet_ready_for_transmission
                0x00005204       0x28
 i.ll_check_and_mark_packet_ready_for_transmission
                0x00005204       0x28 C:\Program Files (x86)\Cypress\PSoC Creator\3.1\PSoC Creator\psoc\content\cycomponentlibrary\CyComponentLibrary.cylib\BLE_v1_20\Library\gccCyBLEStack_BLE_SOC_PERIPHERAL.a(ll.o)
                0x00005204                ll_check_and_mark_packet_ready_for_transmission

i.ll_cleanup_pending_data_pdu
                0x0000522c       0x38
 i.ll_cleanup_pending_data_pdu
                0x0000522c       0x38 C:\Program Files (x86)\Cypress\PSoC Creator\3.1\PSoC Creator\psoc\content\cycomponentlibrary\CyComponentLibrary.cylib\BLE_v1_20\Library\gccCyBLEStack_BLE_SOC_PERIPHERAL.a(ll.o)
                0x0000522c                ll_cleanup_pending_data_pdu

i.ll_enter_dsm_mode
                0x00005264      0x1a4
 i.ll_enter_dsm_mode
                0x00005264      0x1a4 C:\Program Files (x86)\Cypress\PSoC Creator\3.1\PSoC Creator\psoc\content\cycomponentlibrary\CyComponentLibrary.cylib\BLE_v1_20\Library\gccCyBLEStack_BLE_SOC_PERIPHERAL.a(ll.o)
                0x00005264                ll_enter_dsm_mode

i.ll_enter_hibernate_mode
                0x00005408       0x28
 i.ll_enter_hibernate_mode
                0x00005408       0x28 C:\Program Files (x86)\Cypress\PSoC Creator\3.1\PSoC Creator\psoc\content\cycomponentlibrary\CyComponentLibrary.cylib\BLE_v1_20\Library\gccCyBLEStack_BLE_SOC_PERIPHERAL.a(ll.o)
                0x00005408                ll_enter_hibernate_mode

i.ll_enter_sm_mode
                0x00005430       0x60
 i.ll_enter_sm_mode
                0x00005430       0x60 C:\Program Files (x86)\Cypress\PSoC Creator\3.1\PSoC Creator\psoc\content\cycomponentlibrary\CyComponentLibrary.cylib\BLE_v1_20\Library\gccCyBLEStack_BLE_SOC_PERIPHERAL.a(ll.o)
                0x00005430                ll_enter_sm_mode

i.ll_exit_low_power_mode
                0x00005490       0xac
 i.ll_exit_low_power_mode
                0x00005490       0xac C:\Program Files (x86)\Cypress\PSoC Creator\3.1\PSoC Creator\psoc\content\cycomponentlibrary\CyComponentLibrary.cylib\BLE_v1_20\Library\gccCyBLEStack_BLE_SOC_PERIPHERAL.a(ll.o)
                0x00005490                ll_exit_low_power_mode

i.ll_get_ack_status
                0x0000553c       0x3c
 i.ll_get_ack_status
                0x0000553c       0x3c C:\Program Files (x86)\Cypress\PSoC Creator\3.1\PSoC Creator\psoc\content\cycomponentlibrary\CyComponentLibrary.cylib\BLE_v1_20\Library\gccCyBLEStack_BLE_SOC_PERIPHERAL.a(ll.o)
                0x0000553c                ll_get_ack_status

i.ll_get_ack_status_for_all_connections
                0x00005578       0x34
 i.ll_get_ack_status_for_all_connections
                0x00005578       0x34 C:\Program Files (x86)\Cypress\PSoC Creator\3.1\PSoC Creator\psoc\content\cycomponentlibrary\CyComponentLibrary.cylib\BLE_v1_20\Library\gccCyBLEStack_BLE_SOC_PERIPHERAL.a(ll.o)
                0x00005578                ll_get_ack_status_for_all_connections

i.ll_get_adv_ch_tx_power
                0x000055ac       0x20
 i.ll_get_adv_ch_tx_power
                0x000055ac       0x20 C:\Program Files (x86)\Cypress\PSoC Creator\3.1\PSoC Creator\psoc\content\cycomponentlibrary\CyComponentLibrary.cylib\BLE_v1_20\Library\gccCyBLEStack_BLE_SOC_PERIPHERAL.a(ll.o)
                0x000055ac                ll_get_adv_ch_tx_power

i.ll_get_data_channel_map
                0x000055cc       0x24
 i.ll_get_data_channel_map
                0x000055cc       0x24 C:\Program Files (x86)\Cypress\PSoC Creator\3.1\PSoC Creator\psoc\content\cycomponentlibrary\CyComponentLibrary.cylib\BLE_v1_20\Library\gccCyBLEStack_BLE_SOC_PERIPHERAL.a(ll.o)
                0x000055cc                ll_get_data_channel_map

i.ll_get_max_white_list_size
                0x000055f0        0xc
 i.ll_get_max_white_list_size
                0x000055f0        0xc C:\Program Files (x86)\Cypress\PSoC Creator\3.1\PSoC Creator\psoc\content\cycomponentlibrary\CyComponentLibrary.cylib\BLE_v1_20\Library\gccCyBLEStack_BLE_SOC_PERIPHERAL.a(ll.o)
                0x000055f0                ll_get_max_white_list_size

i.ll_get_my_role
                0x000055fc        0xc
 i.ll_get_my_role
                0x000055fc        0xc C:\Program Files (x86)\Cypress\PSoC Creator\3.1\PSoC Creator\psoc\content\cycomponentlibrary\CyComponentLibrary.cylib\BLE_v1_20\Library\gccCyBLEStack_BLE_SOC_PERIPHERAL.a(ll.o)
                0x000055fc                ll_get_my_role

i.ll_get_next_available_fifo_for_data_pdu
                0x00005608        0x8
 i.ll_get_next_available_fifo_for_data_pdu
                0x00005608        0x8 C:\Program Files (x86)\Cypress\PSoC Creator\3.1\PSoC Creator\psoc\content\cycomponentlibrary\CyComponentLibrary.cylib\BLE_v1_20\Library\gccCyBLEStack_BLE_SOC_PERIPHERAL.a(ll.o)
                0x00005608                ll_get_next_available_fifo_for_data_pdu

i.ll_get_next_available_fifo_for_ll_pdu
                0x00005610       0x24
 i.ll_get_next_available_fifo_for_ll_pdu
                0x00005610       0x24 C:\Program Files (x86)\Cypress\PSoC Creator\3.1\PSoC Creator\psoc\content\cycomponentlibrary\CyComponentLibrary.cylib\BLE_v1_20\Library\gccCyBLEStack_BLE_SOC_PERIPHERAL.a(ll.o)
                0x00005610                ll_get_next_available_fifo_for_ll_pdu

i.ll_get_rssi_value
                0x00005634       0x26
 i.ll_get_rssi_value
                0x00005634       0x26 C:\Program Files (x86)\Cypress\PSoC Creator\3.1\PSoC Creator\psoc\content\cycomponentlibrary\CyComponentLibrary.cylib\BLE_v1_20\Library\gccCyBLEStack_BLE_SOC_PERIPHERAL.a(ll.o)
                0x00005634                ll_get_rssi_value

i.ll_get_transmit_power_level
                0x0000565c       0x2c
 i.ll_get_transmit_power_level
                0x0000565c       0x2c C:\Program Files (x86)\Cypress\PSoC Creator\3.1\PSoC Creator\psoc\content\cycomponentlibrary\CyComponentLibrary.cylib\BLE_v1_20\Library\gccCyBLEStack_BLE_SOC_PERIPHERAL.a(ll.o)
                0x0000565c                ll_get_transmit_power_level

i.ll_handle_ack_received
                0x00005688       0x74
 i.ll_handle_ack_received
                0x00005688       0x74 C:\Program Files (x86)\Cypress\PSoC Creator\3.1\PSoC Creator\psoc\content\cycomponentlibrary\CyComponentLibrary.cylib\BLE_v1_20\Library\gccCyBLEStack_BLE_SOC_PERIPHERAL.a(ll.o)
                0x00005688                ll_handle_ack_received

i.ll_handle_add_device_in_whitelist
                0x000056fc       0x3a
 i.ll_handle_add_device_in_whitelist
                0x000056fc       0x3a C:\Program Files (x86)\Cypress\PSoC Creator\3.1\PSoC Creator\psoc\content\cycomponentlibrary\CyComponentLibrary.cylib\BLE_v1_20\Library\gccCyBLEStack_BLE_SOC_PERIPHERAL.a(ll.o)
                0x000056fc                ll_handle_add_device_in_whitelist

i.ll_handle_clear_whitelist
                0x00005736       0x16
 i.ll_handle_clear_whitelist
                0x00005736       0x16 C:\Program Files (x86)\Cypress\PSoC Creator\3.1\PSoC Creator\psoc\content\cycomponentlibrary\CyComponentLibrary.cylib\BLE_v1_20\Library\gccCyBLEStack_BLE_SOC_PERIPHERAL.a(ll.o)
                0x00005736                ll_handle_clear_whitelist

i.ll_handle_encrypt_host_data
                0x0000574c       0x36
 i.ll_handle_encrypt_host_data
                0x0000574c       0x36 C:\Program Files (x86)\Cypress\PSoC Creator\3.1\PSoC Creator\psoc\content\cycomponentlibrary\CyComponentLibrary.cylib\BLE_v1_20\Library\gccCyBLEStack_BLE_SOC_PERIPHERAL.a(ll.o)
                0x0000574c                ll_handle_encrypt_host_data

i.ll_handle_host_data_packet
                0x00005782       0x54
 i.ll_handle_host_data_packet
                0x00005782       0x54 C:\Program Files (x86)\Cypress\PSoC Creator\3.1\PSoC Creator\psoc\content\cycomponentlibrary\CyComponentLibrary.cylib\BLE_v1_20\Library\gccCyBLEStack_BLE_SOC_PERIPHERAL.a(ll.o)
                0x00005782                ll_handle_host_data_packet

i.ll_handle_read_host_channel_map
                0x000057d6        0x4
 i.ll_handle_read_host_channel_map
                0x000057d6        0x4 C:\Program Files (x86)\Cypress\PSoC Creator\3.1\PSoC Creator\psoc\content\cycomponentlibrary\CyComponentLibrary.cylib\BLE_v1_20\Library\gccCyBLEStack_BLE_SOC_PERIPHERAL.a(ll.o)
                0x000057d6                ll_handle_read_host_channel_map

i.ll_handle_remove_device_in_whitelist
                0x000057da       0x2a
 i.ll_handle_remove_device_in_whitelist
                0x000057da       0x2a C:\Program Files (x86)\Cypress\PSoC Creator\3.1\PSoC Creator\psoc\content\cycomponentlibrary\CyComponentLibrary.cylib\BLE_v1_20\Library\gccCyBLEStack_BLE_SOC_PERIPHERAL.a(ll.o)
                0x000057da                ll_handle_remove_device_in_whitelist

i.ll_handle_reset
                0x00005804        0xe
 i.ll_handle_reset
                0x00005804        0xe C:\Program Files (x86)\Cypress\PSoC Creator\3.1\PSoC Creator\psoc\content\cycomponentlibrary\CyComponentLibrary.cylib\BLE_v1_20\Library\gccCyBLEStack_BLE_SOC_PERIPHERAL.a(ll.o)
                0x00005804                ll_handle_reset

i.ll_handle_set_random_address
                0x00005812       0x36
 i.ll_handle_set_random_address
                0x00005812       0x36 C:\Program Files (x86)\Cypress\PSoC Creator\3.1\PSoC Creator\psoc\content\cycomponentlibrary\CyComponentLibrary.cylib\BLE_v1_20\Library\gccCyBLEStack_BLE_SOC_PERIPHERAL.a(ll.o)
                0x00005812                ll_handle_set_random_address

i.ll_init       0x00005848       0x18
 i.ll_init      0x00005848       0x18 C:\Program Files (x86)\Cypress\PSoC Creator\3.1\PSoC Creator\psoc\content\cycomponentlibrary\CyComponentLibrary.cylib\BLE_v1_20\Library\gccCyBLEStack_BLE_SOC_PERIPHERAL.a(ll.o)
                0x00005848                ll_init

i.ll_initialize_device_attributes
                0x00005860       0x4c
 i.ll_initialize_device_attributes
                0x00005860       0x4c C:\Program Files (x86)\Cypress\PSoC Creator\3.1\PSoC Creator\psoc\content\cycomponentlibrary\CyComponentLibrary.cylib\BLE_v1_20\Library\gccCyBLEStack_BLE_SOC_PERIPHERAL.a(ll.o)
                0x00005860                ll_initialize_device_attributes

i.ll_is_pkt_pending
                0x000058ac       0x2a
 i.ll_is_pkt_pending
                0x000058ac       0x2a C:\Program Files (x86)\Cypress\PSoC Creator\3.1\PSoC Creator\psoc\content\cycomponentlibrary\CyComponentLibrary.cylib\BLE_v1_20\Library\gccCyBLEStack_BLE_SOC_PERIPHERAL.a(ll.o)
                0x000058ac                ll_is_pkt_pending

i.ll_is_sent_pkt_pending
                0x000058d6       0x1a
 i.ll_is_sent_pkt_pending
                0x000058d6       0x1a C:\Program Files (x86)\Cypress\PSoC Creator\3.1\PSoC Creator\psoc\content\cycomponentlibrary\CyComponentLibrary.cylib\BLE_v1_20\Library\gccCyBLEStack_BLE_SOC_PERIPHERAL.a(ll.o)
                0x000058d6                ll_is_sent_pkt_pending

i.ll_isr_exit_low_power_mode
                0x000058f0       0x16
 i.ll_isr_exit_low_power_mode
                0x000058f0       0x16 C:\Program Files (x86)\Cypress\PSoC Creator\3.1\PSoC Creator\psoc\content\cycomponentlibrary\CyComponentLibrary.cylib\BLE_v1_20\Library\gccCyBLEStack_BLE_SOC_PERIPHERAL.a(ll.o)
                0x000058f0                ll_isr_exit_low_power_mode

i.ll_load_host_data_packet
                0x00005906       0x4a
 i.ll_load_host_data_packet
                0x00005906       0x4a C:\Program Files (x86)\Cypress\PSoC Creator\3.1\PSoC Creator\psoc\content\cycomponentlibrary\CyComponentLibrary.cylib\BLE_v1_20\Library\gccCyBLEStack_BLE_SOC_PERIPHERAL.a(ll.o)
                0x00005906                ll_load_host_data_packet

i.ll_load_packet_to_fifo
                0x00005950       0x6e
 i.ll_load_packet_to_fifo
                0x00005950       0x6e C:\Program Files (x86)\Cypress\PSoC Creator\3.1\PSoC Creator\psoc\content\cycomponentlibrary\CyComponentLibrary.cylib\BLE_v1_20\Library\gccCyBLEStack_BLE_SOC_PERIPHERAL.a(ll.o)
                0x00005950                ll_load_packet_to_fifo

i.ll_process_acks
                0x000059be       0x3c
 i.ll_process_acks
                0x000059be       0x3c C:\Program Files (x86)\Cypress\PSoC Creator\3.1\PSoC Creator\psoc\content\cycomponentlibrary\CyComponentLibrary.cylib\BLE_v1_20\Library\gccCyBLEStack_BLE_SOC_PERIPHERAL.a(ll.o)
                0x000059be                ll_process_acks

i.ll_reset      0x000059fa       0x12
 i.ll_reset     0x000059fa       0x12 C:\Program Files (x86)\Cypress\PSoC Creator\3.1\PSoC Creator\psoc\content\cycomponentlibrary\CyComponentLibrary.cylib\BLE_v1_20\Library\gccCyBLEStack_BLE_SOC_PERIPHERAL.a(ll.o)
                0x000059fa                ll_reset

i.ll_update_active_features
                0x00005a0c       0x58
 i.ll_update_active_features
                0x00005a0c       0x58 C:\Program Files (x86)\Cypress\PSoC Creator\3.1\PSoC Creator\psoc\content\cycomponentlibrary\CyComponentLibrary.cylib\BLE_v1_20\Library\gccCyBLEStack_BLE_SOC_PERIPHERAL.a(ll.o)
                0x00005a0c                ll_update_active_features

i.ll_update_device_fsm
                0x00005a64        0x8
 i.ll_update_device_fsm
                0x00005a64        0x8 C:\Program Files (x86)\Cypress\PSoC Creator\3.1\PSoC Creator\psoc\content\cycomponentlibrary\CyComponentLibrary.cylib\BLE_v1_20\Library\gccCyBLEStack_BLE_SOC_PERIPHERAL.a(ll.o)
                0x00005a64                ll_update_device_fsm

i.pf_le_start_timer
                0x00005a6c       0x16
 i.pf_le_start_timer
                0x00005a6c       0x16 C:\Program Files (x86)\Cypress\PSoC Creator\3.1\PSoC Creator\psoc\content\cycomponentlibrary\CyComponentLibrary.cylib\BLE_v1_20\Library\gccCyBLEStack_BLE_SOC_PERIPHERAL.a(ll.o)
                0x00005a6c                pf_le_start_timer

i.pf_le_stop_timer
                0x00005a82       0x12
 i.pf_le_stop_timer
                0x00005a82       0x12 C:\Program Files (x86)\Cypress\PSoC Creator\3.1\PSoC Creator\psoc\content\cycomponentlibrary\CyComponentLibrary.cylib\BLE_v1_20\Library\gccCyBLEStack_BLE_SOC_PERIPHERAL.a(ll.o)
                0x00005a82                pf_le_stop_timer

i.CyBleControllerIP_TuneAdvEventInterPktSlots
                0x00005a94       0x44
 i.CyBleControllerIP_TuneAdvEventInterPktSlots
                0x00005a94       0x44 C:\Program Files (x86)\Cypress\PSoC Creator\3.1\PSoC Creator\psoc\content\cycomponentlibrary\CyComponentLibrary.cylib\BLE_v1_20\Library\gccCyBLEStack_BLE_SOC_PERIPHERAL.a(ll_advertiser.o)
                0x00005a94                CyBleControllerIP_TuneAdvEventInterPktSlots

i.ll_adv_is_configured_connection_adv
                0x00005ad8       0x1e
 i.ll_adv_is_configured_connection_adv
                0x00005ad8       0x1e C:\Program Files (x86)\Cypress\PSoC Creator\3.1\PSoC Creator\psoc\content\cycomponentlibrary\CyComponentLibrary.cylib\BLE_v1_20\Library\gccCyBLEStack_BLE_SOC_PERIPHERAL.a(ll_advertiser.o)
                0x00005ad8                ll_adv_is_configured_connection_adv

i.ll_check_random_address_in_use_by_advertiser
                0x00005af6       0x10
 i.ll_check_random_address_in_use_by_advertiser
                0x00005af6       0x10 C:\Program Files (x86)\Cypress\PSoC Creator\3.1\PSoC Creator\psoc\content\cycomponentlibrary\CyComponentLibrary.cylib\BLE_v1_20\Library\gccCyBLEStack_BLE_SOC_PERIPHERAL.a(ll_advertiser.o)
                0x00005af6                ll_check_random_address_in_use_by_advertiser

i.ll_check_whitelist_in_use_by_advertiser
                0x00005b06       0x10
 i.ll_check_whitelist_in_use_by_advertiser
                0x00005b06       0x10 C:\Program Files (x86)\Cypress\PSoC Creator\3.1\PSoC Creator\psoc\content\cycomponentlibrary\CyComponentLibrary.cylib\BLE_v1_20\Library\gccCyBLEStack_BLE_SOC_PERIPHERAL.a(ll_advertiser.o)
                0x00005b06                ll_check_whitelist_in_use_by_advertiser

i.ll_get_adv_status
                0x00005b16        0xc
 i.ll_get_adv_status
                0x00005b16        0xc C:\Program Files (x86)\Cypress\PSoC Creator\3.1\PSoC Creator\psoc\content\cycomponentlibrary\CyComponentLibrary.cylib\BLE_v1_20\Library\gccCyBLEStack_BLE_SOC_PERIPHERAL.a(ll_advertiser.o)
                0x00005b16                ll_get_adv_status

i.ll_get_adv_type
                0x00005b22       0x16
 i.ll_get_adv_type
                0x00005b22       0x16 C:\Program Files (x86)\Cypress\PSoC Creator\3.1\PSoC Creator\psoc\content\cycomponentlibrary\CyComponentLibrary.cylib\BLE_v1_20\Library\gccCyBLEStack_BLE_SOC_PERIPHERAL.a(ll_advertiser.o)
                0x00005b22                ll_get_adv_type

i.ll_handle_adv_intr
                0x00005b38       0x50
 i.ll_handle_adv_intr
                0x00005b38       0x50 C:\Program Files (x86)\Cypress\PSoC Creator\3.1\PSoC Creator\psoc\content\cycomponentlibrary\CyComponentLibrary.cylib\BLE_v1_20\Library\gccCyBLEStack_BLE_SOC_PERIPHERAL.a(ll_advertiser.o)
                0x00005b38                ll_handle_adv_intr

i.ll_handle_set_adv_data
                0x00005b88       0x14
 i.ll_handle_set_adv_data
                0x00005b88       0x14 C:\Program Files (x86)\Cypress\PSoC Creator\3.1\PSoC Creator\psoc\content\cycomponentlibrary\CyComponentLibrary.cylib\BLE_v1_20\Library\gccCyBLEStack_BLE_SOC_PERIPHERAL.a(ll_advertiser.o)
                0x00005b88                ll_handle_set_adv_data

i.ll_handle_set_adv_parameters
                0x00005b9c       0x84
 i.ll_handle_set_adv_parameters
                0x00005b9c       0x84 C:\Program Files (x86)\Cypress\PSoC Creator\3.1\PSoC Creator\psoc\content\cycomponentlibrary\CyComponentLibrary.cylib\BLE_v1_20\Library\gccCyBLEStack_BLE_SOC_PERIPHERAL.a(ll_advertiser.o)
                0x00005b9c                ll_handle_set_adv_parameters

i.ll_handle_set_advertise_enable
                0x00005c20       0x70
 i.ll_handle_set_advertise_enable
                0x00005c20       0x70 C:\Program Files (x86)\Cypress\PSoC Creator\3.1\PSoC Creator\psoc\content\cycomponentlibrary\CyComponentLibrary.cylib\BLE_v1_20\Library\gccCyBLEStack_BLE_SOC_PERIPHERAL.a(ll_advertiser.o)
                0x00005c20                ll_handle_set_advertise_enable

i.ll_handle_set_scan_resp_data
                0x00005c90       0x14
 i.ll_handle_set_scan_resp_data
                0x00005c90       0x14 C:\Program Files (x86)\Cypress\PSoC Creator\3.1\PSoC Creator\psoc\content\cycomponentlibrary\CyComponentLibrary.cylib\BLE_v1_20\Library\gccCyBLEStack_BLE_SOC_PERIPHERAL.a(ll_advertiser.o)
                0x00005c90                ll_handle_set_scan_resp_data

i.ll_init_advertiser
                0x00005ca4       0x68
 i.ll_init_advertiser
                0x00005ca4       0x68 C:\Program Files (x86)\Cypress\PSoC Creator\3.1\PSoC Creator\psoc\content\cycomponentlibrary\CyComponentLibrary.cylib\BLE_v1_20\Library\gccCyBLEStack_BLE_SOC_PERIPHERAL.a(ll_advertiser.o)
                0x00005ca4                ll_init_advertiser

i.is_le_connection_handle
                0x00005d0c       0x28
 i.is_le_connection_handle
                0x00005d0c       0x28 C:\Program Files (x86)\Cypress\PSoC Creator\3.1\PSoC Creator\psoc\content\cycomponentlibrary\CyComponentLibrary.cylib\BLE_v1_20\Library\gccCyBLEStack_BLE_SOC_PERIPHERAL.a(ll_connection.o)
                0x00005d0c                is_le_connection_handle

i.le_assign_connection_handle
                0x00005d34       0x28
 i.le_assign_connection_handle
                0x00005d34       0x28 C:\Program Files (x86)\Cypress\PSoC Creator\3.1\PSoC Creator\psoc\content\cycomponentlibrary\CyComponentLibrary.cylib\BLE_v1_20\Library\gccCyBLEStack_BLE_SOC_PERIPHERAL.a(ll_connection.o)
                0x00005d34                le_assign_connection_handle

i.le_get_connection_index
                0x00005d5c        0x6
 i.le_get_connection_index
                0x00005d5c        0x6 C:\Program Files (x86)\Cypress\PSoC Creator\3.1\PSoC Creator\psoc\content\cycomponentlibrary\CyComponentLibrary.cylib\BLE_v1_20\Library\gccCyBLEStack_BLE_SOC_PERIPHERAL.a(ll_connection.o)
                0x00005d5c                le_get_connection_index

i.ll_allocate_connection
                0x00005d64       0x44
 i.ll_allocate_connection
                0x00005d64       0x44 C:\Program Files (x86)\Cypress\PSoC Creator\3.1\PSoC Creator\psoc\content\cycomponentlibrary\CyComponentLibrary.cylib\BLE_v1_20\Library\gccCyBLEStack_BLE_SOC_PERIPHERAL.a(ll_connection.o)
                0x00005d64                ll_allocate_connection

i.ll_calculate_and_program_def_win_widen_drift
                0x00005da8       0x14
 i.ll_calculate_and_program_def_win_widen_drift
                0x00005da8       0x14 C:\Program Files (x86)\Cypress\PSoC Creator\3.1\PSoC Creator\psoc\content\cycomponentlibrary\CyComponentLibrary.cylib\BLE_v1_20\Library\gccCyBLEStack_BLE_SOC_PERIPHERAL.a(ll_connection.o)
                0x00005da8                ll_calculate_and_program_def_win_widen_drift

i.ll_calculate_drift
                0x00005dbc       0x2c
 i.ll_calculate_drift
                0x00005dbc       0x2c C:\Program Files (x86)\Cypress\PSoC Creator\3.1\PSoC Creator\psoc\content\cycomponentlibrary\CyComponentLibrary.cylib\BLE_v1_20\Library\gccCyBLEStack_BLE_SOC_PERIPHERAL.a(ll_connection.o)
                0x00005dbc                ll_calculate_drift

i.ll_check_and_decrypt_ll_pdu
                0x00005de8       0x68
 i.ll_check_and_decrypt_ll_pdu
                0x00005de8       0x68 C:\Program Files (x86)\Cypress\PSoC Creator\3.1\PSoC Creator\psoc\content\cycomponentlibrary\CyComponentLibrary.cylib\BLE_v1_20\Library\gccCyBLEStack_BLE_SOC_PERIPHERAL.a(ll_connection.o)
                0x00005de8                ll_check_and_decrypt_ll_pdu

i.ll_check_and_decrypt_packet
                0x00005e50       0x6a
 i.ll_check_and_decrypt_packet
                0x00005e50       0x6a C:\Program Files (x86)\Cypress\PSoC Creator\3.1\PSoC Creator\psoc\content\cycomponentlibrary\CyComponentLibrary.cylib\BLE_v1_20\Library\gccCyBLEStack_BLE_SOC_PERIPHERAL.a(ll_connection.o)
                0x00005e50                ll_check_and_decrypt_packet

i.ll_check_and_encrypt_ll_pdu
                0x00005eba       0x72
 i.ll_check_and_encrypt_ll_pdu
                0x00005eba       0x72 C:\Program Files (x86)\Cypress\PSoC Creator\3.1\PSoC Creator\psoc\content\cycomponentlibrary\CyComponentLibrary.cylib\BLE_v1_20\Library\gccCyBLEStack_BLE_SOC_PERIPHERAL.a(ll_connection.o)
                0x00005eba                ll_check_and_encrypt_ll_pdu

i.ll_check_and_encrypt_packet
                0x00005f2c       0x8a
 i.ll_check_and_encrypt_packet
                0x00005f2c       0x8a C:\Program Files (x86)\Cypress\PSoC Creator\3.1\PSoC Creator\psoc\content\cycomponentlibrary\CyComponentLibrary.cylib\BLE_v1_20\Library\gccCyBLEStack_BLE_SOC_PERIPHERAL.a(ll_connection.o)
                0x00005f2c                ll_check_and_encrypt_packet

i.ll_check_for_allowing_incoming_connection_update
                0x00005fb6       0x42
 i.ll_check_for_allowing_incoming_connection_update
                0x00005fb6       0x42 C:\Program Files (x86)\Cypress\PSoC Creator\3.1\PSoC Creator\psoc\content\cycomponentlibrary\CyComponentLibrary.cylib\BLE_v1_20\Library\gccCyBLEStack_BLE_SOC_PERIPHERAL.a(ll_connection.o)
                0x00005fb6                ll_check_for_allowing_incoming_connection_update

i.ll_check_if_pdu_is_loaded_to_hardware
                0x00005ff8       0x1c
 i.ll_check_if_pdu_is_loaded_to_hardware
                0x00005ff8       0x1c C:\Program Files (x86)\Cypress\PSoC Creator\3.1\PSoC Creator\psoc\content\cycomponentlibrary\CyComponentLibrary.cylib\BLE_v1_20\Library\gccCyBLEStack_BLE_SOC_PERIPHERAL.a(ll_connection.o)
                0x00005ff8                ll_check_if_pdu_is_loaded_to_hardware

i.ll_check_random_address_in_use_by_initiator
                0x00006014       0x30
 i.ll_check_random_address_in_use_by_initiator
                0x00006014       0x30 C:\Program Files (x86)\Cypress\PSoC Creator\3.1\PSoC Creator\psoc\content\cycomponentlibrary\CyComponentLibrary.cylib\BLE_v1_20\Library\gccCyBLEStack_BLE_SOC_PERIPHERAL.a(ll_connection.o)
                0x00006014                ll_check_random_address_in_use_by_initiator

i.ll_check_white_list_in_use_by_initiator
                0x00006044       0x30
 i.ll_check_white_list_in_use_by_initiator
                0x00006044       0x30 C:\Program Files (x86)\Cypress\PSoC Creator\3.1\PSoC Creator\psoc\content\cycomponentlibrary\CyComponentLibrary.cylib\BLE_v1_20\Library\gccCyBLEStack_BLE_SOC_PERIPHERAL.a(ll_connection.o)
                0x00006044                ll_check_white_list_in_use_by_initiator

i.ll_conn_free_enc_txn_buffer
                0x00006074       0x16
 i.ll_conn_free_enc_txn_buffer
                0x00006074       0x16 C:\Program Files (x86)\Cypress\PSoC Creator\3.1\PSoC Creator\psoc\content\cycomponentlibrary\CyComponentLibrary.cylib\BLE_v1_20\Library\gccCyBLEStack_BLE_SOC_PERIPHERAL.a(ll_connection.o)
                0x00006074                ll_conn_free_enc_txn_buffer

i.ll_conn_fsm_update_channel_state
                0x0000608a        0x6
 i.ll_conn_fsm_update_channel_state
                0x0000608a        0x6 C:\Program Files (x86)\Cypress\PSoC Creator\3.1\PSoC Creator\psoc\content\cycomponentlibrary\CyComponentLibrary.cylib\BLE_v1_20\Library\gccCyBLEStack_BLE_SOC_PERIPHERAL.a(ll_connection.o)
                0x0000608a                ll_conn_fsm_update_channel_state

i.ll_conn_fsm_update_conn_update_state
                0x00006090        0x6
 i.ll_conn_fsm_update_conn_update_state
                0x00006090        0x6 C:\Program Files (x86)\Cypress\PSoC Creator\3.1\PSoC Creator\psoc\content\cycomponentlibrary\CyComponentLibrary.cylib\BLE_v1_20\Library\gccCyBLEStack_BLE_SOC_PERIPHERAL.a(ll_connection.o)
                0x00006090                ll_conn_fsm_update_conn_update_state

i.ll_conn_fsm_update_enc_state
                0x00006096        0x6
 i.ll_conn_fsm_update_enc_state
                0x00006096        0x6 C:\Program Files (x86)\Cypress\PSoC Creator\3.1\PSoC Creator\psoc\content\cycomponentlibrary\CyComponentLibrary.cylib\BLE_v1_20\Library\gccCyBLEStack_BLE_SOC_PERIPHERAL.a(ll_connection.o)
                0x00006096                ll_conn_fsm_update_enc_state

i.ll_conn_fsm_update_state
                0x0000609c        0x4
 i.ll_conn_fsm_update_state
                0x0000609c        0x4 C:\Program Files (x86)\Cypress\PSoC Creator\3.1\PSoC Creator\psoc\content\cycomponentlibrary\CyComponentLibrary.cylib\BLE_v1_20\Library\gccCyBLEStack_BLE_SOC_PERIPHERAL.a(ll_connection.o)
                0x0000609c                ll_conn_fsm_update_state

i.ll_conn_handle_data_pdu_from_host_when_data_paused
                0x000060a0        0x8
 i.ll_conn_handle_data_pdu_from_host_when_data_paused
                0x000060a0        0x8 C:\Program Files (x86)\Cypress\PSoC Creator\3.1\PSoC Creator\psoc\content\cycomponentlibrary\CyComponentLibrary.cylib\BLE_v1_20\Library\gccCyBLEStack_BLE_SOC_PERIPHERAL.a(ll_connection.o)
                0x000060a0                ll_conn_handle_data_pdu_from_host_when_data_paused

i.ll_conn_handle_direct_adv_timeout
                0x000060a8       0x2a
 i.ll_conn_handle_direct_adv_timeout
                0x000060a8       0x2a C:\Program Files (x86)\Cypress\PSoC Creator\3.1\PSoC Creator\psoc\content\cycomponentlibrary\CyComponentLibrary.cylib\BLE_v1_20\Library\gccCyBLEStack_BLE_SOC_PERIPHERAL.a(ll_connection.o)
                0x000060a8                ll_conn_handle_direct_adv_timeout

i.ll_conn_handle_ping_timer_expired_interrupt
                0x000060d4       0x1c
 i.ll_conn_handle_ping_timer_expired_interrupt
                0x000060d4       0x1c C:\Program Files (x86)\Cypress\PSoC Creator\3.1\PSoC Creator\psoc\content\cycomponentlibrary\CyComponentLibrary.cylib\BLE_v1_20\Library\gccCyBLEStack_BLE_SOC_PERIPHERAL.a(ll_connection.o)
                0x000060d4                ll_conn_handle_ping_timer_expired_interrupt

i.ll_conn_handle_ping_timer_nearly_expired_interrupt
                0x000060f0       0x20
 i.ll_conn_handle_ping_timer_nearly_expired_interrupt
                0x000060f0       0x20 C:\Program Files (x86)\Cypress\PSoC Creator\3.1\PSoC Creator\psoc\content\cycomponentlibrary\CyComponentLibrary.cylib\BLE_v1_20\Library\gccCyBLEStack_BLE_SOC_PERIPHERAL.a(ll_connection.o)
                0x000060f0                ll_conn_handle_ping_timer_nearly_expired_interrupt

i.ll_conn_handle_stop_connectable_adv
                0x00006110       0x12
 i.ll_conn_handle_stop_connectable_adv
                0x00006110       0x12 C:\Program Files (x86)\Cypress\PSoC Creator\3.1\PSoC Creator\psoc\content\cycomponentlibrary\CyComponentLibrary.cylib\BLE_v1_20\Library\gccCyBLEStack_BLE_SOC_PERIPHERAL.a(ll_connection.o)
                0x00006110                ll_conn_handle_stop_connectable_adv

i.ll_conn_process_pending_transactions
                0x00006122        0x4
 i.ll_conn_process_pending_transactions
                0x00006122        0x4 C:\Program Files (x86)\Cypress\PSoC Creator\3.1\PSoC Creator\psoc\content\cycomponentlibrary\CyComponentLibrary.cylib\BLE_v1_20\Library\gccCyBLEStack_BLE_SOC_PERIPHERAL.a(ll_connection.o)
                0x00006122                ll_conn_process_pending_transactions

i.ll_conn_program_authenticated_payload_timer
                0x00006128       0x50
 i.ll_conn_program_authenticated_payload_timer
                0x00006128       0x50 C:\Program Files (x86)\Cypress\PSoC Creator\3.1\PSoC Creator\psoc\content\cycomponentlibrary\CyComponentLibrary.cylib\BLE_v1_20\Library\gccCyBLEStack_BLE_SOC_PERIPHERAL.a(ll_connection.o)
                0x00006128                ll_conn_program_authenticated_payload_timer

i.ll_conn_read_data_pdu_from_hardware
                0x00006178       0x14
 i.ll_conn_read_data_pdu_from_hardware