Archive member included because of file (symbol)

.\CortexM0\ARM_GCC_484\Debug\ANCS Demo.a(cyfitter_cfg.o)
                              .\CortexM0\ARM_GCC_484\Debug\Cm0Start.o (cyfitter_cfg)
.\CortexM0\ARM_GCC_484\Debug\ANCS Demo.a(BLE.o)
                              .\CortexM0\ARM_GCC_484\Debug\main.o (cyBle_discoveryData)
.\CortexM0\ARM_GCC_484\Debug\ANCS Demo.a(BLE_gatt.o)
                              .\CortexM0\ARM_GCC_484\Debug\main.o (cyBle_state)
.\CortexM0\ARM_GCC_484\Debug\ANCS Demo.a(BLE_eventHandler.o)
                              .\CortexM0\ARM_GCC_484\Debug\main.o (cyBle_connHandle)
.\CortexM0\ARM_GCC_484\Debug\ANCS Demo.a(WakeupPin.o)
                              .\CortexM0\ARM_GCC_484\Debug\main.o (WakeupPin_ClearInterrupt)
.\CortexM0\ARM_GCC_484\Debug\ANCS Demo.a(WakeupPinInterrupt.o)
                              .\CortexM0\ARM_GCC_484\Debug\main.o (WakeupPinInterrupt_Start)
.\CortexM0\ARM_GCC_484\Debug\ANCS Demo.a(UART.o)
                              .\CortexM0\ARM_GCC_484\Debug\main.o (UART_Start)
.\CortexM0\ARM_GCC_484\Debug\ANCS Demo.a(UART_SPI_UART.o)
                              .\CortexM0\ARM_GCC_484\Debug\main.o (UART_SpiUartWriteTxData)
.\CortexM0\ARM_GCC_484\Debug\ANCS Demo.a(UART_UART.o)
                              .\CortexM0\ARM_GCC_484\Debug\ANCS Demo.a(UART.o) (UART_UartInit)
.\CortexM0\ARM_GCC_484\Debug\ANCS Demo.a(CyBootAsmGnu.o)
                              .\CortexM0\ARM_GCC_484\Debug\ANCS Demo.a(cyfitter_cfg.o) (CyDelayCycles)
.\CortexM0\ARM_GCC_484\Debug\ANCS Demo.a(CyLib.o)
                              .\CortexM0\ARM_GCC_484\Debug\ANCS Demo.a(cyfitter_cfg.o) (CyDelayUs)
.\CortexM0\ARM_GCC_484\Debug\ANCS Demo.a(cyPm.o)
                              .\CortexM0\ARM_GCC_484\Debug\main.o (CySysPmSleep)
C:\Program Files (x86)\Cypress\PSoC Creator\3.1\PSoC Creator\psoc\content\cycomponentlibrary\CyComponentLibrary.cylib\BLE_v1_20\Library\gccCyBLEStack_BLE_SOC_PERIPHERAL.a(CyBle.o)
                              .\CortexM0\ARM_GCC_484\Debug\main.o (CyBle_EnterLPM)
C:\Program Files (x86)\Cypress\PSoC Creator\3.1\PSoC Creator\psoc\content\cycomponentlibrary\CyComponentLibrary.cylib\BLE_v1_20\Library\gccCyBLEStack_BLE_SOC_PERIPHERAL.a(CyBleStackMgrIP_Interface.o)
                              C:\Program Files (x86)\Cypress\PSoC Creator\3.1\PSoC Creator\psoc\content\cycomponentlibrary\CyComponentLibrary.cylib\BLE_v1_20\Library\gccCyBLEStack_BLE_SOC_PERIPHERAL.a(CyBle.o) (CyBleStackMgr_BleGetConfigData)
C:\Program Files (x86)\Cypress\PSoC Creator\3.1\PSoC Creator\psoc\content\cycomponentlibrary\CyComponentLibrary.cylib\BLE_v1_20\Library\gccCyBLEStack_BLE_SOC_PERIPHERAL.a(BT_os.o)
                              C:\Program Files (x86)\Cypress\PSoC Creator\3.1\PSoC Creator\psoc\content\cycomponentlibrary\CyComponentLibrary.cylib\BLE_v1_20\Library\gccCyBLEStack_BLE_SOC_PERIPHERAL.a(CyBleStackMgrIP_Interface.o) (bt_stack_init_os)
C:\Program Files (x86)\Cypress\PSoC Creator\3.1\PSoC Creator\psoc\content\cycomponentlibrary\CyComponentLibrary.cylib\BLE_v1_20\Library\gccCyBLEStack_BLE_SOC_PERIPHERAL.a(CyBleStackMgr_StackTaskHandler.o)
                              C:\Program Files (x86)\Cypress\PSoC Creator\3.1\PSoC Creator\psoc\content\cycomponentlibrary\CyComponentLibrary.cylib\BLE_v1_20\Library\gccCyBLEStack_BLE_SOC_PERIPHERAL.a(CyBleStackMgrIP_Interface.o) (CyBle_CreateBleStackTask)
C:\Program Files (x86)\Cypress\PSoC Creator\3.1\PSoC Creator\psoc\content\cycomponentlibrary\CyComponentLibrary.cylib\BLE_v1_20\Library\gccCyBLEStack_BLE_SOC_PERIPHERAL.a(transport_sf.o)
                              C:\Program Files (x86)\Cypress\PSoC Creator\3.1\PSoC Creator\psoc\content\cycomponentlibrary\CyComponentLibrary.cylib\BLE_v1_20\Library\gccCyBLEStack_BLE_SOC_PERIPHERAL.a(CyBleStackMgr_StackTaskHandler.o) (hci_soft_transport_notify_data_received)
C:\Program Files (x86)\Cypress\PSoC Creator\3.1\PSoC Creator\psoc\content\cycomponentlibrary\CyComponentLibrary.cylib\BLE_v1_20\Library\gccCyBLEStack_BLE_SOC_PERIPHERAL.a(CyBleStackMgr_PSoCHal.o)
                              C:\Program Files (x86)\Cypress\PSoC Creator\3.1\PSoC Creator\psoc\content\cycomponentlibrary\CyComponentLibrary.cylib\BLE_v1_20\Library\gccCyBLEStack_BLE_SOC_PERIPHERAL.a(CyBleStackMgrIP_Interface.o) (CyBleStackMgr_HalInit)
C:\Program Files (x86)\Cypress\PSoC Creator\3.1\PSoC Creator\psoc\content\cycomponentlibrary\CyComponentLibrary.cylib\BLE_v1_20\Library\gccCyBLEStack_BLE_SOC_PERIPHERAL.a(CyBleStackMgr_BleSSDriver.o)
                              C:\Program Files (x86)\Cypress\PSoC Creator\3.1\PSoC Creator\psoc\content\cycomponentlibrary\CyComponentLibrary.cylib\BLE_v1_20\Library\gccCyBLEStack_BLE_SOC_PERIPHERAL.a(CyBleStackMgrIP_Interface.o) (CyBleStackMgr_BleSSInit)
C:\Program Files (x86)\Cypress\PSoC Creator\3.1\PSoC Creator\psoc\content\cycomponentlibrary\CyComponentLibrary.cylib\BLE_v1_20\Library\gccCyBLEStack_BLE_SOC_PERIPHERAL.a(config_bin.o)
[...]
Memory Configuration

Name             Origin             Length             Attributes
rom              0x00000000         0x00020000         xr
ram              0x20000000         0x00004000         xrw
*default*        0x00000000         0xffffffff

Linker script and memory map

LOAD c:/program files (x86)/cypress/psoc creator/3.1/psoc creator/import/gnu_cs/arm/4.8.4/bin/../lib/gcc/arm-none-eabi/4.8.4/armv6-m/crti.o
LOAD c:/program files (x86)/cypress/psoc creator/3.1/psoc creator/import/gnu_cs/arm/4.8.4/bin/../lib/gcc/arm-none-eabi/4.8.4/armv6-m/crtbegin.o
LOAD c:/program files (x86)/cypress/psoc creator/3.1/psoc creator/import/gnu_cs/arm/4.8.4/bin/../lib/gcc/arm-none-eabi/4.8.4/../../../../arm-none-eabi/lib/armv6-m/crt0.o
START GROUP
LOAD .\CortexM0\ARM_GCC_484\Debug\main.o
LOAD .\CortexM0\ARM_GCC_484\Debug\ANCS.o
LOAD .\CortexM0\ARM_GCC_484\Debug\common.o
LOAD .\CortexM0\ARM_GCC_484\Debug\cymetadata.o
LOAD .\CortexM0\ARM_GCC_484\Debug\Cm0Start.o
LOAD .\CortexM0\ARM_GCC_484\Debug\ANCS Demo.a
LOAD C:\Program Files (x86)\Cypress\PSoC Creator\3.1\PSoC Creator\psoc\content\cycomponentlibrary\CyComponentLibrary.cylib\BLE_v1_20\Library\gccCyBLEStack_BLE_SOC_PERIPHERAL.a
LOAD C:\Program Files (x86)\Cypress\PSoC Creator\3.1\PSoC Creator\psoc\content\cycomponentlibrary\CyComponentLibrary.cylib\CortexM0\ARM_GCC_484\Debug\CyComponentLibrary.a
END GROUP
START GROUP
LOAD c:/program files (x86)/cypress/psoc creator/3.1/psoc creator/import/gnu_cs/arm/4.8.4/bin/../lib/gcc/arm-none-eabi/4.8.4/armv6-m\libgcc.a
LOAD c:/program files (x86)/cypress/psoc creator/3.1/psoc creator/import/gnu_cs/arm/4.8.4/bin/../lib/gcc/arm-none-eabi/4.8.4/../../../../arm-none-eabi/lib/armv6-m\libg_s.a
LOAD c:/program files (x86)/cypress/psoc creator/3.1/psoc creator/import/gnu_cs/arm/4.8.4/bin/../lib/gcc/arm-none-eabi/4.8.4/../../../../arm-none-eabi/lib/armv6-m\libc_s.a
END GROUP
START GROUP
LOAD c:/program files (x86)/cypress/psoc creator/3.1/psoc creator/import/gnu_cs/arm/4.8.4/bin/../lib/gcc/arm-none-eabi/4.8.4/armv6-m\libgcc.a
LOAD c:/program files (x86)/cypress/psoc creator/3.1/psoc creator/import/gnu_cs/arm/4.8.4/bin/../lib/gcc/arm-none-eabi/4.8.4/../../../../arm-none-eabi/lib/armv6-m\libc_s.a
END GROUP
LOAD c:/program files (x86)/cypress/psoc creator/3.1/psoc creator/import/gnu_cs/arm/4.8.4/bin/../lib/gcc/arm-none-eabi/4.8.4/armv6-m/crtend.o
LOAD c:/program files (x86)/cypress/psoc creator/3.1/psoc creator/import/gnu_cs/arm/4.8.4/bin/../lib/gcc/arm-none-eabi/4.8.4/armv6-m/crtn.o
START GROUP
LOAD c:/program files (x86)/cypress/psoc creator/3.1/psoc creator/import/gnu_cs/arm/4.8.4/bin/../lib/gcc/arm-none-eabi/4.8.4/armv6-m\libgcc.a
LOAD c:/program files (x86)/cypress/psoc creator/3.1/psoc creator/import/gnu_cs/arm/4.8.4/bin/../lib/gcc/arm-none-eabi/4.8.4/../../../../arm-none-eabi/lib/armv6-m\libc.a
LOAD c:/program files (x86)/cypress/psoc creator/3.1/psoc creator/import/gnu_cs/arm/4.8.4/bin/../lib/gcc/arm-none-eabi/4.8.4/../../../../arm-none-eabi/lib/armv6-m\libnosys.a
END GROUP
                0x00000000                CY_APPL_ORIGIN = 0x0
                0x00000080                CY_FLASH_ROW_SIZE = 0x80
                0x00000001                CY_APPL_NUM = 0x1
                0x00000040                CY_METADATA_SIZE = 0x40
                0x20002578                PROVIDE (__cy_heap_start, _end)
                0x00000001                PROVIDE (__cy_region_num, ((__cy_regions_end - __cy_regions) / 0x10))
                0x20004000                PROVIDE (__cy_stack, (ORIGIN (ram) + 0x4000))
                0x20003800                PROVIDE (__cy_heap_end, (__cy_stack - 0x800))

.cybootloader   0x00000000        0x0
 *(.cybootloader)
                0x00000000                appl1_start = CY_APPL_ORIGIN?CY_APPL_ORIGIN:ALIGN (CY_FLASH_ROW_SIZE)
                0x0000ff80                appl2_start = (appl1_start + ALIGN ((((0x20000 - appl1_start) - (0x2 * CY_FLASH_ROW_SIZE)) / 0x2), CY_FLASH_ROW_SIZE))
                0x00000000                appl_start = (CY_APPL_NUM == 0x1)?appl1_start:appl2_start

.text           0x00000000     0x3adc
 CREATE_OBJECT_SYMBOLS
                0x00000000                PROVIDE (__cy_interrupt_vector, RomVectors)
 *(.romvectors)
 .romvectors    0x00000000       0x10 .\CortexM0\ARM_GCC_484\Debug\Cm0Start.o
                0x00000000                RomVectors
                0x00000001                ASSERT ((. != __cy_interrupt_vector), No interrupt vector)
                0x00000001                ASSERT (CY_APPL_ORIGIN?(SIZEOF (.cybootloader) <= CY_APPL_ORIGIN):0x1, Wrong image location)
                0x00000010                PROVIDE (__cy_reset, Reset)
 *(.text.Reset)
 .text.Reset    0x00000010        0x8 .\CortexM0\ARM_GCC_484\Debug\Cm0Start.o
                0x00000010                Reset
                0x00000001                ASSERT ((. != __cy_reset), No reset code)
 *(.psocinit)
 .psocinit      0x00000018      0x2d0 .\CortexM0\ARM_GCC_484\Debug\ANCS Demo.a(cyfitter_cfg.o)
                0x00000194                cyfitter_cfg
                0x000002e8                . = MAX (., 0x100)
 *(.text .text.* .gnu.linkonce.t.*)
 .text          0x000002e8       0x60 c:/program files (x86)/cypress/psoc creator/3.1/psoc creator/import/gnu_cs/arm/4.8.4/bin/../lib/gcc/arm-none-eabi/4.8.4/armv6-m/crtbegin.o
 .text.StackEventHandler
                0x00000348      0x328 .\CortexM0\ARM_GCC_484\Debug\main.o
                0x00000348                StackEventHandler
 .text.BondingImplementation
                0x00000670      0x118 .\CortexM0\ARM_GCC_484\Debug\main.o
 .text.LowPowerImplementation
                0x00000788       0xa4 .\CortexM0\ARM_GCC_484\Debug\main.o
 .text.main     0x0000082c       0xb8 .\CortexM0\ARM_GCC_484\Debug\main.o
                0x0000082c                main
 .text.Ancs_CmdGetNotificationAttributeTitle
                0x000008e4       0x9c .\CortexM0\ARM_GCC_484\Debug\ANCS.o
 .text.Ancs_CmdPerformNotificationAction
                0x00000980       0x94 .\CortexM0\ARM_GCC_484\Debug\ANCS.o
 .text.Ancs_UpdateOutputInformation
                0x00000a14       0xd8 .\CortexM0\ARM_GCC_484\Debug\ANCS.o
 .text.Ancs_Reset
                0x00000aec       0xa0 .\CortexM0\ARM_GCC_484\Debug\ANCS.o
                0x00000aec                Ancs_Reset
 .text.Ancs_EventHandler
                0x00000b8c      0x4f0 .\CortexM0\ARM_GCC_484\Debug\ANCS.o
                0x00000b8c                Ancs_EventHandler
 .text.Ancs_HandleNotifications
                0x0000107c       0xe8 .\CortexM0\ARM_GCC_484\Debug\ANCS.o
                0x0000107c                Ancs_HandleNotifications
 .text.Ancs_HandleData
                0x00001164       0xd8 .\CortexM0\ARM_GCC_484\Debug\ANCS.o
                0x00001164                Ancs_HandleData
 .text.Ancs_StateMachine
                0x0000123c       0x88 .\CortexM0\ARM_GCC_484\Debug\ANCS.o
                0x0000123c                Ancs_StateMachine
 .text.HexToDecimal
                0x000012c4      0x114 .\CortexM0\ARM_GCC_484\Debug\common.o
                0x000012c4                HexToDecimal
 .text.IntDefaultHandler
                0x000013d8        0x8 .\CortexM0\ARM_GCC_484\Debug\Cm0Start.o
                0x000013d8                IntDefaultHandler
 .text.Start_c  0x000013e0       0x98 .\CortexM0\ARM_GCC_484\Debug\Cm0Start.o
                0x000013e0                Start_c
 .text.initialize_psoc
                0x00001478       0x70 .\CortexM0\ARM_GCC_484\Debug\Cm0Start.o
                0x00001478                initialize_psoc
 .text.CYMEMZERO
                0x000014e8       0x20 .\CortexM0\ARM_GCC_484\Debug\ANCS Demo.a(cyfitter_cfg.o)
 .text.cfg_write_bytes32
                0x00001508       0x80 .\CortexM0\ARM_GCC_484\Debug\ANCS Demo.a(cyfitter_cfg.o)
 .text.AnalogSetDefault
                0x00001588       0x28 .\CortexM0\ARM_GCC_484\Debug\ANCS Demo.a(cyfitter_cfg.o)
 .text.CyBle_Init
                0x000015b0       0x34 .\CortexM0\ARM_GCC_484\Debug\ANCS Demo.a(BLE.o)
                0x000015b0                CyBle_Init
 .text.CyBle_ServiceInit
                0x000015e4       0x28 .\CortexM0\ARM_GCC_484\Debug\ANCS Demo.a(BLE.o)
                0x000015e4                CyBle_ServiceInit
 .text.CyBle_Start
                0x0000160c       0x80 .\CortexM0\ARM_GCC_484\Debug\ANCS Demo.a(BLE.o)
                0x0000160c                CyBle_Start
 .text.CyBle_StoreBondingData
                0x0000168c       0x70 .\CortexM0\ARM_GCC_484\Debug\ANCS Demo.a(BLE.o)
                0x0000168c                CyBle_StoreBondingData
 .text.CyBle_GappStartAdvertisement
                0x000016fc       0xc4 .\CortexM0\ARM_GCC_484\Debug\ANCS Demo.a(BLE.o)
                0x000016fc                CyBle_GappStartAdvertisement
 .text.CyBle_GappStopAdvertisement
                0x000017c0       0x20 .\CortexM0\ARM_GCC_484\Debug\ANCS Demo.a(BLE.o)
                0x000017c0                CyBle_GappStopAdvertisement
 .text.CyBle_ChangeAdDeviceAddress
                0x000017e0       0x60 .\CortexM0\ARM_GCC_484\Debug\ANCS Demo.a(BLE.o)
                0x000017e0                CyBle_ChangeAdDeviceAddress
 .text.CyBle_Get16ByPtr
                0x00001840       0x24 .\CortexM0\ARM_GCC_484\Debug\ANCS Demo.a(BLE.o)
                0x00001840                CyBle_Get16ByPtr
 .text.CyBle_GattcStartDiscovery
                0x00001864       0xd0 .\CortexM0\ARM_GCC_484\Debug\ANCS Demo.a(BLE_gatt.o)
                0x00001864                CyBle_GattcStartDiscovery
 .text.CyBle_GattcDiscoverCharacteristicsEventHandler
                0x00001934       0x50 .\CortexM0\ARM_GCC_484\Debug\ANCS Demo.a(BLE_gatt.o)
                0x00001934                CyBle_GattcDiscoverCharacteristicsEventHandler
 .text.CyBle_GattcDiscoverCharDescriptorsEventHandler
                0x00001984       0x48 .\CortexM0\ARM_GCC_484\Debug\ANCS Demo.a(BLE_gatt.o)
                0x00001984                CyBle_GattcDiscoverCharDescriptorsEventHandler
 .text.CyBle_GattcIndicationEventHandler
                0x000019cc       0x48 .\CortexM0\ARM_GCC_484\Debug\ANCS Demo.a(BLE_gatt.o)
                0x000019cc                CyBle_GattcIndicationEventHandler
 .text.CyBle_GattcWriteResponseEventHandler
                0x00001a14       0x10 .\CortexM0\ARM_GCC_484\Debug\ANCS Demo.a(BLE_eventHandler.o)
 .text.CyBle_NotificationEventHandler
                0x00001a24       0x10 .\CortexM0\ARM_GCC_484\Debug\ANCS Demo.a(BLE_eventHandler.o)
 .text.CyBle_IndicationEventHandler
                0x00001a34       0x10 .\CortexM0\ARM_GCC_484\Debug\ANCS Demo.a(BLE_eventHandler.o)
 .text.CyBle_ReadResponseEventHandler
                0x00001a44       0x10 .\CortexM0\ARM_GCC_484\Debug\ANCS Demo.a(BLE_eventHandler.o)
 .text.CyBle_GattDisconnectEventHandler
                0x00001a54       0x34 .\CortexM0\ARM_GCC_484\Debug\ANCS Demo.a(BLE_eventHandler.o)
 .text.CyBle_TimeOutEventHandler
                0x00001a88       0xa0 .\CortexM0\ARM_GCC_484\Debug\ANCS Demo.a(BLE_eventHandler.o)
 .text.CyBle_GattConnectReqHandler
                0x00001b28        0x8 .\CortexM0\ARM_GCC_484\Debug\ANCS Demo.a(BLE_eventHandler.o)
 .text.CyBle_IsDeviceAddressValid
                0x00001b30       0x60 .\CortexM0\ARM_GCC_484\Debug\ANCS Demo.a(BLE_eventHandler.o)
 .text.CyBle_L2Cap_ConnParamUpdateRspEventHandler
                0x00001b90       0x14 .\CortexM0\ARM_GCC_484\Debug\ANCS Demo.a(BLE_eventHandler.o)
 .text.CyBle_GapConnUpdateCompleteEventHandler
                0x00001ba4       0x10 .\CortexM0\ARM_GCC_484\Debug\ANCS Demo.a(BLE_eventHandler.o)
 .text.CyBle_EventHandler
                0x00001bb4      0x3a4 .\CortexM0\ARM_GCC_484\Debug\ANCS Demo.a(BLE_eventHandler.o)
                0x00001bb4                CyBle_EventHandler
 .text.CyBle_ReadByGroupEventHandler
                0x00001f58      0x1fc .\CortexM0\ARM_GCC_484\Debug\ANCS Demo.a(BLE_eventHandler.o)
                0x00001f58                CyBle_ReadByGroupEventHandler
 .text.CyBle_NextInclDiscovery
                0x00002154       0x80 .\CortexM0\ARM_GCC_484\Debug\ANCS Demo.a(BLE_eventHandler.o)
                0x00002154                CyBle_NextInclDiscovery
 .text.CyBle_GapcDiscoverCharacteristicsEventHandler
                0x000021d4       0xf8 .\CortexM0\ARM_GCC_484\Debug\ANCS Demo.a(BLE_eventHandler.o)
 .text.CyBle_ReadByTypeEventHandler
                0x000022cc      0x468 .\CortexM0\ARM_GCC_484\Debug\ANCS Demo.a(BLE_eventHandler.o)
                0x000022cc                CyBle_ReadByTypeEventHandler
 .text.CyBle_NextCharDiscovery
                0x00002734       0x8c .\CortexM0\ARM_GCC_484\Debug\ANCS Demo.a(BLE_eventHandler.o)
                0x00002734                CyBle_NextCharDiscovery
 .text.CyBle_GetCharRange
                0x000027c0       0x64 .\CortexM0\ARM_GCC_484\Debug\ANCS Demo.a(BLE_eventHandler.o)
 .text.CyBle_FindInfoEventHandler
                0x00002824      0x190 .\CortexM0\ARM_GCC_484\Debug\ANCS Demo.a(BLE_eventHandler.o)
                0x00002824                CyBle_FindInfoEventHandler
 .text.CyBle_NextCharDscrDiscovery
                0x000029b4       0x94 .\CortexM0\ARM_GCC_484\Debug\ANCS Demo.a(BLE_eventHandler.o)
                0x000029b4                CyBle_NextCharDscrDiscovery
 .text.CyBle_ErrorResponseEventHandler
                0x00002a48      0x2c8 .\CortexM0\ARM_GCC_484\Debug\ANCS Demo.a(BLE_eventHandler.o)
                0x00002a48                CyBle_ErrorResponseEventHandler
 .text.WakeupPin_ClearInterrupt
                0x00002d10       0x30 .\CortexM0\ARM_GCC_484\Debug\ANCS Demo.a(WakeupPin.o)
                0x00002d10                WakeupPin_ClearInterrupt
 .text.WakeupPinInterrupt_Start
                0x00002d40       0x24 .\CortexM0\ARM_GCC_484\Debug\ANCS Demo.a(WakeupPinInterrupt.o)
                0x00002d40                WakeupPinInterrupt_Start
 .text.WakeupPinInterrupt_Interrupt
                0x00002d64        0x8 .\CortexM0\ARM_GCC_484\Debug\ANCS Demo.a(WakeupPinInterrupt.o)
                0x00002d64                WakeupPinInterrupt_Interrupt
 .text.WakeupPinInterrupt_SetVector
                0x00002d6c       0x18 .\CortexM0\ARM_GCC_484\Debug\ANCS Demo.a(WakeupPinInterrupt.o)
                0x00002d6c                WakeupPinInterrupt_SetVector
 .text.WakeupPinInterrupt_SetPriority
                0x00002d84       0x50 .\CortexM0\ARM_GCC_484\Debug\ANCS Demo.a(WakeupPinInterrupt.o)
                0x00002d84                WakeupPinInterrupt_SetPriority
 .text.WakeupPinInterrupt_Enable
                0x00002dd4       0x14 .\CortexM0\ARM_GCC_484\Debug\ANCS Demo.a(WakeupPinInterrupt.o)
                0x00002dd4                WakeupPinInterrupt_Enable
 .text.WakeupPinInterrupt_Disable
                0x00002de8       0x14 .\CortexM0\ARM_GCC_484\Debug\ANCS Demo.a(WakeupPinInterrupt.o)
                0x00002de8                WakeupPinInterrupt_Disable
 .text.UART_Init
                0x00002dfc        0xc .\CortexM0\ARM_GCC_484\Debug\ANCS Demo.a(UART.o)
                0x00002dfc                UART_Init
 .text.UART_Enable
                0x00002e08       0x20 .\CortexM0\ARM_GCC_484\Debug\ANCS Demo.a(UART.o)
                0x00002e08                UART_Enable
 .text.UART_Start
                0x00002e28       0x24 .\CortexM0\ARM_GCC_484\Debug\ANCS Demo.a(UART.o)
                0x00002e28                UART_Start
 .text.UART_ScbEnableIntr
                0x00002e4c        0x8 .\CortexM0\ARM_GCC_484\Debug\ANCS Demo.a(UART.o)
 .text.UART_SpiUartReadRxData
                0x00002e54       0x20 .\CortexM0\ARM_GCC_484\Debug\ANCS Demo.a(UART_SPI_UART.o)
                0x00002e54                UART_SpiUartReadRxData
 .text.UART_SpiUartGetRxBufferSize
                0x00002e74       0x20 .\CortexM0\ARM_GCC_484\Debug\ANCS Demo.a(UART_SPI_UART.o)
                0x00002e74                UART_SpiUartGetRxBufferSize
 .text.UART_SpiUartWriteTxData
                0x00002e94       0x2c .\CortexM0\ARM_GCC_484\Debug\ANCS Demo.a(UART_SPI_UART.o)
                0x00002e94                UART_SpiUartWriteTxData
 .text.UART_SpiUartGetTxBufferSize
                0x00002ec0       0x20 .\CortexM0\ARM_GCC_484\Debug\ANCS Demo.a(UART_SPI_UART.o)
                0x00002ec0                UART_SpiUartGetTxBufferSize
 .text.UART_UartInit
                0x00002ee0       0xb0 .\CortexM0\ARM_GCC_484\Debug\ANCS Demo.a(UART_UART.o)
                0x00002ee0                UART_UartInit
 .text.UART_UartGetChar
                0x00002f90       0x44 .\CortexM0\ARM_GCC_484\Debug\ANCS Demo.a(UART_UART.o)
                0x00002f90                UART_UartGetChar
 .text.UART_UartPutString
                0x00002fd4       0x34 .\CortexM0\ARM_GCC_484\Debug\ANCS Demo.a(UART_UART.o)
                0x00002fd4                UART_UartPutString
 .text          0x00003008       0x20 .\CortexM0\ARM_GCC_484\Debug\ANCS Demo.a(CyBootAsmGnu.o)
                0x00003008                CyDelayCycles
                0x0000301a                CyEnterCriticalSection
                0x00003022                CyExitCriticalSection
 .text.CySysClkWcoSetHighPowerMode
                0x00003028       0x3c .\CortexM0\ARM_GCC_484\Debug\ANCS Demo.a(CyLib.o)
 .text.CySysClkWcoSetLowPowerMode
                0x00003064       0x48 .\CortexM0\ARM_GCC_484\Debug\ANCS Demo.a(CyLib.o)
 .text.CySysClkWriteSysclkDiv
                0x000030ac       0x44 .\CortexM0\ARM_GCC_484\Debug\ANCS Demo.a(CyLib.o)
                0x000030ac                CySysClkWriteSysclkDiv
 .text.CySysClkEcoStart
                0x000030f0       0x74 .\CortexM0\ARM_GCC_484\Debug\ANCS Demo.a(CyLib.o)
                0x000030f0                CySysClkEcoStart
 .text.CySysClkEcoReadStatus
                0x00003164       0x18 .\CortexM0\ARM_GCC_484\Debug\ANCS Demo.a(CyLib.o)
                0x00003164                CySysClkEcoReadStatus
 .text.CySysClkWcoStart
                0x0000317c       0x20 .\CortexM0\ARM_GCC_484\Debug\ANCS Demo.a(CyLib.o)
                0x0000317c                CySysClkWcoStart
 .text.CySysClkWcoSetPowerMode
                0x0000319c       0x40 .\CortexM0\ARM_GCC_484\Debug\ANCS Demo.a(CyLib.o)
                0x0000319c                CySysClkWcoSetPowerMode
 .text.CyHalt   0x000031dc       0x14 .\CortexM0\ARM_GCC_484\Debug\ANCS Demo.a(CyLib.o)
                0x000031dc                CyHalt
 .text.CyDelay  0x000031f0       0x48 .\CortexM0\ARM_GCC_484\Debug\ANCS Demo.a(CyLib.o)
                0x000031f0                CyDelay
 .text.CyDelayUs
                0x00003238       0x28 .\CortexM0\ARM_GCC_484\Debug\ANCS Demo.a(CyLib.o)
                0x00003238                CyDelayUs
 .text.CySysPmSleep
                0x00003260       0x34 .\CortexM0\ARM_GCC_484\Debug\ANCS Demo.a(cyPm.o)
                0x00003260                CySysPmSleep
 .text.CySysPmDeepSleep
                0x00003294       0x6c .\CortexM0\ARM_GCC_484\Debug\ANCS Demo.a(cyPm.o)
                0x00003294                CySysPmDeepSleep
 .text.CySysPmHibernate
                0x00003300       0x6c .\CortexM0\ARM_GCC_484\Debug\ANCS Demo.a(cyPm.o)
                0x00003300                CySysPmHibernate
 .text.CyBLE_Nvram_Write
                0x0000336c      0x19c .\CortexM0\ARM_GCC_484\Debug\ANCS Demo.a(BLE_HAL_PVT.o)
                0x0000336c                CyBLE_Nvram_Write
 .text.CyBLE_Bless_LlRegWrite
                0x00003508       0x1c .\CortexM0\ARM_GCC_484\Debug\ANCS Demo.a(BLE_HAL_PVT.o)
                0x00003508                CyBLE_Bless_LlRegWrite
 .text.CyBLE_Bless_RfRegWrite
                0x00003524       0x1c .\CortexM0\ARM_GCC_484\Debug\ANCS Demo.a(BLE_HAL_PVT.o)
                0x00003524                CyBLE_Bless_RfRegWrite
 .text.CyBleHal_DelayUs
                0x00003540       0x1c .\CortexM0\ARM_GCC_484\Debug\ANCS Demo.a(BLE_HAL_PVT.o)
                0x00003540                CyBleHal_DelayUs
 .text.CyBleHal_EnableGlobalInterrupts
                0x0000355c        0xc .\CortexM0\ARM_GCC_484\Debug\ANCS Demo.a(BLE_HAL_PVT.o)
                0x0000355c                CyBleHal_EnableGlobalInterrupts
 .text.CyBleHal_DisableGlobalInterrupts
                0x00003568        0xc .\CortexM0\ARM_GCC_484\Debug\ANCS Demo.a(BLE_HAL_PVT.o)
                0x00003568                CyBleHal_DisableGlobalInterrupts
 .text.CyBle_HalInit
                0x00003574       0x20 .\CortexM0\ARM_GCC_484\Debug\ANCS Demo.a(BLE_HAL_PVT.o)
                0x00003574                CyBle_HalInit
 .text.CYBLE_BlessStart
                0x00003594       0x14 .\CortexM0\ARM_GCC_484\Debug\ANCS Demo.a(BLE_HAL_PVT.o)
                0x00003594                CYBLE_BlessStart
 .text.BLE_bless_isr_StartEx
                0x000035a8       0x24 .\CortexM0\ARM_GCC_484\Debug\ANCS Demo.a(BLE_bless_isr.o)
                0x000035a8                BLE_bless_isr_StartEx
 .text.BLE_bless_isr_SetVector
                0x000035cc       0x18 .\CortexM0\ARM_GCC_484\Debug\ANCS Demo.a(BLE_bless_isr.o)
                0x000035cc                BLE_bless_isr_SetVector
 .text.BLE_bless_isr_SetPriority
                0x000035e4       0x50 .\CortexM0\ARM_GCC_484\Debug\ANCS Demo.a(BLE_bless_isr.o)
                0x000035e4                BLE_bless_isr_SetPriority
 .text.BLE_bless_isr_Enable
                0x00003634       0x14 .\CortexM0\ARM_GCC_484\Debug\ANCS Demo.a(BLE_bless_isr.o)
                0x00003634                BLE_bless_isr_Enable
 .text.BLE_bless_isr_Disable
                0x00003648       0x14 .\CortexM0\ARM_GCC_484\Debug\ANCS Demo.a(BLE_bless_isr.o)
                0x00003648                BLE_bless_isr_Disable
 .text.CySysFlashWriteRow
                0x0000365c      0x178 .\CortexM0\ARM_GCC_484\Debug\ANCS Demo.a(CyFlash.o)
                0x0000365c                CySysFlashWriteRow
 .text.CySysFlashClockBackup
                0x000037d4       0x60 .\CortexM0\ARM_GCC_484\Debug\ANCS Demo.a(CyFlash.o)
 .text.CySysFlashClockConfig
                0x00003834       0x50 .\CortexM0\ARM_GCC_484\Debug\ANCS Demo.a(CyFlash.o)
 .text.CySysFlashClockRestore
                0x00003884       0x60 .\CortexM0\ARM_GCC_484\Debug\ANCS Demo.a(CyFlash.o)
 .text.CyBLE_Bless_Interrupt
                0x000038e4        0xc .\CortexM0\ARM_GCC_484\Debug\ANCS Demo.a(BLE_HAL_INT.o)
                0x000038e4                CyBLE_Bless_Interrupt
 .text          0x000038f0       0x9c c:/program files (x86)/cypress/psoc creator/3.1/psoc creator/import/gnu_cs/arm/4.8.4/bin/../lib/gcc/arm-none-eabi/4.8.4/armv6-m\libgcc.a(_udivsi3.o)
                0x000038f0                __aeabi_uidiv
                0x000038f0                __udivsi3
                0x00003978                __aeabi_uidivmod
 .text          0x0000398c       0xc0 c:/program files (x86)/cypress/psoc creator/3.1/psoc creator/import/gnu_cs/arm/4.8.4/bin/../lib/gcc/arm-none-eabi/4.8.4/armv6-m\libgcc.a(_divsi3.o)
                0x0000398c                __divsi3
                0x0000398c                __aeabi_idiv
                0x00003a38                __aeabi_idivmod
 .text          0x00003a4c        0x4 c:/program files (x86)/cypress/psoc creator/3.1/psoc creator/import/gnu_cs/arm/4.8.4/bin/../lib/gcc/arm-none-eabi/4.8.4/armv6-m\libgcc.a(_dvmd_tls.o)
                0x00003a4c                __aeabi_idiv0
                0x00003a4c                __aeabi_ldiv0
 .text.__libc_init_array
                0x00003a50       0x4c c:/program files (x86)/cypress/psoc creator/3.1/psoc creator/import/gnu_cs/arm/4.8.4/bin/../lib/gcc/arm-none-eabi/4.8.4/../../../../arm-none-eabi/lib/armv6-m\libg_s.a(lib_a-init.o)
                0x00003a50                __libc_init_array
 .text.memcmp   0x00003a9c       0x1e c:/program files (x86)/cypress/psoc creator/3.1/psoc creator/import/gnu_cs/arm/4.8.4/bin/../lib/gcc/arm-none-eabi/4.8.4/../../../../arm-none-eabi/lib/armv6-m\libg_s.a(lib_a-memcmp.o)
                0x00003a9c                memcmp
 .text.memcpy   0x00003aba       0x12 c:/program files (x86)/cypress/psoc creator/3.1/psoc creator/import/gnu_cs/arm/4.8.4/bin/../lib/gcc/arm-none-eabi/4.8.4/../../../../arm-none-eabi/lib/armv6-m\libg_s.a(lib_a-memcpy-stub.o)
                0x00003aba                memcpy
 .text.memset   0x00003acc       0x10 c:/program files (x86)/cypress/psoc creator/3.1/psoc creator/import/gnu_cs/arm/4.8.4/bin/../lib/gcc/arm-none-eabi/4.8.4/../../../../arm-none-eabi/lib/armv6-m\libg_s.a(lib_a-memset.o)
                0x00003acc                memset
 *(.plt)
 *(.gnu.warning)
 *(.glue_7t)
 .glue_7t       0x00000000        0x0 linker stubs
 *(.glue_7)
 .glue_7        0x00000000        0x0 linker stubs
 *(.vfp11_veneer)
 .vfp11_veneer  0x00000000        0x0 linker stubs
 *(.bootloader)
 *(.ARM.extab* .gnu.linkonce.armextab.*)
 *(.gcc_except_table)

.v4_bx          0x00003adc        0x0
 .v4_bx         0x00000000        0x0 linker stubs

.iplt           0x00003adc        0x0
 .iplt          0x00000000        0x0 c:/program files (x86)/cypress/psoc creator/3.1/psoc creator/import/gnu_cs/arm/4.8.4/bin/../lib/gcc/arm-none-eabi/4.8.4/armv6-m/crtbegin.o

i.CyBle_EnterLPM
                0x00003adc        0x8
 i.CyBle_EnterLPM
                0x00003adc        0x8 C:\Program Files (x86)\Cypress\PSoC Creator\3.1\PSoC Creator\psoc\content\cycomponentlibrary\CyComponentLibrary.cylib\BLE_v1_20\Library\gccCyBLEStack_BLE_SOC_PERIPHERAL.a(CyBle.o)
                0x00003adc                CyBle_EnterLPM

i.CyBle_ExitLPM
                0x00003ae4        0x8
 i.CyBle_ExitLPM
                0x00003ae4        0x8 C:\Program Files (x86)\Cypress\PSoC Creator\3.1\PSoC Creator\psoc\content\cycomponentlibrary\CyComponentLibrary.cylib\BLE_v1_20\Library\gccCyBLEStack_BLE_SOC_PERIPHERAL.a(CyBle.o)
                0x00003ae4                CyBle_ExitLPM

i.CyBle_ProcessEvents
                0x00003aec        0x8
 i.CyBle_ProcessEvents
                0x00003aec        0x8 C:\Program Files (x86)\Cypress\PSoC Creator\3.1\PSoC Creator\psoc\content\cycomponentlibrary\CyComponentLibrary.cylib\BLE_v1_20\Library\gccCyBLEStack_BLE_SOC_PERIPHERAL.a(CyBle.o)
                0x00003aec                CyBle_ProcessEvents

i.CyBle_SetDeviceAddress
                0x00003af4       0x24
 i.CyBle_SetDeviceAddress
                0x00003af4       0x24 C:\Program Files (x86)\Cypress\PSoC Creator\3.1\PSoC Creator\psoc\content\cycomponentlibrary\CyComponentLibrary.cylib\BLE_v1_20\Library\gccCyBLEStack_BLE_SOC_PERIPHERAL.a(CyBle.o)
                0x00003af4                CyBle_SetDeviceAddress

i.CyBle_StackInit
                0x00003b18       0x84
 i.CyBle_StackInit
                0x00003b18       0x84 C:\Program Files (x86)\Cypress\PSoC Creator\3.1\PSoC Creator\psoc\content\cycomponentlibrary\CyComponentLibrary.cylib\BLE_v1_20\Library\gccCyBLEStack_BLE_SOC_PERIPHERAL.a(CyBle.o)
                0x00003b18                CyBle_StackInit

i.CyBleStackMgr_BleGetConfigData
                0x00003b9c        0x4
 i.CyBleStackMgr_BleGetConfigData
                0x00003b9c        0x4 C:\Program Files (x86)\Cypress\PSoC Creator\3.1\PSoC Creator\psoc\content\cycomponentlibrary\CyComponentLibrary.cylib\BLE_v1_20\Library\gccCyBLEStack_BLE_SOC_PERIPHERAL.a(CyBleStackMgrIP_Interface.o)
                0x00003b9c                CyBleStackMgr_BleGetConfigData

i.CyBleStackMgr_BleSetConfigData
                0x00003ba0        0x4
 i.CyBleStackMgr_BleSetConfigData
                0x00003ba0        0x4 C:\Program Files (x86)\Cypress\PSoC Creator\3.1\PSoC Creator\psoc\content\cycomponentlibrary\CyComponentLibrary.cylib\BLE_v1_20\Library\gccCyBLEStack_BLE_SOC_PERIPHERAL.a(CyBleStackMgrIP_Interface.o)
                0x00003ba0                CyBleStackMgr_BleSetConfigData

i.CyBleStackMgr_Init
                0x00003ba4      0x104
 i.CyBleStackMgr_Init
                0x00003ba4      0x104 C:\Program Files (x86)\Cypress\PSoC Creator\3.1\PSoC Creator\psoc\content\cycomponentlibrary\CyComponentLibrary.cylib\BLE_v1_20\Library\gccCyBLEStack_BLE_SOC_PERIPHERAL.a(CyBleStackMgrIP_Interface.o)
                0x00003ba4                CyBleStackMgr_Init

i.CyBleStackMgr_ProcessBleEvents
                0x00003ca8       0x14
 i.CyBleStackMgr_ProcessBleEvents
                0x00003ca8       0x14 C:\Program Files (x86)\Cypress\PSoC Creator\3.1\PSoC Creator\psoc\content\cycomponentlibrary\CyComponentLibrary.cylib\BLE_v1_20\Library\gccCyBLEStack_BLE_SOC_PERIPHERAL.a(CyBleStackMgrIP_Interface.o)
                0x00003ca8                CyBleStackMgr_ProcessBleEvents

i.ble_stack_idle_task_callback
                0x00003cbc        0x2
 i.ble_stack_idle_task_callback
                0x00003cbc        0x2 C:\Program Files (x86)\Cypress\PSoC Creator\3.1\PSoC Creator\psoc\content\cycomponentlibrary\CyComponentLibrary.cylib\BLE_v1_20\Library\gccCyBLEStack_BLE_SOC_PERIPHERAL.a(CyBleStackMgrIP_Interface.o)
                0x00003cbc                ble_stack_idle_task_callback

i.BT_OSFreeBuf  0x00003cc0       0x18
 i.BT_OSFreeBuf
                0x00003cc0       0x18 C:\Program Files (x86)\Cypress\PSoC Creator\3.1\PSoC Creator\psoc\content\cycomponentlibrary\CyComponentLibrary.cylib\BLE_v1_20\Library\gccCyBLEStack_BLE_SOC_PERIPHERAL.a(BT_os.o)
                0x00003cc0                BT_OSFreeBuf

i.BT_OSGetBuF   0x00003cd8       0x1c
 i.BT_OSGetBuF  0x00003cd8       0x1c C:\Program Files (x86)\Cypress\PSoC Creator\3.1\PSoC Creator\psoc\content\cycomponentlibrary\CyComponentLibrary.cylib\BLE_v1_20\Library\gccCyBLEStack_BLE_SOC_PERIPHERAL.a(BT_os.o)
                0x00003cd8                BT_OSGetBuF

i.BT_OSMemCreate
                0x00003cf4       0x1c
 i.BT_OSMemCreate
                0x00003cf4       0x1c C:\Program Files (x86)\Cypress\PSoC Creator\3.1\PSoC Creator\psoc\content\cycomponentlibrary\CyComponentLibrary.cylib\BLE_v1_20\Library\gccCyBLEStack_BLE_SOC_PERIPHERAL.a(BT_os.o)
                0x00003cf4                BT_OSMemCreate

i.BT_alloc_mem_ext
                0x00003d10       0x34
 i.BT_alloc_mem_ext
                0x00003d10       0x34 C:\Program Files (x86)\Cypress\PSoC Creator\3.1\PSoC Creator\psoc\content\cycomponentlibrary\CyComponentLibrary.cylib\BLE_v1_20\Library\gccCyBLEStack_BLE_SOC_PERIPHERAL.a(BT_os.o)
                0x00003d10                BT_alloc_mem_ext

i.BT_free_mem   0x00003d44        0xc
 i.BT_free_mem  0x00003d44        0xc C:\Program Files (x86)\Cypress\PSoC Creator\3.1\PSoC Creator\psoc\content\cycomponentlibrary\CyComponentLibrary.cylib\BLE_v1_20\Library\gccCyBLEStack_BLE_SOC_PERIPHERAL.a(BT_os.o)
                0x00003d44                BT_free_mem

i.bt_stack_init_os
                0x00003d50       0x34
 i.bt_stack_init_os
                0x00003d50       0x34 C:\Program Files (x86)\Cypress\PSoC Creator\3.1\PSoC Creator\psoc\content\cycomponentlibrary\CyComponentLibrary.cylib\BLE_v1_20\Library\gccCyBLEStack_BLE_SOC_PERIPHERAL.a(BT_os.o)
                0x00003d50                bt_stack_init_os

i.CyBle_CheckBleStackTaskStatus
                0x00003d84        0x4
 i.CyBle_CheckBleStackTaskStatus
                0x00003d84        0x4 C:\Program Files (x86)\Cypress\PSoC Creator\3.1\PSoC Creator\psoc\content\cycomponentlibrary\CyComponentLibrary.cylib\BLE_v1_20\Library\gccCyBLEStack_BLE_SOC_PERIPHERAL.a(CyBleStackMgr_StackTaskHandler.o)
                0x00003d84                CyBle_CheckBleStackTaskStatus

i.CyBle_CreateBleStackTask
                0x00003d88       0x2c
 i.CyBle_CreateBleStackTask
                0x00003d88       0x2c C:\Program Files (x86)\Cypress\PSoC Creator\3.1\PSoC Creator\psoc\content\cycomponentlibrary\CyComponentLibrary.cylib\BLE_v1_20\Library\gccCyBLEStack_BLE_SOC_PERIPHERAL.a(CyBleStackMgr_StackTaskHandler.o)
                0x00003d88                CyBle_CreateBleStackTask

i.CyBle_SignalBleStackTask
                0x00003db4       0x50
 i.CyBle_SignalBleStackTask
                0x00003db4       0x50 C:\Program Files (x86)\Cypress\PSoC Creator\3.1\PSoC Creator\psoc\content\cycomponentlibrary\CyComponentLibrary.cylib\BLE_v1_20\Library\gccCyBLEStack_BLE_SOC_PERIPHERAL.a(CyBleStackMgr_StackTaskHandler.o)
                0x00003db4                CyBle_SignalBleStackTask

i.CyBle_StackTaskHandler
                0x00003e04       0x5c
 i.CyBle_StackTaskHandler
                0x00003e04       0x5c C:\Program Files (x86)\Cypress\PSoC Creator\3.1\PSoC Creator\psoc\content\cycomponentlibrary\CyComponentLibrary.cylib\BLE_v1_20\Library\gccCyBLEStack_BLE_SOC_PERIPHERAL.a(CyBleStackMgr_StackTaskHandler.o)
                0x00003e04                CyBle_StackTaskHandler

i.__ARM_common_switch8
                0x00003e60       0x1a
 i.__ARM_common_switch8
                0x00003e60       0x1a C:\Program Files (x86)\Cypress\PSoC Creator\3.1\PSoC Creator\psoc\content\cycomponentlibrary\CyComponentLibrary.cylib\BLE_v1_20\Library\gccCyBLEStack_BLE_SOC_PERIPHERAL.a(CyBleStackMgr_StackTaskHandler.o)
                0x00003e60                __ARM_common_switch8

i.hci_soft_transport_notify_data_received
                0x00003e7c        0xc
 i.hci_soft_transport_notify_data_received
                0x00003e7c        0xc C:\Program Files (x86)\Cypress\PSoC Creator\3.1\PSoC Creator\psoc\content\cycomponentlibrary\CyComponentLibrary.cylib\BLE_v1_20\Library\gccCyBLEStack_BLE_SOC_PERIPHERAL.a(transport_sf.o)
                0x00003e7c                hci_soft_transport_notify_data_received

i.hci_soft_transport_rx_data
                0x00003e88       0x40
 i.hci_soft_transport_rx_data
                0x00003e88       0x40 C:\Program Files (x86)\Cypress\PSoC Creator\3.1\PSoC Creator\psoc\content\cycomponentlibrary\CyComponentLibrary.cylib\BLE_v1_20\Library\gccCyBLEStack_BLE_SOC_PERIPHERAL.a(transport_sf.o)
                0x00003e88                hci_soft_transport_rx_data

i.hci_transport_bt_init
                0x00003ec8        0x2
 i.hci_transport_bt_init
                0x00003ec8        0x2 C:\Program Files (x86)\Cypress\PSoC Creator\3.1\PSoC Creator\psoc\content\cycomponentlibrary\CyComponentLibrary.cylib\BLE_v1_20\Library\gccCyBLEStack_BLE_SOC_PERIPHERAL.a(transport_sf.o)
                0x00003ec8                hci_transport_bt_init

i.hci_transport_init
                0x00003ecc       0x10
 i.hci_transport_init
                0x00003ecc       0x10 C:\Program Files (x86)\Cypress\PSoC Creator\3.1\PSoC Creator\psoc\content\cycomponentlibrary\CyComponentLibrary.cylib\BLE_v1_20\Library\gccCyBLEStack_BLE_SOC_PERIPHERAL.a(transport_sf.o)
                0x00003ecc                hci_transport_init

i.hci_transport_write_data
                0x00003edc       0xd4
 i.hci_transport_write_data
                0x00003edc       0xd4 C:\Program Files (x86)\Cypress\PSoC Creator\3.1\PSoC Creator\psoc\content\cycomponentlibrary\CyComponentLibrary.cylib\BLE_v1_20\Library\gccCyBLEStack_BLE_SOC_PERIPHERAL.a(transport_sf.o)
                0x00003edc                hci_transport_write_data

i.pf_hci_soft_transport_write
                0x00003fb0       0x44
 i.pf_hci_soft_transport_write
                0x00003fb0       0x44 C:\Program Files (x86)\Cypress\PSoC Creator\3.1\PSoC Creator\psoc\content\cycomponentlibrary\CyComponentLibrary.cylib\BLE_v1_20\Library\gccCyBLEStack_BLE_SOC_PERIPHERAL.a(transport_sf.o)
                0x00003fb0                pf_hci_soft_transport_write

i.pf_soft_hci_transport_init
                0x00003ff4        0xc
 i.pf_soft_hci_transport_init
                0x00003ff4        0xc C:\Program Files (x86)\Cypress\PSoC Creator\3.1\PSoC Creator\psoc\content\cycomponentlibrary\CyComponentLibrary.cylib\BLE_v1_20\Library\gccCyBLEStack_BLE_SOC_PERIPHERAL.a(transport_sf.o)
                0x00003ff4                pf_soft_hci_transport_init

i.CyBleStackMgr_GetTime
                0x00004000       0x14
 i.CyBleStackMgr_GetTime
                0x00004000       0x14 C:\Program Files (x86)\Cypress\PSoC Creator\3.1\PSoC Creator\psoc\content\cycomponentlibrary\CyComponentLibrary.cylib\BLE_v1_20\Library\gccCyBLEStack_BLE_SOC_PERIPHERAL.a(CyBleStackMgr_PSoCHal.o)
                0x00004000                CyBleStackMgr_GetTime

i.CyBleStackMgr_HalInit
                0x00004014       0x24
 i.CyBleStackMgr_HalInit
                0x00004014       0x24 C:\Program Files (x86)\Cypress\PSoC Creator\3.1\PSoC Creator\psoc\content\cycomponentlibrary\CyComponentLibrary.cylib\BLE_v1_20\Library\gccCyBLEStack_BLE_SOC_PERIPHERAL.a(CyBleStackMgr_PSoCHal.o)
                0x00004014                CyBleStackMgr_HalInit

i.CyBleStackMgr_HalIntrEnable
                0x00004038        0x8
 i.CyBleStackMgr_HalIntrEnable
                0x00004038        0x8 C:\Program Files (x86)\Cypress\PSoC Creator\3.1\PSoC Creator\psoc\content\cycomponentlibrary\CyComponentLibrary.cylib\BLE_v1_20\Library\gccCyBLEStack_BLE_SOC_PERIPHERAL.a(CyBleStackMgr_PSoCHal.o)
                0x00004038                CyBleStackMgr_HalIntrEnable

i.CyBleStackMgr_HandleLinkLayerTick
                0x00004040       0x5c
 i.CyBleStackMgr_HandleLinkLayerTick
                0x00004040       0x5c C:\Program Files (x86)\Cypress\PSoC Creator\3.1\PSoC Creator\psoc\content\cycomponentlibrary\CyComponentLibrary.cylib\BLE_v1_20\Library\gccCyBLEStack_BLE_SOC_PERIPHERAL.a(CyBleStackMgr_PSoCHal.o)
                0x00004040                CyBleStackMgr_HandleLinkLayerTick

i.CyBleStackMgr_HciPortInit
                0x0000409c        0xc
 i.CyBleStackMgr_HciPortInit
                0x0000409c        0xc C:\Program Files (x86)\Cypress\PSoC Creator\3.1\PSoC Creator\psoc\content\cycomponentlibrary\CyComponentLibrary.cylib\BLE_v1_20\Library\gccCyBLEStack_BLE_SOC_PERIPHERAL.a(CyBleStackMgr_PSoCHal.o)
                0x0000409c                CyBleStackMgr_HciPortInit

i.CyBleStackMgr_HciPortReset
                0x000040a8        0x2
 i.CyBleStackMgr_HciPortReset
                0x000040a8        0x2 C:\Program Files (x86)\Cypress\PSoC Creator\3.1\PSoC Creator\psoc\content\cycomponentlibrary\CyComponentLibrary.cylib\BLE_v1_20\Library\gccCyBLEStack_BLE_SOC_PERIPHERAL.a(CyBleStackMgr_PSoCHal.o)
                0x000040a8                CyBleStackMgr_HciPortReset

i.CyBleStackMgr_HciPortWrite
                0x000040aa        0x8
 i.CyBleStackMgr_HciPortWrite
                0x000040aa        0x8 C:\Program Files (x86)\Cypress\PSoC Creator\3.1\PSoC Creator\psoc\content\cycomponentlibrary\CyComponentLibrary.cylib\BLE_v1_20\Library\gccCyBLEStack_BLE_SOC_PERIPHERAL.a(CyBleStackMgr_PSoCHal.o)
                0x000040aa                CyBleStackMgr_HciPortWrite

i.CyBleStackMgr_ResetLinkLayerTimerEntity
                0x000040b4       0x14
 i.CyBleStackMgr_ResetLinkLayerTimerEntity
                0x000040b4       0x14 C:\Program Files (x86)\Cypress\PSoC Creator\3.1\PSoC Creator\psoc\content\cycomponentlibrary\CyComponentLibrary.cylib\BLE_v1_20\Library\gccCyBLEStack_BLE_SOC_PERIPHERAL.a(CyBleStackMgr_PSoCHal.o)
                0x000040b4                CyBleStackMgr_ResetLinkLayerTimerEntity

i.CyBleStackMgr_TimerStart
                0x000040c8       0x2c
 i.CyBleStackMgr_TimerStart
                0x000040c8       0x2c C:\Program Files (x86)\Cypress\PSoC Creator\3.1\PSoC Creator\psoc\content\cycomponentlibrary\CyComponentLibrary.cylib\BLE_v1_20\Library\gccCyBLEStack_BLE_SOC_PERIPHERAL.a(CyBleStackMgr_PSoCHal.o)
                0x000040c8                CyBleStackMgr_TimerStart

i.CyBleStackMgr_TimerStop
                0x000040f4       0x18
 i.CyBleStackMgr_TimerStop
                0x000040f4       0x18 C:\Program Files (x86)\Cypress\PSoC Creator\3.1\PSoC Creator\psoc\content\cycomponentlibrary\CyComponentLibrary.cylib\BLE_v1_20\Library\gccCyBLEStack_BLE_SOC_PERIPHERAL.a(CyBleStackMgr_PSoCHal.o)
                0x000040f4                CyBleStackMgr_TimerStop

i.CyBleStackMgr_isTimerRunning
                0x0000410c       0x10
 i.CyBleStackMgr_isTimerRunning
                0x0000410c       0x10 C:\Program Files (x86)\Cypress\PSoC Creator\3.1\PSoC Creator\psoc\content\cycomponentlibrary\CyComponentLibrary.cylib\BLE_v1_20\Library\gccCyBLEStack_BLE_SOC_PERIPHERAL.a(CyBleStackMgr_PSoCHal.o)
                0x0000410c                CyBleStackMgr_isTimerRunning

i.CyBleAtlantisRadioInit
                0x0000411c      0x1ac
 i.CyBleAtlantisRadioInit
                0x0000411c      0x1ac C:\Program Files (x86)\Cypress\PSoC Creator\3.1\PSoC Creator\psoc\content\cycomponentlibrary\CyComponentLibrary.cylib\BLE_v1_20\Library\gccCyBLEStack_BLE_SOC_PERIPHERAL.a(CyBleStackMgr_BleSSDriver.o)

i.CyBleStackMgr_BleSSFifoRead
                0x000042c8       0x38
 i.CyBleStackMgr_BleSSFifoRead
                0x000042c8       0x38 C:\Program Files (x86)\Cypress\PSoC Creator\3.1\PSoC Creator\psoc\content\cycomponentlibrary\CyComponentLibrary.cylib\BLE_v1_20\Library\gccCyBLEStack_BLE_SOC_PERIPHERAL.a(CyBleStackMgr_BleSSDriver.o)
                0x000042c8                CyBleStackMgr_BleSSFifoRead

i.CyBleStackMgr_BleSSFifoWrite
                0x00004300       0x30
 i.CyBleStackMgr_BleSSFifoWrite
                0x00004300       0x30 C:\Program Files (x86)\Cypress\PSoC Creator\3.1\PSoC Creator\psoc\content\cycomponentlibrary\CyComponentLibrary.cylib\BLE_v1_20\Library\gccCyBLEStack_BLE_SOC_PERIPHERAL.a(CyBleStackMgr_BleSSDriver.o)
                0x00004300                CyBleStackMgr_BleSSFifoWrite

i.CyBleStackMgr_BleSSInit
                0x00004330       0x50
 i.CyBleStackMgr_BleSSInit
                0x00004330       0x50 C:\Program Files (x86)\Cypress\PSoC Creator\3.1\PSoC Creator\psoc\content\cycomponentlibrary\CyComponentLibrary.cylib\BLE_v1_20\Library\gccCyBLEStack_BLE_SOC_PERIPHERAL.a(CyBleStackMgr_BleSSDriver.o)
                0x00004330                CyBleStackMgr_BleSSInit

i.CyBleStackMgr_BleSSMemRead
                0x00004380       0x26
 i.CyBleStackMgr_BleSSMemRead
                0x00004380       0x26 C:\Program Files (x86)\Cypress\PSoC Creator\3.1\PSoC Creator\psoc\content\cycomponentlibrary\CyComponentLibrary.cylib\BLE_v1_20\Library\gccCyBLEStack_BLE_SOC_PERIPHERAL.a(CyBleStackMgr_BleSSDriver.o)
                0x00004380                CyBleStackMgr_BleSSMemRead

i.CyBleStackMgr_BleSSMemWrite
                0x000043a8       0x34
 i.CyBleStackMgr_BleSSMemWrite
                0x000043a8       0x34 C:\Program Files (x86)\Cypress\PSoC Creator\3.1\PSoC Creator\psoc\content\cycomponentlibrary\CyComponentLibrary.cylib\BLE_v1_20\Library\gccCyBLEStack_BLE_SOC_PERIPHERAL.a(CyBleStackMgr_BleSSDriver.o)
                0x000043a8                CyBleStackMgr_BleSSMemWrite

i.CyBleStackMgr_BleSSRegRead
                0x000043dc        0xc
 i.CyBleStackMgr_BleSSRegRead
                0x000043dc        0xc C:\Program Files (x86)\Cypress\PSoC Creator\3.1\PSoC Creator\psoc\content\cycomponentlibrary\CyComponentLibrary.cylib\BLE_v1_20\Library\gccCyBLEStack_BLE_SOC_PERIPHERAL.a(CyBleStackMgr_BleSSDriver.o)
                0x000043dc                CyBleStackMgr_BleSSRegRead

i.CyBleStackMgr_BleSSRegWrite
                0x000043e8        0xc
 i.CyBleStackMgr_BleSSRegWrite
                0x000043e8        0xc C:\Program Files (x86)\Cypress\PSoC Creator\3.1\PSoC Creator\psoc\content\cycomponentlibrary\CyComponentLibrary.cylib\BLE_v1_20\Library\gccCyBLEStack_BLE_SOC_PERIPHERAL.a(CyBleStackMgr_BleSSDriver.o)
                0x000043e8                CyBleStackMgr_BleSSRegWrite

i.CyBleStackMgr_BleSSReset
                0x000043f4       0x38
 i.CyBleStackMgr_BleSSReset
                0x000043f4       0x38 C:\Program Files (x86)\Cypress\PSoC Creator\3.1\PSoC Creator\psoc\content\cycomponentlibrary\CyComponentLibrary.cylib\BLE_v1_20\Library\gccCyBLEStack_BLE_SOC_PERIPHERAL.a(CyBleStackMgr_BleSSDriver.o)
                0x000043f4                CyBleStackMgr_BleSSReset

i.CyBleStackMgr_BleSSShutdown
                0x0000442c       0x24
 i.CyBleStackMgr_BleSSShutdown
                0x0000442c       0x24 C:\Program Files (x86)\Cypress\PSoC Creator\3.1\PSoC Creator\psoc\content\cycomponentlibrary\CyComponentLibrary.cylib\BLE_v1_20\Library\gccCyBLEStack_BLE_SOC_PERIPHERAL.a(CyBleStackMgr_BleSSDriver.o)
                0x0000442c                CyBleStackMgr_BleSSShutdown

i.CyBleStackMgr_GenericIface
                0x00004450       0x3c
 i.CyBleStackMgr_GenericIface
                0x00004450       0x3c C:\Program Files (x86)\Cypress\PSoC Creator\3.1\PSoC Creator\psoc\content\cycomponentlibrary\CyComponentLibrary.cylib\BLE_v1_20\Library\gccCyBLEStack_BLE_SOC_PERIPHERAL.a(CyBleStackMgr_BleSSDriver.o)
                0x00004450                CyBleStackMgr_GenericIface

i.CyBleStackMgr_HandleBleSSIntr
                0x0000448c       0x90
 i.CyBleStackMgr_HandleBleSSIntr
                0x0000448c       0x90 C:\Program Files (x86)\Cypress\PSoC Creator\3.1\PSoC Creator\psoc\content\cycomponentlibrary\CyComponentLibrary.cylib\BLE_v1_20\Library\gccCyBLEStack_BLE_SOC_PERIPHERAL.a(CyBleStackMgr_BleSSDriver.o)
                0x0000448c                CyBleStackMgr_HandleBleSSIntr

i.CyBleStackMgr_SetClockParam
                0x0000451c       0xb4
 i.CyBleStackMgr_SetClockParam
                0x0000451c       0xb4 C:\Program Files (x86)\Cypress\PSoC Creator\3.1\PSoC Creator\psoc\content\cycomponentlibrary\CyComponentLibrary.cylib\BLE_v1_20\Library\gccCyBLEStack_BLE_SOC_PERIPHERAL.a(CyBleStackMgr_BleSSDriver.o)

i.CyBleStackMgr_isXtalCpuClkSource
                0x000045d0       0x18
 i.CyBleStackMgr_isXtalCpuClkSource
                0x000045d0       0x18 C:\Program Files (x86)\Cypress\PSoC Creator\3.1\PSoC Creator\psoc\content\cycomponentlibrary\CyComponentLibrary.cylib\BLE_v1_20\Library\gccCyBLEStack_BLE_SOC_PERIPHERAL.a(CyBleStackMgr_BleSSDriver.o)
                0x000045d0                CyBleStackMgr_isXtalCpuClkSource

i.CyBle_EnterDsmMode
                0x000045e8       0x3c
 i.CyBle_EnterDsmMode
                0x000045e8       0x3c C:\Program Files (x86)\Cypress\PSoC Creator\3.1\PSoC Creator\psoc\content\cycomponentlibrary\CyComponentLibrary.cylib\BLE_v1_20\Library\gccCyBLEStack_BLE_SOC_PERIPHERAL.a(CyBleStackMgr_BleSSDriver.o)
                0x000045e8                CyBle_EnterDsmMode

i.CyBle_ExitDsmMode
                0x00004624       0x2c
 i.CyBle_ExitDsmMode
                0x00004624       0x2c C:\Program Files (x86)\Cypress\PSoC Creator\3.1\PSoC Creator\psoc\content\cycomponentlibrary\CyComponentLibrary.cylib\BLE_v1_20\Library\gccCyBLEStack_BLE_SOC_PERIPHERAL.a(CyBleStackMgr_BleSSDriver.o)
                0x00004624                CyBle_ExitDsmMode

i.CyBle_GetBleSsOperationalMode
                0x00004650        0xc
 i.CyBle_GetBleSsOperationalMode
                0x00004650        0xc C:\Program Files (x86)\Cypress\PSoC Creator\3.1\PSoC Creator\psoc\content\cycomponentlibrary\CyComponentLibrary.cylib\BLE_v1_20\Library\gccCyBLEStack_BLE_SOC_PERIPHERAL.a(CyBleStackMgr_BleSSDriver.o)
                0x00004650                CyBle_GetBleSsOperationalMode

i.CyBle_GetEventCloseState
                0x0000465c       0x10
 i.CyBle_GetEventCloseState
                0x0000465c       0x10 C:\Program Files (x86)\Cypress\PSoC Creator\3.1\PSoC Creator\psoc\content\cycomponentlibrary\CyComponentLibrary.cylib\BLE_v1_20\Library\gccCyBLEStack_BLE_SOC_PERIPHERAL.a(CyBleStackMgr_BleSSDriver.o)
                0x0000465c                CyBle_GetEventCloseState

i.CyBle_GetLpMode
                0x0000466c       0x26
 i.CyBle_GetLpMode
                0x0000466c       0x26 C:\Program Files (x86)\Cypress\PSoC Creator\3.1\PSoC Creator\psoc\content\cycomponentlibrary\CyComponentLibrary.cylib\BLE_v1_20\Library\gccCyBLEStack_BLE_SOC_PERIPHERAL.a(CyBleStackMgr_BleSSDriver.o)
                0x0000466c                CyBle_GetLpMode

i.CyBle_GetTxGainMode
                0x00004694       0x2c
 i.CyBle_GetTxGainMode
                0x00004694       0x2c C:\Program Files (x86)\Cypress\PSoC Creator\3.1\PSoC Creator\psoc\content\cycomponentlibrary\CyComponentLibrary.cylib\BLE_v1_20\Library\gccCyBLEStack_BLE_SOC_PERIPHERAL.a(CyBleStackMgr_BleSSDriver.o)
                0x00004694                CyBle_GetTxGainMode

i.CyBle_SetAutoWakeUp
                0x000046c0        0xc
 i.CyBle_SetAutoWakeUp
                0x000046c0        0xc C:\Program Files (x86)\Cypress\PSoC Creator\3.1\PSoC Creator\psoc\content\cycomponentlibrary\CyComponentLibrary.cylib\BLE_v1_20\Library\gccCyBLEStack_BLE_SOC_PERIPHERAL.a(CyBleStackMgr_BleSSDriver.o)
                0x000046c0                CyBle_SetAutoWakeUp

i.CyBle_SetBleSsOperationalMode
                0x000046cc       0x20
 i.CyBle_SetBleSsOperationalMode
                0x000046cc       0x20 C:\Program Files (x86)\Cypress\PSoC Creator\3.1\PSoC Creator\psoc\content\cycomponentlibrary\CyComponentLibrary.cylib\BLE_v1_20\Library\gccCyBLEStack_BLE_SOC_PERIPHERAL.a(CyBleStackMgr_BleSSDriver.o)
                0x000046cc                CyBle_SetBleSsOperationalMode

i.CyBle_SetEventCloseState
                0x000046ec        0xc
 i.CyBle_SetEventCloseState
                0x000046ec        0xc C:\Program Files (x86)\Cypress\PSoC Creator\3.1\PSoC Creator\psoc\content\cycomponentlibrary\CyComponentLibrary.cylib\BLE_v1_20\Library\gccCyBLEStack_BLE_SOC_PERIPHERAL.a(CyBleStackMgr_BleSSDriver.o)
                0x000046ec                CyBle_SetEventCloseState

i.CyBle_SetRxGainMode
                0x000046f8       0x20
 i.CyBle_SetRxGainMode
                0x000046f8       0x20 C:\Program Files (x86)\Cypress\PSoC Creator\3.1\PSoC Creator\psoc\content\cycomponentlibrary\CyComponentLibrary.cylib\BLE_v1_20\Library\gccCyBLEStack_BLE_SOC_PERIPHERAL.a(CyBleStackMgr_BleSSDriver.o)
                0x000046f8                CyBle_SetRxGainMode

i.CyBle_SetTxGainMode
                0x00004718       0x38
 i.CyBle_SetTxGainMode
                0x00004718       0x38 C:\Program Files (x86)\Cypress\PSoC Creator\3.1\PSoC Creator\psoc\content\cycomponentlibrary\CyComponentLibrary.cylib\BLE_v1_20\Library\gccCyBLEStack_BLE_SOC_PERIPHERAL.a(CyBleStackMgr_BleSSDriver.o)
                0x00004718                CyBle_SetTxGainMode

i.pf_rf_get_abs_rssi
                0x00004750       0x24
 i.pf_rf_get_abs_rssi
                0x00004750       0x24 C:\Program Files (x86)\Cypress\PSoC Creator\3.1\PSoC Creator\psoc\content\cycomponentlibrary\CyComponentLibrary.cylib\BLE_v1_20\Library\gccCyBLEStack_BLE_SOC_PERIPHERAL.a(CyBleStackMgr_BleSSDriver.o)
                0x00004750                pf_rf_get_abs_rssi

i.OS_init       0x00004774       0x64
 i.OS_init      0x00004774       0x64 C:\Program Files (x86)\Cypress\PSoC Creator\3.1\PSoC Creator\psoc\content\cycomponentlibrary\CyComponentLibrary.cylib\BLE_v1_20\Library\gccCyBLEStack_BLE_SOC_PERIPHERAL.a(mint_os.o)
                0x00004774                OS_init

i.mintos_malloc
                0x000047d8       0x34
 i.mintos_malloc
                0x000047d8       0x34 C:\Program Files (x86)\Cypress\PSoC Creator\3.1\PSoC Creator\psoc\content\cycomponentlibrary\CyComponentLibrary.cylib\BLE_v1_20\Library\gccCyBLEStack_BLE_SOC_PERIPHERAL.a(mint_os.o)
                0x000047d8                mintos_malloc

i.OS_create_queue
                0x0000480c       0x64
 i.OS_create_queue
                0x0000480c       0x64 C:\Program Files (x86)\Cypress\PSoC Creator\3.1\PSoC Creator\psoc\content\cycomponentlibrary\CyComponentLibrary.cylib\BLE_v1_20\Library\gccCyBLEStack_BLE_SOC_PERIPHERAL.a(mint_os_queue.o)
                0x0000480c                OS_create_queue

i.OS_enqueue_item
                0x00004870       0x8c
 i.OS_enqueue_item
                0x00004870       0x8c C:\Program Files (x86)\Cypress\PSoC Creator\3.1\PSoC Creator\psoc\content\cycomponentlibrary\CyComponentLibrary.cylib\BLE_v1_20\Library\gccCyBLEStack_BLE_SOC_PERIPHERAL.a(mint_os_queue.o)
                0x00004870                OS_enqueue_item

i.OS_queue_get_num_of_items
                0x000048fc       0x28
 i.OS_queue_get_num_of_items
                0x000048fc       0x28 C:\Program Files (x86)\Cypress\PSoC Creator\3.1\PSoC Creator\psoc\content\cycomponentlibrary\CyComponentLibrary.cylib\BLE_v1_20\Library\gccCyBLEStack_BLE_SOC_PERIPHERAL.a(mint_os_queue.o)
                0x000048fc                OS_queue_get_num_of_items

i.OS_queue_mgmt_init
                0x00004924       0x40
 i.OS_queue_mgmt_init
                0x00004924       0x40 C:\Program Files (x86)\Cypress\PSoC Creator\3.1\PSoC Creator\psoc\content\cycomponentlibrary\CyComponentLibrary.cylib\BLE_v1_20\Library\gccCyBLEStack_BLE_SOC_PERIPHERAL.a(mint_os_queue.o)
                0x00004924                OS_queue_mgmt_init

i.OS_remove_item
                0x00004964       0xa0
 i.OS_remove_item
                0x00004964       0xa0 C:\Program Files (x86)\Cypress\PSoC Creator\3.1\PSoC Creator\psoc\content\cycomponentlibrary\CyComponentLibrary.cylib\BLE_v1_20\Library\gccCyBLEStack_BLE_SOC_PERIPHERAL.a(mint_os_queue.o)
                0x00004964                OS_remove_item

i.OS_create_task
                0x00004a04       0x88
 i.OS_create_task
                0x00004a04       0x88 C:\Program Files (x86)\Cypress\PSoC Creator\3.1\PSoC Creator\psoc\content\cycomponentlibrary\CyComponentLibrary.cylib\BLE_v1_20\Library\gccCyBLEStack_BLE_SOC_PERIPHERAL.a(mint_os_task.o)
                0x00004a04                OS_create_task

i.OS_isr_send_signal_to_task
                0x00004a8c        0xc
 i.OS_isr_send_signal_to_task
                0x00004a8c        0xc C:\Program Files (x86)\Cypress\PSoC Creator\3.1\PSoC Creator\psoc\content\cycomponentlibrary\CyComponentLibrary.cylib\BLE_v1_20\Library\gccCyBLEStack_BLE_SOC_PERIPHERAL.a(mint_os_task.o)
                0x00004a8c                OS_isr_send_signal_to_task

i.OS_scheduler  0x00004a98       0x64
 i.OS_scheduler
                0x00004a98       0x64 C:\Program Files (x86)\Cypress\PSoC Creator\3.1\PSoC Creator\psoc\content\cycomponentlibrary\CyComponentLibrary.cylib\BLE_v1_20\Library\gccCyBLEStack_BLE_SOC_PERIPHERAL.a(mint_os_task.o)
                0x00004a98                OS_scheduler

i.OS_send_signal_to_task
                0x00004afc        0xc
 i.OS_send_signal_to_task
                0x00004afc        0xc C:\Program Files (x86)\Cypress\PSoC Creator\3.1\PSoC Creator\psoc\content\cycomponentlibrary\CyComponentLibrary.cylib\BLE_v1_20\Library\gccCyBLEStack_BLE_SOC_PERIPHERAL.a(mint_os_task.o)
                0x00004afc                OS_send_signal_to_task

i.OS_send_signal_to_task_context
                0x00004b08       0x3c
 i.OS_send_signal_to_task_context
                0x00004b08       0x3c C:\Program Files (x86)\Cypress\PSoC Creator\3.1\PSoC Creator\psoc\content\cycomponentlibrary\CyComponentLibrary.cylib\BLE_v1_20\Library\gccCyBLEStack_BLE_SOC_PERIPHERAL.a(mint_os_task.o)

i.OS_task_mgmt_init
                0x00004b44       0x50
 i.OS_task_mgmt_init
                0x00004b44       0x50 C:\Program Files (x86)\Cypress\PSoC Creator\3.1\PSoC Creator\psoc\content\cycomponentlibrary\CyComponentLibrary.cylib\BLE_v1_20\Library\gccCyBLEStack_BLE_SOC_PERIPHERAL.a(mint_os_task.o)
                0x00004b44                OS_task_mgmt_init

i.mint_buf_mgmt_allocate_buffer
                0x00004b94       0x4c
 i.mint_buf_mgmt_allocate_buffer
                0x00004b94       0x4c C:\Program Files (x86)\Cypress\PSoC Creator\3.1\PSoC Creator\psoc\content\cycomponentlibrary\CyComponentLibrary.cylib\BLE_v1_20\Library\gccCyBLEStack_BLE_SOC_PERIPHERAL.a(mint_buf_mgmt.o)
                0x00004b94                mint_buf_mgmt_allocate_buffer

i.mint_buf_mgmt_create_pool
                0x00004be0       0xd8
 i.mint_buf_mgmt_create_pool
                0x00004be0       0xd8 C:\Program Files (x86)\Cypress\PSoC Creator\3.1\PSoC Creator\psoc\content\cycomponentlibrary\CyComponentLibrary.cylib\BLE_v1_20\Library\gccCyBLEStack_BLE_SOC_PERIPHERAL.a(mint_buf_mgmt.o)
                0x00004be0                mint_buf_mgmt_create_pool

i.mint_buf_mgmt_free_buffer
                0x00004cb8       0xa4
 i.mint_buf_mgmt_free_buffer
                0x00004cb8       0xa4 C:\Program Files (x86)\Cypress\PSoC Creator\3.1\PSoC Creator\psoc\content\cycomponentlibrary\CyComponentLibrary.cylib\BLE_v1_20\Library\gccCyBLEStack_BLE_SOC_PERIPHERAL.a(mint_buf_mgmt.o)
                0x00004cb8                mint_buf_mgmt_free_buffer

i.mint_buf_mgmt_get_free_heap
                0x00004d5c       0x1c
 i.mint_buf_mgmt_get_free_heap
                0x00004d5c       0x1c C:\Program Files (x86)\Cypress\PSoC Creator\3.1\PSoC Creator\psoc\content\cycomponentlibrary\CyComponentLibrary.cylib\BLE_v1_20\Library\gccCyBLEStack_BLE_SOC_PERIPHERAL.a(mint_buf_mgmt.o)
                0x00004d5c                mint_buf_mgmt_get_free_heap

i.mint_buf_mgmt_init
                0x00004d78       0x44
 i.mint_buf_mgmt_init
                0x00004d78       0x44 C:\Program Files (x86)\Cypress\PSoC Creator\3.1\PSoC Creator\psoc\content\cycomponentlibrary\CyComponentLibrary.cylib\BLE_v1_20\Library\gccCyBLEStack_BLE_SOC_PERIPHERAL.a(mint_buf_mgmt.o)
                0x00004d78                mint_buf_mgmt_init

i.mint_buf_mgmt_malloc
                0x00004dbc       0x2c
 i.mint_buf_mgmt_malloc
                0x00004dbc       0x2c C:\Program Files (x86)\Cypress\PSoC Creator\3.1\PSoC Creator\psoc\content\cycomponentlibrary\CyComponentLibrary.cylib\BLE_v1_20\Library\gccCyBLEStack_BLE_SOC_PERIPHERAL.a(mint_buf_mgmt.o)
                0x00004dbc                mint_buf_mgmt_malloc

i.mint_buf_mgmt_reset_pool
                0x00004de8       0x70
 i.mint_buf_mgmt_reset_pool
                0x00004de8       0x70 C:\Program Files (x86)\Cypress\PSoC Creator\3.1\PSoC Creator\psoc\content\cycomponentlibrary\CyComponentLibrary.cylib\BLE_v1_20\Library\gccCyBLEStack_BLE_SOC_PERIPHERAL.a(mint_buf_mgmt.o)
                0x00004de8                mint_buf_mgmt_reset_pool

i.mint_buf_mgmt_stack_init
                0x00004e58       0x24
 i.mint_buf_mgmt_stack_init
                0x00004e58       0x24 C:\Program Files (x86)\Cypress\PSoC Creator\3.1\PSoC Creator\psoc\content\cycomponentlibrary\CyComponentLibrary.cylib\BLE_v1_20\Library\gccCyBLEStack_BLE_SOC_PERIPHERAL.a(mint_buf_mgmt.o)
                0x00004e58                mint_buf_mgmt_stack_init

i.mint_buf_mgmt_stack_pop
                0x00004e7c       0x36
 i.mint_buf_mgmt_stack_pop
                0x00004e7c       0x36 C:\Program Files (x86)\Cypress\PSoC Creator\3.1\PSoC Creator\psoc\content\cycomponentlibrary\CyComponentLibrary.cylib\BLE_v1_20\Library\gccCyBLEStack_BLE_SOC_PERIPHERAL.a(mint_buf_mgmt.o)
                0x00004e7c                mint_buf_mgmt_stack_pop

i.mint_buf_mgmt_stack_push
                0x00004eb2       0x36
 i.mint_buf_mgmt_stack_push
                0x00004eb2       0x36 C:\Program Files (x86)\Cypress\PSoC Creator\3.1\PSoC Creator\psoc\content\cycomponentlibrary\CyComponentLibrary.cylib\BLE_v1_20\Library\gccCyBLEStack_BLE_SOC_PERIPHERAL.a(mint_buf_mgmt.o)
                0x00004eb2                mint_buf_mgmt_stack_push

i.mint_buf_mgmt_stack_reset
                0x00004ee8       0x1e
 i.mint_buf_mgmt_stack_reset
                0x00004ee8       0x1e C:\Program Files (x86)\Cypress\PSoC Creator\3.1\PSoC Creator\psoc\content\cycomponentlibrary\CyComponentLibrary.cylib\BLE_v1_20\Library\gccCyBLEStack_BLE_SOC_PERIPHERAL.a(mint_buf_mgmt.o)
                0x00004ee8                mint_buf_mgmt_stack_reset

i.mint_buf_mgmt_stack_search_item
                0x00004f06       0x30
 i.mint_buf_mgmt_stack_search_item
                0x00004f06       0x30 C:\Program Files (x86)\Cypress\PSoC Creator\3.1\PSoC Creator\psoc\content\cycomponentlibrary\CyComponentLibrary.cylib\BLE_v1_20\Library\gccCyBLEStack_BLE_SOC_PERIPHERAL.a(mint_buf_mgmt.o)
                0x00004f06                mint_buf_mgmt_stack_search_item

i.mint_buf_mgmt_pl_init
                0x00004f38       0x2c
 i.mint_buf_mgmt_pl_init
                0x00004f38       0x2c C:\Program Files (x86)\Cypress\PSoC Creator\3.1\PSoC Creator\psoc\content\cycomponentlibrary\CyComponentLibrary.cylib\BLE_v1_20\Library\gccCyBLEStack_BLE_SOC_PERIPHERAL.a(mint_buf_mgmt_pl.o)
                0x00004f38                mint_buf_mgmt_pl_init

i.CyBleControllerIP_GetPingState
                0x00004f64        0xc
 i.CyBleControllerIP_GetPingState
                0x00004f64        0xc C:\Program Files (x86)\Cypress\PSoC Creator\3.1\PSoC Creator\psoc\content\cycomponentlibrary\CyComponentLibrary.cylib\BLE_v1_20\Library\gccCyBLEStack_BLE_SOC_PERIPHERAL.a(CyBleControllerIP_Interface.o)
                0x00004f64                CyBleControllerIP_GetPingState

i.CyBleController_AddDeviceToWhiteList
                0x00004f70       0x40
 i.CyBleController_AddDeviceToWhiteList
                0x00004f70       0x40 C:\Program Files (x86)\Cypress\PSoC Creator\3.1\PSoC Creator\psoc\content\cycomponentlibrary\CyComponentLibrary.cylib\BLE_v1_20\Library\gccCyBLEStack_BLE_SOC_PERIPHERAL.a(CyBleControllerIP_Interface.o)
                0x00004f70                CyBleController_AddDeviceToWhiteList

i.CyBleController_ClearWhiteList
                0x00004fb0       0x1a
 i.CyBleController_ClearWhiteList
                0x00004fb0       0x1a C:\Program Files (x86)\Cypress\PSoC Creator\3.1\PSoC Creator\psoc\content\cycomponentlibrary\CyComponentLibrary.cylib\BLE_v1_20\Library\gccCyBLEStack_BLE_SOC_PERIPHERAL.a(CyBleControllerIP_Interface.o)
                0x00004fb0                CyBleController_ClearWhiteList

i.CyBleController_EnterLowPowerMode
                0x00004fca       0x2c
 i.CyBleController_EnterLowPowerMode
                0x00004fca       0x2c C:\Program Files (x86)\Cypress\PSoC Creator\3.1\PSoC Creator\psoc\content\cycomponentlibrary\CyComponentLibrary.cylib\BLE_v1_20\Library\gccCyBLEStack_BLE_SOC_PERIPHERAL.a(CyBleControllerIP_Interface.o)
                0x00004fca                CyBleController_EnterLowPowerMode

i.CyBleController_ExitLowPowerMode
                0x00004ff6       0x10
 i.CyBleController_ExitLowPowerMode
                0x00004ff6       0x10 C:\Program Files (x86)\Cypress\PSoC Creator\3.1\PSoC Creator\psoc\content\cycomponentlibrary\CyComponentLibrary.cylib\BLE_v1_20\Library\gccCyBLEStack_BLE_SOC_PERIPHERAL.a(CyBleControllerIP_Interface.o)
                0x00004ff6                CyBleController_ExitLowPowerMode

i.CyBleController_Init
                0x00005008       0x3c
 i.CyBleController_Init
                0x00005008       0x3c C:\Program Files (x86)\Cypress\PSoC Creator\3.1\PSoC Creator\psoc\content\cycomponentlibrary\CyComponentLibrary.cylib\BLE_v1_20\Library\gccCyBLEStack_BLE_SOC_PERIPHERAL.a(CyBleControllerIP_Interface.o)
                0x00005008                CyBleController_Init

i.CyBleController_RemoveDeviceFromWhiteList
                0x00005044       0x38
 i.CyBleController_RemoveDeviceFromWhiteList
                0x00005044       0x38 C:\Program Files (x86)\Cypress\PSoC Creator\3.1\PSoC Creator\psoc\content\cycomponentlibrary\CyComponentLibrary.cylib\BLE_v1_20\Library\gccCyBLEStack_BLE_SOC_PERIPHERAL.a(CyBleControllerIP_Interface.o)
                0x00005044                CyBleController_RemoveDeviceFromWhiteList

i.CyBleController_SetDeviceAddress
                0x0000507c       0x2e
 i.CyBleController_SetDeviceAddress
                0x0000507c       0x2e C:\Program Files (x86)\Cypress\PSoC Creator\3.1\PSoC Creator\psoc\content\cycomponentlibrary\CyComponentLibrary.cylib\BLE_v1_20\Library\gccCyBLEStack_BLE_SOC_PERIPHERAL.a(CyBleControllerIP_Interface.o)
                0x0000507c                CyBleController_SetDeviceAddress

i.CyBle_GetBleSsState
                0x000050aa       0x10
 i.CyBle_GetBleSsState
                0x000050aa       0x10 C:\Program Files (x86)\Cypress\PSoC Creator\3.1\PSoC Creator\psoc\content\cycomponentlibrary\CyComponentLibrary.cylib\BLE_v1_20\Library\gccCyBLEStack_BLE_SOC_PERIPHERAL.a(CyBleControllerIP_Interface.o)
                0x000050aa                CyBle_GetBleSsState

i.CyBle_GetTxPowerLevel
                0x000050ba       0x4e
 i.CyBle_GetTxPowerLevel
                0x000050ba       0x4e C:\Program Files (x86)\Cypress\PSoC Creator\3.1\PSoC Creator\psoc\content\cycomponentlibrary\CyComponentLibrary.cylib\BLE_v1_20\Library\gccCyBLEStack_BLE_SOC_PERIPHERAL.a(CyBleControllerIP_Interface.o)
                0x000050ba                CyBle_GetTxPowerLevel

i.CyBle_SetTxPowerLevel
                0x00005108       0x56
 i.CyBle_SetTxPowerLevel
                0x00005108       0x56 C:\Program Files (x86)\Cypress\PSoC Creator\3.1\PSoC Creator\psoc\content\cycomponentlibrary\CyComponentLibrary.cylib\BLE_v1_20\Library\gccCyBLEStack_BLE_SOC_PERIPHERAL.a(CyBleControllerIP_Interface.o)
                0x00005108                CyBle_SetTxPowerLevel

i.CyBle_isFlashWriteAllowed
                0x00005160       0x34
 i.CyBle_isFlashWriteAllowed
                0x00005160       0x34 C:\Program Files (x86)\Cypress\PSoC Creator\3.1\PSoC Creator\psoc\content\cycomponentlibrary\CyComponentLibrary.cylib\BLE_v1_20\Library\gccCyBLEStack_BLE_SOC_PERIPHERAL.a(CyBleControllerIP_Interface.o)
                0x00005160                CyBle_isFlashWriteAllowed

i.ll_check_and_mark_packet_ready_for_transmission
                0x00005194       0x28
 i.ll_check_and_mark_packet_ready_for_transmission
                0x00005194       0x28 C:\Program Files (x86)\Cypress\PSoC Creator\3.1\PSoC Creator\psoc\content\cycomponentlibrary\CyComponentLibrary.cylib\BLE_v1_20\Library\gccCyBLEStack_BLE_SOC_PERIPHERAL.a(ll.o)
                0x00005194                ll_check_and_mark_packet_ready_for_transmission

i.ll_cleanup_pending_data_pdu
                0x000051bc       0x38
 i.ll_cleanup_pending_data_pdu
                0x000051bc       0x38 C:\Program Files (x86)\Cypress\PSoC Creator\3.1\PSoC Creator\psoc\content\cycomponentlibrary\CyComponentLibrary.cylib\BLE_v1_20\Library\gccCyBLEStack_BLE_SOC_PERIPHERAL.a(ll.o)
                0x000051bc                ll_cleanup_pending_data_pdu

i.ll_enter_dsm_mode
                0x000051f4      0x1a4
 i.ll_enter_dsm_mode
                0x000051f4      0x1a4 C:\Program Files (x86)\Cypress\PSoC Creator\3.1\PSoC Creator\psoc\content\cycomponentlibrary\CyComponentLibrary.cylib\BLE_v1_20\Library\gccCyBLEStack_BLE_SOC_PERIPHERAL.a(ll.o)
                0x000051f4                ll_enter_dsm_mode

i.ll_enter_hibernate_mode
                0x00005398       0x28
 i.ll_enter_hibernate_mode
                0x00005398       0x28 C:\Program Files (x86)\Cypress\PSoC Creator\3.1\PSoC Creator\psoc\content\cycomponentlibrary\CyComponentLibrary.cylib\BLE_v1_20\Library\gccCyBLEStack_BLE_SOC_PERIPHERAL.a(ll.o)
                0x00005398                ll_enter_hibernate_mode

i.ll_enter_sm_mode
                0x000053c0       0x60
 i.ll_enter_sm_mode
                0x000053c0       0x60 C:\Program Files (x86)\Cypress\PSoC Creator\3.1\PSoC Creator\psoc\content\cycomponentlibrary\CyComponentLibrary.cylib\BLE_v1_20\Library\gccCyBLEStack_BLE_SOC_PERIPHERAL.a(ll.o)
                0x000053c0                ll_enter_sm_mode

i.ll_exit_low_power_mode
                0x00005420       0xac
 i.ll_exit_low_power_mode
                0x00005420       0xac C:\Program Files (x86)\Cypress\PSoC Creator\3.1\PSoC Creator\psoc\content\cycomponentlibrary\CyComponentLibrary.cylib\BLE_v1_20\Library\gccCyBLEStack_BLE_SOC_PERIPHERAL.a(ll.o)
                0x00005420                ll_exit_low_power_mode

i.ll_get_ack_status
                0x000054cc       0x3c
 i.ll_get_ack_status
                0x000054cc       0x3c C:\Program Files (x86)\Cypress\PSoC Creator\3.1\PSoC Creator\psoc\content\cycomponentlibrary\CyComponentLibrary.cylib\BLE_v1_20\Library\gccCyBLEStack_BLE_SOC_PERIPHERAL.a(ll.o)
                0x000054cc                ll_get_ack_status

i.ll_get_ack_status_for_all_connections
                0x00005508       0x34
 i.ll_get_ack_status_for_all_connections
                0x00005508       0x34 C:\Program Files (x86)\Cypress\PSoC Creator\3.1\PSoC Creator\psoc\content\cycomponentlibrary\CyComponentLibrary.cylib\BLE_v1_20\Library\gccCyBLEStack_BLE_SOC_PERIPHERAL.a(ll.o)
                0x00005508                ll_get_ack_status_for_all_connections

i.ll_get_adv_ch_tx_power
                0x0000553c       0x20
 i.ll_get_adv_ch_tx_power
                0x0000553c       0x20 C:\Program Files (x86)\Cypress\PSoC Creator\3.1\PSoC Creator\psoc\content\cycomponentlibrary\CyComponentLibrary.cylib\BLE_v1_20\Library\gccCyBLEStack_BLE_SOC_PERIPHERAL.a(ll.o)
                0x0000553c                ll_get_adv_ch_tx_power

i.ll_get_data_channel_map
                0x0000555c       0x24
 i.ll_get_data_channel_map
                0x0000555c       0x24 C:\Program Files (x86)\Cypress\PSoC Creator\3.1\PSoC Creator\psoc\content\cycomponentlibrary\CyComponentLibrary.cylib\BLE_v1_20\Library\gccCyBLEStack_BLE_SOC_PERIPHERAL.a(ll.o)
                0x0000555c                ll_get_data_channel_map

i.ll_get_max_white_list_size
                0x00005580        0xc
 i.ll_get_max_white_list_size
                0x00005580        0xc C:\Program Files (x86)\Cypress\PSoC Creator\3.1\PSoC Creator\psoc\content\cycomponentlibrary\CyComponentLibrary.cylib\BLE_v1_20\Library\gccCyBLEStack_BLE_SOC_PERIPHERAL.a(ll.o)
                0x00005580                ll_get_max_white_list_size

i.ll_get_my_role
                0x0000558c        0xc
 i.ll_get_my_role
                0x0000558c        0xc C:\Program Files (x86)\Cypress\PSoC Creator\3.1\PSoC Creator\psoc\content\cycomponentlibrary\CyComponentLibrary.cylib\BLE_v1_20\Library\gccCyBLEStack_BLE_SOC_PERIPHERAL.a(ll.o)
                0x0000558c                ll_get_my_role

i.ll_get_next_available_fifo_for_data_pdu
                0x00005598        0x8
 i.ll_get_next_available_fifo_for_data_pdu
                0x00005598        0x8 C:\Program Files (x86)\Cypress\PSoC Creator\3.1\PSoC Creator\psoc\content\cycomponentlibrary\CyComponentLibrary.cylib\BLE_v1_20\Library\gccCyBLEStack_BLE_SOC_PERIPHERAL.a(ll.o)
                0x00005598                ll_get_next_available_fifo_for_data_pdu

i.ll_get_next_available_fifo_for_ll_pdu
                0x000055a0       0x24
 i.ll_get_next_available_fifo_for_ll_pdu
                0x000055a0       0x24 C:\Program Files (x86)\Cypress\PSoC Creator\3.1\PSoC Creator\psoc\content\cycomponentlibrary\CyComponentLibrary.cylib\BLE_v1_20\Library\gccCyBLEStack_BLE_SOC_PERIPHERAL.a(ll.o)
                0x000055a0                ll_get_next_available_fifo_for_ll_pdu

i.ll_get_rssi_value
                0x000055c4       0x26
 i.ll_get_rssi_value
                0x000055c4       0x26 C:\Program Files (x86)\Cypress\PSoC Creator\3.1\PSoC Creator\psoc\content\cycomponentlibrary\CyComponentLibrary.cylib\BLE_v1_20\Library\gccCyBLEStack_BLE_SOC_PERIPHERAL.a(ll.o)
                0x000055c4                ll_get_rssi_value

i.ll_get_transmit_power_level
                0x000055ec       0x2c
 i.ll_get_transmit_power_level
                0x000055ec       0x2c C:\Program Files (x86)\Cypress\PSoC Creator\3.1\PSoC Creator\psoc\content\cycomponentlibrary\CyComponentLibrary.cylib\BLE_v1_20\Library\gccCyBLEStack_BLE_SOC_PERIPHERAL.a(ll.o)
                0x000055ec                ll_get_transmit_power_level

i.ll_handle_ack_received
                0x00005618       0x74
 i.ll_handle_ack_received
                0x00005618       0x74 C:\Program Files (x86)\Cypress\PSoC Creator\3.1\PSoC Creator\psoc\content\cycomponentlibrary\CyComponentLibrary.cylib\BLE_v1_20\Library\gccCyBLEStack_BLE_SOC_PERIPHERAL.a(ll.o)
                0x00005618                ll_handle_ack_received

i.ll_handle_add_device_in_whitelist
                0x0000568c       0x3a
 i.ll_handle_add_device_in_whitelist
                0x0000568c       0x3a C:\Program Files (x86)\Cypress\PSoC Creator\3.1\PSoC Creator\psoc\content\cycomponentlibrary\CyComponentLibrary.cylib\BLE_v1_20\Library\gccCyBLEStack_BLE_SOC_PERIPHERAL.a(ll.o)
                0x0000568c                ll_handle_add_device_in_whitelist

i.ll_handle_clear_whitelist
                0x000056c6       0x16
 i.ll_handle_clear_whitelist
                0x000056c6       0x16 C:\Program Files (x86)\Cypress\PSoC Creator\3.1\PSoC Creator\psoc\content\cycomponentlibrary\CyComponentLibrary.cylib\BLE_v1_20\Library\gccCyBLEStack_BLE_SOC_PERIPHERAL.a(ll.o)
                0x000056c6                ll_handle_clear_whitelist

i.ll_handle_encrypt_host_data
                0x000056dc       0x36
 i.ll_handle_encrypt_host_data
                0x000056dc       0x36 C:\Program Files (x86)\Cypress\PSoC Creator\3.1\PSoC Creator\psoc\content\cycomponentlibrary\CyComponentLibrary.cylib\BLE_v1_20\Library\gccCyBLEStack_BLE_SOC_PERIPHERAL.a(ll.o)
                0x000056dc                ll_handle_encrypt_host_data

i.ll_handle_host_data_packet
                0x00005712       0x54
 i.ll_handle_host_data_packet
                0x00005712       0x54 C:\Program Files (x86)\Cypress\PSoC Creator\3.1\PSoC Creator\psoc\content\cycomponentlibrary\CyComponentLibrary.cylib\BLE_v1_20\Library\gccCyBLEStack_BLE_SOC_PERIPHERAL.a(ll.o)
                0x00005712                ll_handle_host_data_packet

i.ll_handle_read_host_channel_map
                0x00005766        0x4
 i.ll_handle_read_host_channel_map
                0x00005766        0x4 C:\Program Files (x86)\Cypress\PSoC Creator\3.1\PSoC Creator\psoc\content\cycomponentlibrary\CyComponentLibrary.cylib\BLE_v1_20\Library\gccCyBLEStack_BLE_SOC_PERIPHERAL.a(ll.o)
                0x00005766                ll_handle_read_host_channel_map

i.ll_handle_remove_device_in_whitelist
                0x0000576a       0x2a
 i.ll_handle_remove_device_in_whitelist
                0x0000576a       0x2a C:\Program Files (x86)\Cypress\PSoC Creator\3.1\PSoC Creator\psoc\content\cycomponentlibrary\CyComponentLibrary.cylib\BLE_v1_20\Library\gccCyBLEStack_BLE_SOC_PERIPHERAL.a(ll.o)
                0x0000576a                ll_handle_remove_device_in_whitelist

i.ll_handle_reset
                0x00005794        0xe
 i.ll_handle_reset
                0x00005794        0xe C:\Program Files (x86)\Cypress\PSoC Creator\3.1\PSoC Creator\psoc\content\cycomponentlibrary\CyComponentLibrary.cylib\BLE_v1_20\Library\gccCyBLEStack_BLE_SOC_PERIPHERAL.a(ll.o)
                0x00005794                ll_handle_reset

i.ll_handle_set_random_address
                0x000057a2       0x36
 i.ll_handle_set_random_address
                0x000057a2       0x36 C:\Program Files (x86)\Cypress\PSoC Creator\3.1\PSoC Creator\psoc\content\cycomponentlibrary\CyComponentLibrary.cylib\BLE_v1_20\Library\gccCyBLEStack_BLE_SOC_PERIPHERAL.a(ll.o)
                0x000057a2                ll_handle_set_random_address

i.ll_init       0x000057d8       0x18
 i.ll_init      0x000057d8       0x18 C:\Program Files (x86)\Cypress\PSoC Creator\3.1\PSoC Creator\psoc\content\cycomponentlibrary\CyComponentLibrary.cylib\BLE_v1_20\Library\gccCyBLEStack_BLE_SOC_PERIPHERAL.a(ll.o)
                0x000057d8                ll_init

i.ll_initialize_device_attributes
                0x000057f0       0x4c
 i.ll_initialize_device_attributes
                0x000057f0       0x4c C:\Program Files (x86)\Cypress\PSoC Creator\3.1\PSoC Creator\psoc\content\cycomponentlibrary\CyComponentLibrary.cylib\BLE_v1_20\Library\gccCyBLEStack_BLE_SOC_PERIPHERAL.a(ll.o)
                0x000057f0                ll_initialize_device_attributes

i.ll_is_pkt_pending
                0x0000583c       0x2a
 i.ll_is_pkt_pending
                0x0000583c       0x2a C:\Program Files (x86)\Cypress\PSoC Creator\3.1\PSoC Creator\psoc\content\cycomponentlibrary\CyComponentLibrary.cylib\BLE_v1_20\Library\gccCyBLEStack_BLE_SOC_PERIPHERAL.a(ll.o)
                0x0000583c                ll_is_pkt_pending

i.ll_is_sent_pkt_pending
                0x00005866       0x1a
 i.ll_is_sent_pkt_pending
                0x00005866       0x1a C:\Program Files (x86)\Cypress\PSoC Creator\3.1\PSoC Creator\psoc\content\cycomponentlibrary\CyComponentLibrary.cylib\BLE_v1_20\Library\gccCyBLEStack_BLE_SOC_PERIPHERAL.a(ll.o)
                0x00005866                ll_is_sent_pkt_pending

i.ll_isr_exit_low_power_mode
                0x00005880       0x16
 i.ll_isr_exit_low_power_mode
                0x00005880       0x16 C:\Program Files (x86)\Cypress\PSoC Creator\3.1\PSoC Creator\psoc\content\cycomponentlibrary\CyComponentLibrary.cylib\BLE_v1_20\Library\gccCyBLEStack_BLE_SOC_PERIPHERAL.a(ll.o)
                0x00005880                ll_isr_exit_low_power_mode

i.ll_load_host_data_packet
                0x00005896       0x4a
 i.ll_load_host_data_packet
                0x00005896       0x4a C:\Program Files (x86)\Cypress\PSoC Creator\3.1\PSoC Creator\psoc\content\cycomponentlibrary\CyComponentLibrary.cylib\BLE_v1_20\Library\gccCyBLEStack_BLE_SOC_PERIPHERAL.a(ll.o)
                0x00005896                ll_load_host_data_packet

i.ll_load_packet_to_fifo
                0x000058e0       0x6e
 i.ll_load_packet_to_fifo
                0x000058e0       0x6e C:\Program Files (x86)\Cypress\PSoC Creator\3.1\PSoC Creator\psoc\content\cycomponentlibrary\CyComponentLibrary.cylib\BLE_v1_20\Library\gccCyBLEStack_BLE_SOC_PERIPHERAL.a(ll.o)
                0x000058e0                ll_load_packet_to_fifo

i.ll_process_acks
                0x0000594e       0x3c
 i.ll_process_acks
                0x0000594e       0x3c C:\Program Files (x86)\Cypress\PSoC Creator\3.1\PSoC Creator\psoc\content\cycomponentlibrary\CyComponentLibrary.cylib\BLE_v1_20\Library\gccCyBLEStack_BLE_SOC_PERIPHERAL.a(ll.o)
                0x0000594e                ll_process_acks

i.ll_reset      0x0000598a       0x12
 i.ll_reset     0x0000598a       0x12 C:\Program Files (x86)\Cypress\PSoC Creator\3.1\PSoC Creator\psoc\content\cycomponentlibrary\CyComponentLibrary.cylib\BLE_v1_20\Library\gccCyBLEStack_BLE_SOC_PERIPHERAL.a(ll.o)
                0x0000598a                ll_reset

i.ll_update_active_features
                0x0000599c       0x58
 i.ll_update_active_features
                0x0000599c       0x58 C:\Program Files (x86)\Cypress\PSoC Creator\3.1\PSoC Creator\psoc\content\cycomponentlibrary\CyComponentLibrary.cylib\BLE_v1_20\Library\gccCyBLEStack_BLE_SOC_PERIPHERAL.a(ll.o)
                0x0000599c                ll_update_active_features

i.ll_update_device_fsm
                0x000059f4        0x8
 i.ll_update_device_fsm
                0x000059f4        0x8 C:\Program Files (x86)\Cypress\PSoC Creator\3.1\PSoC Creator\psoc\content\cycomponentlibrary\CyComponentLibrary.cylib\BLE_v1_20\Library\gccCyBLEStack_BLE_SOC_PERIPHERAL.a(ll.o)
                0x000059f4                ll_update_device_fsm

i.pf_le_start_timer
                0x000059fc       0x16
 i.pf_le_start_timer
                0x000059fc       0x16 C:\Program Files (x86)\Cypress\PSoC Creator\3.1\PSoC Creator\psoc\content\cycomponentlibrary\CyComponentLibrary.cylib\BLE_v1_20\Library\gccCyBLEStack_BLE_SOC_PERIPHERAL.a(ll.o)
                0x000059fc                pf_le_start_timer

i.pf_le_stop_timer
                0x00005a12       0x12
 i.pf_le_stop_timer
                0x00005a12       0x12 C:\Program Files (x86)\Cypress\PSoC Creator\3.1\PSoC Creator\psoc\content\cycomponentlibrary\CyComponentLibrary.cylib\BLE_v1_20\Library\gccCyBLEStack_BLE_SOC_PERIPHERAL.a(ll.o)
                0x00005a12                pf_le_stop_timer

i.CyBleControllerIP_TuneAdvEventInterPktSlots
                0x00005a24       0x44
 i.CyBleControllerIP_TuneAdvEventInterPktSlots
                0x00005a24       0x44 C:\Program Files (x86)\Cypress\PSoC Creator\3.1\PSoC Creator\psoc\content\cycomponentlibrary\CyComponentLibrary.cylib\BLE_v1_20\Library\gccCyBLEStack_BLE_SOC_PERIPHERAL.a(ll_advertiser.o)
                0x00005a24                CyBleControllerIP_TuneAdvEventInterPktSlots

i.ll_adv_is_configured_connection_adv
                0x00005a68       0x1e
 i.ll_adv_is_configured_connection_adv
                0x00005a68       0x1e C:\Program Files (x86)\Cypress\PSoC Creator\3.1\PSoC Creator\psoc\content\cycomponentlibrary\CyComponentLibrary.cylib\BLE_v1_20\Library\gccCyBLEStack_BLE_SOC_PERIPHERAL.a(ll_advertiser.o)
                0x00005a68                ll_adv_is_configured_connection_adv

i.ll_check_random_address_in_use_by_advertiser
                0x00005a86       0x10
 i.ll_check_random_address_in_use_by_advertiser
                0x00005a86       0x10 C:\Program Files (x86)\Cypress\PSoC Creator\3.1\PSoC Creator\psoc\content\cycomponentlibrary\CyComponentLibrary.cylib\BLE_v1_20\Library\gccCyBLEStack_BLE_SOC_PERIPHERAL.a(ll_advertiser.o)
                0x00005a86                ll_check_random_address_in_use_by_advertiser

i.ll_check_whitelist_in_use_by_advertiser
                0x00005a96       0x10
 i.ll_check_whitelist_in_use_by_advertiser
                0x00005a96       0x10 C:\Program Files (x86)\Cypress\PSoC Creator\3.1\PSoC Creator\psoc\content\cycomponentlibrary\CyComponentLibrary.cylib\BLE_v1_20\Library\gccCyBLEStack_BLE_SOC_PERIPHERAL.a(ll_advertiser.o)
                0x00005a96                ll_check_whitelist_in_use_by_advertiser

i.ll_get_adv_status
                0x00005aa6        0xc
 i.ll_get_adv_status
                0x00005aa6        0xc C:\Program Files (x86)\Cypress\PSoC Creator\3.1\PSoC Creator\psoc\content\cycomponentlibrary\CyComponentLibrary.cylib\BLE_v1_20\Library\gccCyBLEStack_BLE_SOC_PERIPHERAL.a(ll_advertiser.o)
                0x00005aa6                ll_get_adv_status

i.ll_get_adv_type
                0x00005ab2       0x16
 i.ll_get_adv_type
                0x00005ab2       0x16 C:\Program Files (x86)\Cypress\PSoC Creator\3.1\PSoC Creator\psoc\content\cycomponentlibrary\CyComponentLibrary.cylib\BLE_v1_20\Library\gccCyBLEStack_BLE_SOC_PERIPHERAL.a(ll_advertiser.o)
                0x00005ab2                ll_get_adv_type

i.ll_handle_adv_intr
                0x00005ac8       0x50
 i.ll_handle_adv_intr
                0x00005ac8       0x50 C:\Program Files (x86)\Cypress\PSoC Creator\3.1\PSoC Creator\psoc\content\cycomponentlibrary\CyComponentLibrary.cylib\BLE_v1_20\Library\gccCyBLEStack_BLE_SOC_PERIPHERAL.a(ll_advertiser.o)
                0x00005ac8                ll_handle_adv_intr

i.ll_handle_set_adv_data
                0x00005b18       0x14
 i.ll_handle_set_adv_data
                0x00005b18       0x14 C:\Program Files (x86)\Cypress\PSoC Creator\3.1\PSoC Creator\psoc\content\cycomponentlibrary\CyComponentLibrary.cylib\BLE_v1_20\Library\gccCyBLEStack_BLE_SOC_PERIPHERAL.a(ll_advertiser.o)
                0x00005b18                ll_handle_set_adv_data

i.ll_handle_set_adv_parameters
                0x00005b2c       0x84
 i.ll_handle_set_adv_parameters
                0x00005b2c       0x84 C:\Program Files (x86)\Cypress\PSoC Creator\3.1\PSoC Creator\psoc\content\cycomponentlibrary\CyComponentLibrary.cylib\BLE_v1_20\Library\gccCyBLEStack_BLE_SOC_PERIPHERAL.a(ll_advertiser.o)
                0x00005b2c                ll_handle_set_adv_parameters

i.ll_handle_set_advertise_enable
                0x00005bb0       0x70
 i.ll_handle_set_advertise_enable
                0x00005bb0       0x70 C:\Program Files (x86)\Cypress\PSoC Creator\3.1\PSoC Creator\psoc\content\cycomponentlibrary\CyComponentLibrary.cylib\BLE_v1_20\Library\gccCyBLEStack_BLE_SOC_PERIPHERAL.a(ll_advertiser.o)
                0x00005bb0                ll_handle_set_advertise_enable

i.ll_handle_set_scan_resp_data
                0x00005c20       0x14
 i.ll_handle_set_scan_resp_data
                0x00005c20       0x14 C:\Program Files (x86)\Cypress\PSoC Creator\3.1\PSoC Creator\psoc\content\cycomponentlibrary\CyComponentLibrary.cylib\BLE_v1_20\Library\gccCyBLEStack_BLE_SOC_PERIPHERAL.a(ll_advertiser.o)
                0x00005c20                ll_handle_set_scan_resp_data

i.ll_init_advertiser
                0x00005c34       0x68
 i.ll_init_advertiser
                0x00005c34       0x68 C:\Program Files (x86)\Cypress\PSoC Creator\3.1\PSoC Creator\psoc\content\cycomponentlibrary\CyComponentLibrary.cylib\BLE_v1_20\Library\gccCyBLEStack_BLE_SOC_PERIPHERAL.a(ll_advertiser.o)
                0x00005c34                ll_init_advertiser

i.is_le_connection_handle
                0x00005c9c       0x28
 i.is_le_connection_handle
                0x00005c9c       0x28 C:\Program Files (x86)\Cypress\PSoC Creator\3.1\PSoC Creator\psoc\content\cycomponentlibrary\CyComponentLibrary.cylib\BLE_v1_20\Library\gccCyBLEStack_BLE_SOC_PERIPHERAL.a(ll_connection.o)
                0x00005c9c                is_le_connection_handle

i.le_assign_connection_handle
                0x00005cc4       0x28
 i.le_assign_connection_handle
                0x00005cc4       0x28 C:\Program Files (x86)\Cypress\PSoC Creator\3.1\PSoC Creator\psoc\content\cycomponentlibrary\CyComponentLibrary.cylib\BLE_v1_20\Library\gccCyBLEStack_BLE_SOC_PERIPHERAL.a(ll_connection.o)
                0x00005cc4                le_assign_connection_handle

i.le_get_connection_index
                0x00005cec        0x6
 i.le_get_connection_index
                0x00005cec        0x6 C:\Program Files (x86)\Cypress\PSoC Creator\3.1\PSoC Creator\psoc\content\cycomponentlibrary\CyComponentLibrary.cylib\BLE_v1_20\Library\gccCyBLEStack_BLE_SOC_PERIPHERAL.a(ll_connection.o)
                0x00005cec                le_get_connection_index

i.ll_allocate_connection
                0x00005cf4       0x44
 i.ll_allocate_connection
                0x00005cf4       0x44 C:\Program Files (x86)\Cypress\PSoC Creator\3.1\PSoC Creator\psoc\content\cycomponentlibrary\CyComponentLibrary.cylib\BLE_v1_20\Library\gccCyBLEStack_BLE_SOC_PERIPHERAL.a(ll_connection.o)
                0x00005cf4                ll_allocate_connection

i.ll_calculate_and_program_def_win_widen_drift
                0x00005d38       0x14
 i.ll_calculate_and_program_def_win_widen_drift
                0x00005d38       0x14 C:\Program Files (x86)\Cypress\PSoC Creator\3.1\PSoC Creator\psoc\content\cycomponentlibrary\CyComponentLibrary.cylib\BLE_v1_20\Library\gccCyBLEStack_BLE_SOC_PERIPHERAL.a(ll_connection.o)
                0x00005d38                ll_calculate_and_program_def_win_widen_drift

i.ll_calculate_drift
                0x00005d4c       0x2c
 i.ll_calculate_drift
                0x00005d4c       0x2c C:\Program Files (x86)\Cypress\PSoC Creator\3.1\PSoC Creator\psoc\content\cycomponentlibrary\CyComponentLibrary.cylib\BLE_v1_20\Library\gccCyBLEStack_BLE_SOC_PERIPHERAL.a(ll_connection.o)
                0x00005d4c                ll_calculate_drift

i.ll_check_and_decrypt_ll_pdu
                0x00005d78       0x68
 i.ll_check_and_decrypt_ll_pdu
                0x00005d78       0x68 C:\Program Files (x86)\Cypress\PSoC Creator\3.1\PSoC Creator\psoc\content\cycomponentlibrary\CyComponentLibrary.cylib\BLE_v1_20\Library\gccCyBLEStack_BLE_SOC_PERIPHERAL.a(ll_connection.o)
                0x00005d78                ll_check_and_decrypt_ll_pdu

i.ll_check_and_decrypt_packet
                0x00005de0       0x6a
 i.ll_check_and_decrypt_packet
                0x00005de0       0x6a C:\Program Files (x86)\Cypress\PSoC Creator\3.1\PSoC Creator\psoc\content\cycomponentlibrary\CyComponentLibrary.cylib\BLE_v1_20\Library\gccCyBLEStack_BLE_SOC_PERIPHERAL.a(ll_connection.o)
                0x00005de0                ll_check_and_decrypt_packet

i.ll_check_and_encrypt_ll_pdu
                0x00005e4a       0x72
 i.ll_check_and_encrypt_ll_pdu
                0x00005e4a       0x72 C:\Program Files (x86)\Cypress\PSoC Creator\3.1\PSoC Creator\psoc\content\cycomponentlibrary\CyComponentLibrary.cylib\BLE_v1_20\Library\gccCyBLEStack_BLE_SOC_PERIPHERAL.a(ll_connection.o)
                0x00005e4a                ll_check_and_encrypt_ll_pdu

i.ll_check_and_encrypt_packet
                0x00005ebc       0x8a
 i.ll_check_and_encrypt_packet
                0x00005ebc       0x8a C:\Program Files (x86)\Cypress\PSoC Creator\3.1\PSoC Creator\psoc\content\cycomponentlibrary\CyComponentLibrary.cylib\BLE_v1_20\Library\gccCyBLEStack_BLE_SOC_PERIPHERAL.a(ll_connection.o)
                0x00005ebc                ll_check_and_encrypt_packet

i.ll_check_for_allowing_incoming_connection_update
                0x00005f46       0x42
 i.ll_check_for_allowing_incoming_connection_update
                0x00005f46       0x42 C:\Program Files (x86)\Cypress\PSoC Creator\3.1\PSoC Creator\psoc\content\cycomponentlibrary\CyComponentLibrary.cylib\BLE_v1_20\Library\gccCyBLEStack_BLE_SOC_PERIPHERAL.a(ll_connection.o)
                0x00005f46                ll_check_for_allowing_incoming_connection_update

i.ll_check_if_pdu_is_loaded_to_hardware
                0x00005f88       0x1c
 i.ll_check_if_pdu_is_loaded_to_hardware
                0x00005f88       0x1c C:\Program Files (x86)\Cypress\PSoC Creator\3.1\PSoC Creator\psoc\content\cycomponentlibrary\CyComponentLibrary.cylib\BLE_v1_20\Library\gccCyBLEStack_BLE_SOC_PERIPHERAL.a(ll_connection.o)
                0x00005f88                ll_check_if_pdu_is_loaded_to_hardware

i.ll_check_random_address_in_use_by_initiator
                0x00005fa4       0x30
 i.ll_check_random_address_in_use_by_initiator
                0x00005fa4       0x30 C:\Program Files (x86)\Cypress\PSoC Creator\3.1\PSoC Creator\psoc\content\cycomponentlibrary\CyComponentLibrary.cylib\BLE_v1_20\Library\gccCyBLEStack_BLE_SOC_PERIPHERAL.a(ll_connection.o)
                0x00005fa4                ll_check_random_address_in_use_by_initiator

i.ll_check_white_list_in_use_by_initiator
                0x00005fd4       0x30
 i.ll_check_white_list_in_use_by_initiator
                0x00005fd4       0x30 C:\Program Files (x86)\Cypress\PSoC Creator\3.1\PSoC Creator\psoc\content\cycomponentlibrary\CyComponentLibrary.cylib\BLE_v1_20\Library\gccCyBLEStack_BLE_SOC_PERIPHERAL.a(ll_connection.o)
                0x00005fd4                ll_check_white_list_in_use_by_initiator

i.ll_conn_free_enc_txn_buffer
                0x00006004       0x16
 i.ll_conn_free_enc_txn_buffer
                0x00006004       0x16 C:\Program Files (x86)\Cypress\PSoC Creator\3.1\PSoC Creator\psoc\content\cycomponentlibrary\CyComponentLibrary.cylib\BLE_v1_20\Library\gccCyBLEStack_BLE_SOC_PERIPHERAL.a(ll_connection.o)
                0x00006004                ll_conn_free_enc_txn_buffer

i.ll_conn_fsm_update_channel_state
                0x0000601a        0x6
 i.ll_conn_fsm_update_channel_state
                0x0000601a        0x6 C:\Program Files (x86)\Cypress\PSoC Creator\3.1\PSoC Creator\psoc\content\cycomponentlibrary\CyComponentLibrary.cylib\BLE_v1_20\Library\gccCyBLEStack_BLE_SOC_PERIPHERAL.a(ll_connection.o)
                0x0000601a                ll_conn_fsm_update_channel_state

i.ll_conn_fsm_update_conn_update_state
                0x00006020        0x6
 i.ll_conn_fsm_update_conn_update_state
                0x00006020        0x6 C:\Program Files (x86)\Cypress\PSoC Creator\3.1\PSoC Creator\psoc\content\cycomponentlibrary\CyComponentLibrary.cylib\BLE_v1_20\Library\gccCyBLEStack_BLE_SOC_PERIPHERAL.a(ll_connection.o)
                0x00006020                ll_conn_fsm_update_conn_update_state

i.ll_conn_fsm_update_enc_state
                0x00006026        0x6
 i.ll_conn_fsm_update_enc_state
                0x00006026        0x6 C:\Program Files (x86)\Cypress\PSoC Creator\3.1\PSoC Creator\psoc\content\cycomponentlibrary\CyComponentLibrary.cylib\BLE_v1_20\Library\gccCyBLEStack_BLE_SOC_PERIPHERAL.a(ll_connection.o)
                0x00006026                ll_conn_fsm_update_enc_state

i.ll_conn_fsm_update_state
                0x0000602c        0x4
 i.ll_conn_fsm_update_state
                0x0000602c        0x4 C:\Program Files (x86)\Cypress\PSoC Creator\3.1\PSoC Creator\psoc\content\cycomponentlibrary\CyComponentLibrary.cylib\BLE_v1_20\Library\gccCyBLEStack_BLE_SOC_PERIPHERAL.a(ll_connection.o)
                0x0000602c                ll_conn_fsm_update_state

i.ll_conn_handle_data_pdu_from_host_when_data_paused
                0x00006030        0x8
 i.ll_conn_handle_data_pdu_from_host_when_data_paused
                0x00006030        0x8 C:\Program Files (x86)\Cypress\PSoC Creator\3.1\PSoC Creator\psoc\content\cycomponentlibrary\CyComponentLibrary.cylib\BLE_v1_20\Library\gccCyBLEStack_BLE_SOC_PERIPHERAL.a(ll_connection.o)
                0x00006030                ll_conn_handle_data_pdu_from_host_when_data_paused

i.ll_conn_handle_direct_adv_timeout
                0x00006038       0x2a
 i.ll_conn_handle_direct_adv_timeout
                0x00006038       0x2a C:\Program Files (x86)\Cypress\PSoC Creator\3.1\PSoC Creator\psoc\content\cycomponentlibrary\CyComponentLibrary.cylib\BLE_v1_20\Library\gccCyBLEStack_BLE_SOC_PERIPHERAL.a(ll_connection.o)
                0x00006038                ll_conn_handle_direct_adv_timeout

i.ll_conn_handle_ping_timer_expired_interrupt
                0x00006064       0x1c
 i.ll_conn_handle_ping_timer_expired_interrupt
                0x00006064       0x1c C:\Program Files (x86)\Cypress\PSoC Creator\3.1\PSoC Creator\psoc\content\cycomponentlibrary\CyComponentLibrary.cylib\BLE_v1_20\Library\gccCyBLEStack_BLE_SOC_PERIPHERAL.a(ll_connection.o)
                0x00006064                ll_conn_handle_ping_timer_expired_interrupt

i.ll_conn_handle_ping_timer_nearly_expired_interrupt
                0x00006080       0x20
 i.ll_conn_handle_ping_timer_nearly_expired_interrupt
                0x00006080       0x20 C:\Program Files (x86)\Cypress\PSoC Creator\3.1\PSoC Creator\psoc\content\cycomponentlibrary\CyComponentLibrary.cylib\BLE_v1_20\Library\gccCyBLEStack_BLE_SOC_PERIPHERAL.a(ll_connection.o)
                0x00006080                ll_conn_handle_ping_timer_nearly_expired_interrupt

i.ll_conn_handle_stop_connectable_adv
                0x000060a0       0x12
 i.ll_conn_handle_stop_connectable_adv
                0x000060a0       0x12 C:\Program Files (x86)\Cypress\PSoC Creator\3.1\PSoC Creator\psoc\content\cycomponentlibrary\CyComponentLibrary.cylib\BLE_v1_20\Library\gccCyBLEStack_BLE_SOC_PERIPHERAL.a(ll_connection.o)
                0x000060a0                ll_conn_handle_stop_connectable_adv

i.ll_conn_process_pending_transactions
                0x000060b2        0x4
 i.ll_conn_process_pending_transactions
                0x000060b2        0x4 C:\Program Files (x86)\Cypress\PSoC Creator\3.1\PSoC Creator\psoc\content\cycomponentlibrary\CyComponentLibrary.cylib\BLE_v1_20\Library\gccCyBLEStack_BLE_SOC_PERIPHERAL.a(ll_connection.o)
                0x000060b2                ll_conn_process_pending_transactions

i.ll_conn_program_authenticated_payload_timer
                0x000060b8       0x50
 i.ll_conn_program_authenticated_payload_timer
                0x000060b8       0x50 C:\Program Files (x86)\Cypress\PSoC Creator\3.1\PSoC Creator\psoc\content\cycomponentlibrary\CyComponentLibrary.cylib\BLE_v1_20\Library\gccCyBLEStack_BLE_SOC_PERIPHERAL.a(ll_connection.o)
                0x000060b8                ll_conn_program_authenticated_payload_timer

i.ll_conn_read_data_pdu_from_hardware
                0x00006108       0x14
 i.ll_conn_read_data_pdu_from_hardware